Archive member included to satisfy reference by file (symbol)

/opt/st/stm32cubeide_1.18.0/plugins/com.st.stm32cube.ide.mcu.externaltools.gnu-tools-for-stm32.13.3.rel1.linux64_1.0.0.202410170706/tools/bin/../lib/gcc/arm-none-eabi/13.3.1/../../../../arm-none-eabi/lib/thumb/v7e-m+fp/hard/libc_nano.a(libc_a-exit.o)
                              /opt/st/stm32cubeide_1.18.0/plugins/com.st.stm32cube.ide.mcu.externaltools.gnu-tools-for-stm32.13.3.rel1.linux64_1.0.0.202410170706/tools/bin/../lib/gcc/arm-none-eabi/13.3.1/../../../../arm-none-eabi/lib/thumb/v7e-m+fp/hard/crt0.o (exit)
/opt/st/stm32cubeide_1.18.0/plugins/com.st.stm32cube.ide.mcu.externaltools.gnu-tools-for-stm32.13.3.rel1.linux64_1.0.0.202410170706/tools/bin/../lib/gcc/arm-none-eabi/13.3.1/../../../../arm-none-eabi/lib/thumb/v7e-m+fp/hard/libc_nano.a(libc_a-findfp.o)
                              /opt/st/stm32cubeide_1.18.0/plugins/com.st.stm32cube.ide.mcu.externaltools.gnu-tools-for-stm32.13.3.rel1.linux64_1.0.0.202410170706/tools/bin/../lib/gcc/arm-none-eabi/13.3.1/../../../../arm-none-eabi/lib/thumb/v7e-m+fp/hard/libc_nano.a(libc_a-exit.o) (__stdio_exit_handler)
/opt/st/stm32cubeide_1.18.0/plugins/com.st.stm32cube.ide.mcu.externaltools.gnu-tools-for-stm32.13.3.rel1.linux64_1.0.0.202410170706/tools/bin/../lib/gcc/arm-none-eabi/13.3.1/../../../../arm-none-eabi/lib/thumb/v7e-m+fp/hard/libc_nano.a(libc_a-fwalk.o)
                              /opt/st/stm32cubeide_1.18.0/plugins/com.st.stm32cube.ide.mcu.externaltools.gnu-tools-for-stm32.13.3.rel1.linux64_1.0.0.202410170706/tools/bin/../lib/gcc/arm-none-eabi/13.3.1/../../../../arm-none-eabi/lib/thumb/v7e-m+fp/hard/libc_nano.a(libc_a-findfp.o) (_fwalk_sglue)
/opt/st/stm32cubeide_1.18.0/plugins/com.st.stm32cube.ide.mcu.externaltools.gnu-tools-for-stm32.13.3.rel1.linux64_1.0.0.202410170706/tools/bin/../lib/gcc/arm-none-eabi/13.3.1/../../../../arm-none-eabi/lib/thumb/v7e-m+fp/hard/libc_nano.a(libc_a-sprintf.o)
                              ./Core/Src/RTC.o (sprintf)
/opt/st/stm32cubeide_1.18.0/plugins/com.st.stm32cube.ide.mcu.externaltools.gnu-tools-for-stm32.13.3.rel1.linux64_1.0.0.202410170706/tools/bin/../lib/gcc/arm-none-eabi/13.3.1/../../../../arm-none-eabi/lib/thumb/v7e-m+fp/hard/libc_nano.a(libc_a-stdio.o)
                              /opt/st/stm32cubeide_1.18.0/plugins/com.st.stm32cube.ide.mcu.externaltools.gnu-tools-for-stm32.13.3.rel1.linux64_1.0.0.202410170706/tools/bin/../lib/gcc/arm-none-eabi/13.3.1/../../../../arm-none-eabi/lib/thumb/v7e-m+fp/hard/libc_nano.a(libc_a-findfp.o) (__sread)
/opt/st/stm32cubeide_1.18.0/plugins/com.st.stm32cube.ide.mcu.externaltools.gnu-tools-for-stm32.13.3.rel1.linux64_1.0.0.202410170706/tools/bin/../lib/gcc/arm-none-eabi/13.3.1/../../../../arm-none-eabi/lib/thumb/v7e-m+fp/hard/libc_nano.a(libc_a-memset.o)
                              /opt/st/stm32cubeide_1.18.0/plugins/com.st.stm32cube.ide.mcu.externaltools.gnu-tools-for-stm32.13.3.rel1.linux64_1.0.0.202410170706/tools/bin/../lib/gcc/arm-none-eabi/13.3.1/../../../../arm-none-eabi/lib/thumb/v7e-m+fp/hard/crt0.o (memset)
/opt/st/stm32cubeide_1.18.0/plugins/com.st.stm32cube.ide.mcu.externaltools.gnu-tools-for-stm32.13.3.rel1.linux64_1.0.0.202410170706/tools/bin/../lib/gcc/arm-none-eabi/13.3.1/../../../../arm-none-eabi/lib/thumb/v7e-m+fp/hard/libc_nano.a(libc_a-closer.o)
                              /opt/st/stm32cubeide_1.18.0/plugins/com.st.stm32cube.ide.mcu.externaltools.gnu-tools-for-stm32.13.3.rel1.linux64_1.0.0.202410170706/tools/bin/../lib/gcc/arm-none-eabi/13.3.1/../../../../arm-none-eabi/lib/thumb/v7e-m+fp/hard/libc_nano.a(libc_a-stdio.o) (_close_r)
/opt/st/stm32cubeide_1.18.0/plugins/com.st.stm32cube.ide.mcu.externaltools.gnu-tools-for-stm32.13.3.rel1.linux64_1.0.0.202410170706/tools/bin/../lib/gcc/arm-none-eabi/13.3.1/../../../../arm-none-eabi/lib/thumb/v7e-m+fp/hard/libc_nano.a(libc_a-reent.o)
                              /opt/st/stm32cubeide_1.18.0/plugins/com.st.stm32cube.ide.mcu.externaltools.gnu-tools-for-stm32.13.3.rel1.linux64_1.0.0.202410170706/tools/bin/../lib/gcc/arm-none-eabi/13.3.1/../../../../arm-none-eabi/lib/thumb/v7e-m+fp/hard/libc_nano.a(libc_a-closer.o) (errno)
/opt/st/stm32cubeide_1.18.0/plugins/com.st.stm32cube.ide.mcu.externaltools.gnu-tools-for-stm32.13.3.rel1.linux64_1.0.0.202410170706/tools/bin/../lib/gcc/arm-none-eabi/13.3.1/../../../../arm-none-eabi/lib/thumb/v7e-m+fp/hard/libc_nano.a(libc_a-impure.o)
                              /opt/st/stm32cubeide_1.18.0/plugins/com.st.stm32cube.ide.mcu.externaltools.gnu-tools-for-stm32.13.3.rel1.linux64_1.0.0.202410170706/tools/bin/../lib/gcc/arm-none-eabi/13.3.1/../../../../arm-none-eabi/lib/thumb/v7e-m+fp/hard/libc_nano.a(libc_a-sprintf.o) (_impure_ptr)
/opt/st/stm32cubeide_1.18.0/plugins/com.st.stm32cube.ide.mcu.externaltools.gnu-tools-for-stm32.13.3.rel1.linux64_1.0.0.202410170706/tools/bin/../lib/gcc/arm-none-eabi/13.3.1/../../../../arm-none-eabi/lib/thumb/v7e-m+fp/hard/libc_nano.a(libc_a-lseekr.o)
[...]
Memory Configuration

Name             Origin             Length             Attributes
RAM              0x20000000         0x00020000         xrw
FLASH            0x08000000         0x00080000         xr
*default*        0x00000000         0xffffffff

Linker script and memory map

LOAD /opt/st/stm32cubeide_1.18.0/plugins/com.st.stm32cube.ide.mcu.externaltools.gnu-tools-for-stm32.13.3.rel1.linux64_1.0.0.202410170706/tools/bin/../lib/gcc/arm-none-eabi/13.3.1/thumb/v7e-m+fp/hard/crti.o
LOAD /opt/st/stm32cubeide_1.18.0/plugins/com.st.stm32cube.ide.mcu.externaltools.gnu-tools-for-stm32.13.3.rel1.linux64_1.0.0.202410170706/tools/bin/../lib/gcc/arm-none-eabi/13.3.1/thumb/v7e-m+fp/hard/crtbegin.o
LOAD /opt/st/stm32cubeide_1.18.0/plugins/com.st.stm32cube.ide.mcu.externaltools.gnu-tools-for-stm32.13.3.rel1.linux64_1.0.0.202410170706/tools/bin/../lib/gcc/arm-none-eabi/13.3.1/../../../../arm-none-eabi/lib/thumb/v7e-m+fp/hard/crt0.o
LOAD ./Common/third_party/FreeRTOS/croutine.o
LOAD ./Common/third_party/FreeRTOS/event_groups.o
LOAD ./Common/third_party/FreeRTOS/list.o
LOAD ./Common/third_party/FreeRTOS/queue.o
LOAD ./Common/third_party/FreeRTOS/stream_buffer.o
LOAD ./Common/third_party/FreeRTOS/tasks.o
LOAD ./Common/third_party/FreeRTOS/timers.o
LOAD ./Common/third_party/FreeRTOS/portable/GCC/ARM_CM4F/port.o
LOAD ./Common/third_party/FreeRTOS/portable/MemMang/heap_4.o
LOAD ./Core/Src/LedEffect.o
LOAD ./Core/Src/RTC.o
LOAD ./Core/Src/TaskHandlers.o
LOAD ./Core/Src/main.o
LOAD ./Core/Src/stm32f4xx_hal_msp.o
LOAD ./Core/Src/stm32f4xx_hal_timebase_tim.o
LOAD ./Core/Src/stm32f4xx_it.o
LOAD ./Core/Src/syscalls.o
LOAD ./Core/Src/sysmem.o
LOAD ./Core/Src/system_stm32f4xx.o
LOAD ./Core/Startup/startup_stm32f446retx.o
LOAD ./Drivers/STM32F4xx_HAL_Driver/Src/stm32f4xx_hal.o
LOAD ./Drivers/STM32F4xx_HAL_Driver/Src/stm32f4xx_hal_cortex.o
LOAD ./Drivers/STM32F4xx_HAL_Driver/Src/stm32f4xx_hal_dma.o
LOAD ./Drivers/STM32F4xx_HAL_Driver/Src/stm32f4xx_hal_dma_ex.o
LOAD ./Drivers/STM32F4xx_HAL_Driver/Src/stm32f4xx_hal_exti.o
LOAD ./Drivers/STM32F4xx_HAL_Driver/Src/stm32f4xx_hal_flash.o
LOAD ./Drivers/STM32F4xx_HAL_Driver/Src/stm32f4xx_hal_flash_ex.o
LOAD ./Drivers/STM32F4xx_HAL_Driver/Src/stm32f4xx_hal_flash_ramfunc.o
LOAD ./Drivers/STM32F4xx_HAL_Driver/Src/stm32f4xx_hal_gpio.o
LOAD ./Drivers/STM32F4xx_HAL_Driver/Src/stm32f4xx_hal_pwr.o
LOAD ./Drivers/STM32F4xx_HAL_Driver/Src/stm32f4xx_hal_pwr_ex.o
LOAD ./Drivers/STM32F4xx_HAL_Driver/Src/stm32f4xx_hal_rcc.o
LOAD ./Drivers/STM32F4xx_HAL_Driver/Src/stm32f4xx_hal_rcc_ex.o
LOAD ./Drivers/STM32F4xx_HAL_Driver/Src/stm32f4xx_hal_rtc.o
LOAD ./Drivers/STM32F4xx_HAL_Driver/Src/stm32f4xx_hal_rtc_ex.o
LOAD ./Drivers/STM32F4xx_HAL_Driver/Src/stm32f4xx_hal_tim.o
LOAD ./Drivers/STM32F4xx_HAL_Driver/Src/stm32f4xx_hal_tim_ex.o
LOAD ./Drivers/STM32F4xx_HAL_Driver/Src/stm32f4xx_hal_uart.o
START GROUP
LOAD /opt/st/stm32cubeide_1.18.0/plugins/com.st.stm32cube.ide.mcu.externaltools.gnu-tools-for-stm32.13.3.rel1.linux64_1.0.0.202410170706/tools/bin/../lib/gcc/arm-none-eabi/13.3.1/../../../../arm-none-eabi/lib/thumb/v7e-m+fp/hard/libc_nano.a
LOAD /opt/st/stm32cubeide_1.18.0/plugins/com.st.stm32cube.ide.mcu.externaltools.gnu-tools-for-stm32.13.3.rel1.linux64_1.0.0.202410170706/tools/bin/../lib/gcc/arm-none-eabi/13.3.1/../../../../arm-none-eabi/lib/thumb/v7e-m+fp/hard/libm.a
END GROUP
START GROUP
LOAD /opt/st/stm32cubeide_1.18.0/plugins/com.st.stm32cube.ide.mcu.externaltools.gnu-tools-for-stm32.13.3.rel1.linux64_1.0.0.202410170706/tools/bin/../lib/gcc/arm-none-eabi/13.3.1/thumb/v7e-m+fp/hard/libgcc.a
LOAD /opt/st/stm32cubeide_1.18.0/plugins/com.st.stm32cube.ide.mcu.externaltools.gnu-tools-for-stm32.13.3.rel1.linux64_1.0.0.202410170706/tools/bin/../lib/gcc/arm-none-eabi/13.3.1/../../../../arm-none-eabi/lib/thumb/v7e-m+fp/hard/libc_nano.a
END GROUP
START GROUP
LOAD /opt/st/stm32cubeide_1.18.0/plugins/com.st.stm32cube.ide.mcu.externaltools.gnu-tools-for-stm32.13.3.rel1.linux64_1.0.0.202410170706/tools/bin/../lib/gcc/arm-none-eabi/13.3.1/thumb/v7e-m+fp/hard/libgcc.a
LOAD /opt/st/stm32cubeide_1.18.0/plugins/com.st.stm32cube.ide.mcu.externaltools.gnu-tools-for-stm32.13.3.rel1.linux64_1.0.0.202410170706/tools/bin/../lib/gcc/arm-none-eabi/13.3.1/../../../../arm-none-eabi/lib/thumb/v7e-m+fp/hard/libc_nano.a
LOAD /opt/st/stm32cubeide_1.18.0/plugins/com.st.stm32cube.ide.mcu.externaltools.gnu-tools-for-stm32.13.3.rel1.linux64_1.0.0.202410170706/tools/bin/../lib/gcc/arm-none-eabi/13.3.1/../../../../arm-none-eabi/lib/thumb/v7e-m+fp/hard/libnosys.a
END GROUP
START GROUP
LOAD /opt/st/stm32cubeide_1.18.0/plugins/com.st.stm32cube.ide.mcu.externaltools.gnu-tools-for-stm32.13.3.rel1.linux64_1.0.0.202410170706/tools/bin/../lib/gcc/arm-none-eabi/13.3.1/thumb/v7e-m+fp/hard/libgcc.a
LOAD /opt/st/stm32cubeide_1.18.0/plugins/com.st.stm32cube.ide.mcu.externaltools.gnu-tools-for-stm32.13.3.rel1.linux64_1.0.0.202410170706/tools/bin/../lib/gcc/arm-none-eabi/13.3.1/../../../../arm-none-eabi/lib/thumb/v7e-m+fp/hard/libc_nano.a
LOAD /opt/st/stm32cubeide_1.18.0/plugins/com.st.stm32cube.ide.mcu.externaltools.gnu-tools-for-stm32.13.3.rel1.linux64_1.0.0.202410170706/tools/bin/../lib/gcc/arm-none-eabi/13.3.1/../../../../arm-none-eabi/lib/thumb/v7e-m+fp/hard/libnosys.a
END GROUP
LOAD /opt/st/stm32cubeide_1.18.0/plugins/com.st.stm32cube.ide.mcu.externaltools.gnu-tools-for-stm32.13.3.rel1.linux64_1.0.0.202410170706/tools/bin/../lib/gcc/arm-none-eabi/13.3.1/thumb/v7e-m+fp/hard/crtend.o
LOAD /opt/st/stm32cubeide_1.18.0/plugins/com.st.stm32cube.ide.mcu.externaltools.gnu-tools-for-stm32.13.3.rel1.linux64_1.0.0.202410170706/tools/bin/../lib/gcc/arm-none-eabi/13.3.1/thumb/v7e-m+fp/hard/crtn.o
                0x20020000                        _estack = (ORIGIN (RAM) + LENGTH (RAM))
                0x00000200                        _Min_Heap_Size = 0x200
                0x00000400                        _Min_Stack_Size = 0x400

.isr_vector     0x08000000      0x1c4
                0x08000000                        . = ALIGN (0x4)
 *(.isr_vector)
 .isr_vector    0x08000000      0x1c4 ./Core/Startup/startup_stm32f446retx.o
                0x08000000                g_pfnVectors
                0x080001c4                        . = ALIGN (0x4)

.text           0x080001d0     0x75c4
                0x080001d0                        . = ALIGN (0x4)
 *(.text)
 .text          0x080001d0       0x40 /opt/st/stm32cubeide_1.18.0/plugins/com.st.stm32cube.ide.mcu.externaltools.gnu-tools-for-stm32.13.3.rel1.linux64_1.0.0.202410170706/tools/bin/../lib/gcc/arm-none-eabi/13.3.1/thumb/v7e-m+fp/hard/crtbegin.o
 .text          0x08000210       0x14 /opt/st/stm32cubeide_1.18.0/plugins/com.st.stm32cube.ide.mcu.externaltools.gnu-tools-for-stm32.13.3.rel1.linux64_1.0.0.202410170706/tools/bin/../lib/gcc/arm-none-eabi/13.3.1/../../../../arm-none-eabi/lib/thumb/v7e-m+fp/hard/libc_nano.a(libc_a-strcmp.o)
                0x08000210                strcmp
 .text          0x08000224       0x10 /opt/st/stm32cubeide_1.18.0/plugins/com.st.stm32cube.ide.mcu.externaltools.gnu-tools-for-stm32.13.3.rel1.linux64_1.0.0.202410170706/tools/bin/../lib/gcc/arm-none-eabi/13.3.1/../../../../arm-none-eabi/lib/thumb/v7e-m+fp/hard/libc_nano.a(libc_a-strlen.o)
                0x08000224                strlen
 .text          0x08000234       0x30 /opt/st/stm32cubeide_1.18.0/plugins/com.st.stm32cube.ide.mcu.externaltools.gnu-tools-for-stm32.13.3.rel1.linux64_1.0.0.202410170706/tools/bin/../lib/gcc/arm-none-eabi/13.3.1/thumb/v7e-m+fp/hard/libgcc.a(_aeabi_uldivmod.o)
                0x08000234                __aeabi_uldivmod
 .text          0x08000264      0x2f8 /opt/st/stm32cubeide_1.18.0/plugins/com.st.stm32cube.ide.mcu.externaltools.gnu-tools-for-stm32.13.3.rel1.linux64_1.0.0.202410170706/tools/bin/../lib/gcc/arm-none-eabi/13.3.1/thumb/v7e-m+fp/hard/libgcc.a(_udivmoddi4.o)
                0x08000264                __udivmoddi4
 .text          0x0800055c        0x4 /opt/st/stm32cubeide_1.18.0/plugins/com.st.stm32cube.ide.mcu.externaltools.gnu-tools-for-stm32.13.3.rel1.linux64_1.0.0.202410170706/tools/bin/../lib/gcc/arm-none-eabi/13.3.1/thumb/v7e-m+fp/hard/libgcc.a(_dvmd_tls.o)
                0x0800055c                __aeabi_ldiv0
                0x0800055c                __aeabi_idiv0
 *(.text*)
 .text.vListInitialise
                0x08000560       0x40 ./Common/third_party/FreeRTOS/list.o
                0x08000560                vListInitialise
 .text.vListInitialiseItem
                0x080005a0       0x1a ./Common/third_party/FreeRTOS/list.o
                0x080005a0                vListInitialiseItem
 .text.vListInsertEnd
                0x080005ba       0x48 ./Common/third_party/FreeRTOS/list.o
                0x080005ba                vListInsertEnd
 .text.vListInsert
                0x08000602       0x72 ./Common/third_party/FreeRTOS/list.o
                0x08000602                vListInsert
 .text.uxListRemove
                0x08000674       0x54 ./Common/third_party/FreeRTOS/list.o
                0x08000674                uxListRemove
 .text.xQueueGenericReset
                0x080006c8      0x124 ./Common/third_party/FreeRTOS/queue.o
                0x080006c8                xQueueGenericReset
 .text.xQueueGenericCreate
                0x080007ec       0x9e ./Common/third_party/FreeRTOS/queue.o
                0x080007ec                xQueueGenericCreate
 .text.prvInitialiseNewQueue
                0x0800088a       0x46 ./Common/third_party/FreeRTOS/queue.o
 .text.xQueueGenericSend
                0x080008d0      0x204 ./Common/third_party/FreeRTOS/queue.o
                0x080008d0                xQueueGenericSend
 .text.xQueueGenericSendFromISR
                0x08000ad4      0x16c ./Common/third_party/FreeRTOS/queue.o
                0x08000ad4                xQueueGenericSendFromISR
 .text.xQueueReceive
                0x08000c40      0x1c4 ./Common/third_party/FreeRTOS/queue.o
                0x08000c40                xQueueReceive
 .text.uxQueueMessagesWaiting
                0x08000e04       0x3e ./Common/third_party/FreeRTOS/queue.o
                0x08000e04                uxQueueMessagesWaiting
 .text.prvCopyDataToQueue
                0x08000e42       0xd4 ./Common/third_party/FreeRTOS/queue.o
 .text.prvCopyDataFromQueue
                0x08000f16       0x4c ./Common/third_party/FreeRTOS/queue.o
 .text.prvUnlockQueue
                0x08000f62       0xa4 ./Common/third_party/FreeRTOS/queue.o
 .text.prvIsQueueEmpty
                0x08001006       0x2c ./Common/third_party/FreeRTOS/queue.o
 .text.prvIsQueueFull
                0x08001032       0x30 ./Common/third_party/FreeRTOS/queue.o
 .text.xQueueIsQueueFullFromISR
                0x08001062       0x4e ./Common/third_party/FreeRTOS/queue.o
                0x08001062                xQueueIsQueueFullFromISR
 .text.vQueueAddToRegistry
                0x080010b0       0xa0 ./Common/third_party/FreeRTOS/queue.o
                0x080010b0                vQueueAddToRegistry
 .text.vQueueWaitForMessageRestricted
                0x08001150       0x68 ./Common/third_party/FreeRTOS/queue.o
                0x08001150                vQueueWaitForMessageRestricted
 .text.xTaskCreate
                0x080011b8       0x8c ./Common/third_party/FreeRTOS/tasks.o
                0x080011b8                xTaskCreate
 .text.prvInitialiseNewTask
                0x08001244      0x120 ./Common/third_party/FreeRTOS/tasks.o
 .text.prvAddNewTaskToReadyList
                0x08001364      0x12c ./Common/third_party/FreeRTOS/tasks.o
 .text.vTaskStartScheduler
                0x08001490       0xa4 ./Common/third_party/FreeRTOS/tasks.o
                0x08001490                vTaskStartScheduler
 .text.vTaskSuspendAll
                0x08001534       0x1c ./Common/third_party/FreeRTOS/tasks.o
                0x08001534                vTaskSuspendAll
 .text.xTaskResumeAll
                0x08001550      0x1f8 ./Common/third_party/FreeRTOS/tasks.o
                0x08001550                xTaskResumeAll
 .text.xTaskGetTickCount
                0x08001748       0x20 ./Common/third_party/FreeRTOS/tasks.o
                0x08001748                xTaskGetTickCount
 .text.uxTaskGetNumberOfTasks
                0x08001768       0x18 ./Common/third_party/FreeRTOS/tasks.o
                0x08001768                uxTaskGetNumberOfTasks
 .text.xTaskIncrementTick
                0x08001780      0x230 ./Common/third_party/FreeRTOS/tasks.o
                0x08001780                xTaskIncrementTick
 .text.vTaskSwitchContext
                0x080019b0       0xb8 ./Common/third_party/FreeRTOS/tasks.o
                0x080019b0                vTaskSwitchContext
 .text.vTaskPlaceOnEventList
                0x08001a68       0x4c ./Common/third_party/FreeRTOS/tasks.o
                0x08001a68                vTaskPlaceOnEventList
 .text.vTaskPlaceOnEventListRestricted
                0x08001ab4       0x8c ./Common/third_party/FreeRTOS/tasks.o
                0x08001ab4                vTaskPlaceOnEventListRestricted
 .text.xTaskRemoveFromEventList
                0x08001b40      0x1b0 ./Common/third_party/FreeRTOS/tasks.o
                0x08001b40                xTaskRemoveFromEventList
 .text.vTaskInternalSetTimeOutState
                0x08001cf0       0x2c ./Common/third_party/FreeRTOS/tasks.o
                0x08001cf0                vTaskInternalSetTimeOutState
 .text.xTaskCheckForTimeOut
                0x08001d1c       0xd0 ./Common/third_party/FreeRTOS/tasks.o
                0x08001d1c                xTaskCheckForTimeOut
 .text.vTaskMissedYield
                0x08001dec       0x18 ./Common/third_party/FreeRTOS/tasks.o
                0x08001dec                vTaskMissedYield
 .text.prvIdleTask
                0x08001e04       0x30 ./Common/third_party/FreeRTOS/tasks.o
 .text.prvInitialiseTaskLists
                0x08001e34       0x80 ./Common/third_party/FreeRTOS/tasks.o
 .text.prvCheckTasksWaitingTermination
                0x08001eb4       0x5c ./Common/third_party/FreeRTOS/tasks.o
 .text.prvDeleteTCB
                0x08001f10       0x20 ./Common/third_party/FreeRTOS/tasks.o
 .text.prvResetNextTaskUnblockTime
                0x08001f30       0x38 ./Common/third_party/FreeRTOS/tasks.o
 .text.xTaskGetSchedulerState
                0x08001f68       0x3c ./Common/third_party/FreeRTOS/tasks.o
                0x08001f68                xTaskGetSchedulerState
 .text.xTaskPriorityDisinherit
                0x08001fa4       0xf8 ./Common/third_party/FreeRTOS/tasks.o
                0x08001fa4                xTaskPriorityDisinherit
 .text.xTaskGenericNotifyWait
                0x0800209c      0x100 ./Common/third_party/FreeRTOS/tasks.o
                0x0800209c                xTaskGenericNotifyWait
 .text.xTaskGenericNotify
                0x0800219c      0x24c ./Common/third_party/FreeRTOS/tasks.o
                0x0800219c                xTaskGenericNotify
 .text.xTaskGenericNotifyFromISR
                0x080023e8      0x2c0 ./Common/third_party/FreeRTOS/tasks.o
                0x080023e8                xTaskGenericNotifyFromISR
 .text.prvAddCurrentTaskToDelayedList
                0x080026a8      0x100 ./Common/third_party/FreeRTOS/tasks.o
 .text.xTimerCreateTimerTask
                0x080027a8       0x68 ./Common/third_party/FreeRTOS/timers.o
                0x080027a8                xTimerCreateTimerTask
 .text.xTimerCreate
                0x08002810       0x42 ./Common/third_party/FreeRTOS/timers.o
                0x08002810                xTimerCreate
 .text.prvInitialiseNewTimer
                0x08002852       0x72 ./Common/third_party/FreeRTOS/timers.o
 .text.xTimerGenericCommand
                0x080028c4       0x9c ./Common/third_party/FreeRTOS/timers.o
                0x080028c4                xTimerGenericCommand
 .text.prvReloadTimer
                0x08002960       0x42 ./Common/third_party/FreeRTOS/timers.o
 *fill*         0x080029a2        0x2 
 .text.prvProcessExpiredTimer
                0x080029a4       0x60 ./Common/third_party/FreeRTOS/timers.o
 .text.prvTimerTask
                0x08002a04       0x26 ./Common/third_party/FreeRTOS/timers.o
 *fill*         0x08002a2a        0x2 
 .text.prvProcessTimerOrBlockTask
                0x08002a2c       0x9c ./Common/third_party/FreeRTOS/timers.o
 .text.prvGetNextExpireTime
                0x08002ac8       0x48 ./Common/third_party/FreeRTOS/timers.o
 .text.prvSampleTimeNow
                0x08002b10       0x40 ./Common/third_party/FreeRTOS/timers.o
 .text.prvInsertTimerInActiveList
                0x08002b50       0x84 ./Common/third_party/FreeRTOS/timers.o
 .text.prvProcessReceivedCommands
                0x08002bd4      0x184 ./Common/third_party/FreeRTOS/timers.o
 .text.prvSwitchTimerLists
                0x08002d58       0x4c ./Common/third_party/FreeRTOS/timers.o
 .text.prvCheckForValidListAndQueue
                0x08002da4       0x6c ./Common/third_party/FreeRTOS/timers.o
 .text.pvTimerGetTimerID
                0x08002e10       0x42 ./Common/third_party/FreeRTOS/timers.o
                0x08002e10                pvTimerGetTimerID
 *fill*         0x08002e52        0x2 
 .text.pxPortInitialiseStack
                0x08002e54       0x68 ./Common/third_party/FreeRTOS/portable/GCC/ARM_CM4F/port.o
                0x08002e54                pxPortInitialiseStack
 .text.prvTaskExitError
                0x08002ebc       0x5c ./Common/third_party/FreeRTOS/portable/GCC/ARM_CM4F/port.o
 *fill*         0x08002f18        0x8 
 .text.SVC_Handler
                0x08002f20       0x28 ./Common/third_party/FreeRTOS/portable/GCC/ARM_CM4F/port.o
                0x08002f20                SVC_Handler
 .text.prvPortStartFirstTask
                0x08002f48       0x2c ./Common/third_party/FreeRTOS/portable/GCC/ARM_CM4F/port.o
 .text.xPortStartScheduler
                0x08002f74      0x148 ./Common/third_party/FreeRTOS/portable/GCC/ARM_CM4F/port.o
                0x08002f74                xPortStartScheduler
 .text.vInitPrioGroupValue
                0x080030bc      0x100 ./Common/third_party/FreeRTOS/portable/GCC/ARM_CM4F/port.o
                0x080030bc                vInitPrioGroupValue
 .text.vPortEnterCritical
                0x080031bc       0x64 ./Common/third_party/FreeRTOS/portable/GCC/ARM_CM4F/port.o
                0x080031bc                vPortEnterCritical
 .text.vPortExitCritical
                0x08003220       0x54 ./Common/third_party/FreeRTOS/portable/GCC/ARM_CM4F/port.o
                0x08003220                vPortExitCritical
 *fill*         0x08003274        0xc 
 .text.PendSV_Handler
                0x08003280       0x68 ./Common/third_party/FreeRTOS/portable/GCC/ARM_CM4F/port.o
                0x08003280                PendSV_Handler
 .text.SysTick_Handler
                0x080032e8       0x44 ./Common/third_party/FreeRTOS/portable/GCC/ARM_CM4F/port.o
                0x080032e8                SysTick_Handler
 .text.vPortSetupTimerInterrupt
                0x0800332c       0x48 ./Common/third_party/FreeRTOS/portable/GCC/ARM_CM4F/port.o
                0x0800332c                vPortSetupTimerInterrupt
 .text.vPortEnableVFP
                0x08003374       0x18 ./Common/third_party/FreeRTOS/portable/GCC/ARM_CM4F/port.o
 .text.vPortValidateInterruptPriority
                0x0800338c       0x84 ./Common/third_party/FreeRTOS/portable/GCC/ARM_CM4F/port.o
                0x0800338c                vPortValidateInterruptPriority
 .text.pvPortMalloc
                0x08003410      0x178 ./Common/third_party/FreeRTOS/portable/MemMang/heap_4.o
                0x08003410                pvPortMalloc
 .text.vPortFree
                0x08003588       0xb4 ./Common/third_party/FreeRTOS/portable/MemMang/heap_4.o
                0x08003588                vPortFree
 .text.prvHeapInit
                0x0800363c       0xb8 ./Common/third_party/FreeRTOS/portable/MemMang/heap_4.o
 .text.prvInsertBlockIntoFreeList
                0x080036f4       0xb4 ./Common/third_party/FreeRTOS/portable/MemMang/heap_4.o
 .text.LedEffectStop
                0x080037a8       0x40 ./Core/Src/LedEffect.o
                0x080037a8                LedEffectStop
 .text.LedEffectStart
                0x080037e8       0x3c ./Core/Src/LedEffect.o
                0x080037e8                LedEffectStart
 .text.LedEffectAction1
                0x08003824       0x44 ./Core/Src/LedEffect.o
                0x08003824                LedEffectAction1
 .text.LedEffectAction2
                0x08003868       0x2c ./Core/Src/LedEffect.o
                0x08003868                LedEffectAction2
 .text.LedEffectAction3
                0x08003894       0x38 ./Core/Src/LedEffect.o
                0x08003894                LedEffectAction3
 .text.LedEffectAction4
                0x080038cc       0x38 ./Core/Src/LedEffect.o
                0x080038cc                LedEffectAction4
 .text.TurnOnEvenLeds
                0x08003904       0x3c ./Core/Src/LedEffect.o
 .text.TurnOnOddLeds
                0x08003940       0x3c ./Core/Src/LedEffect.o
 .text.LedControl
                0x0800397c       0x54 ./Core/Src/LedEffect.o
 .text.MenuTask
                0x080039d0       0xc8 ./Core/Src/TaskHandlers.o
                0x080039d0                MenuTask
 .text.PrintTask
                0x08003a98       0x40 ./Core/Src/TaskHandlers.o
                0x08003a98                PrintTask
 .text.LedTask  0x08003ad8      0x120 ./Core/Src/TaskHandlers.o
                0x08003ad8                LedTask
 .text.CmdHandleTask
                0x08003bf8       0x2e ./Core/Src/TaskHandlers.o
                0x08003bf8                CmdHandleTask
 *fill*         0x08003c26        0x2 
 .text.ProcessCmd
                0x08003c28       0x78 ./Core/Src/TaskHandlers.o
 .text.ExtractCmd
                0x08003ca0       0x64 ./Core/Src/TaskHandlers.o
 .text.main     0x08003d04      0x1dc ./Core/Src/main.o
                0x08003d04                main
 .text.SystemClock_Config
                0x08003ee0       0xe4 ./Core/Src/main.o
                0x08003ee0                SystemClock_Config
 .text.MX_RTC_Init
                0x08003fc4       0x4c ./Core/Src/main.o
 .text.MX_USART2_UART_Init
                0x08004010       0x54 ./Core/Src/main.o
 .text.MX_GPIO_Init
                0x08004064      0x10c ./Core/Src/main.o
 .text.LedEffectCallBackFunc
                0x08004170       0x50 ./Core/Src/main.o
                0x08004170                LedEffectCallBackFunc
 .text.HAL_UART_RxCpltCallback
                0x080041c0       0x84 ./Core/Src/main.o
                0x080041c0                HAL_UART_RxCpltCallback
 .text.HAL_TIM_PeriodElapsedCallback
                0x08004244       0x24 ./Core/Src/main.o
                0x08004244                HAL_TIM_PeriodElapsedCallback
 .text.Error_Handler
                0x08004268        0xc ./Core/Src/main.o
                0x08004268                Error_Handler
 .text.HAL_MspInit
                0x08004274       0x50 ./Core/Src/stm32f4xx_hal_msp.o
                0x08004274                HAL_MspInit
 .text.HAL_RTC_MspInit
                0x080042c4       0x54 ./Core/Src/stm32f4xx_hal_msp.o
                0x080042c4                HAL_RTC_MspInit
 .text.HAL_UART_MspInit
                0x08004318       0xa0 ./Core/Src/stm32f4xx_hal_msp.o
                0x08004318                HAL_UART_MspInit
 .text.HAL_InitTick
                0x080043b8       0xf8 ./Core/Src/stm32f4xx_hal_timebase_tim.o
                0x080043b8                HAL_InitTick
 .text.NMI_Handler
                0x080044b0        0x8 ./Core/Src/stm32f4xx_it.o
                0x080044b0                NMI_Handler
 .text.HardFault_Handler
                0x080044b8        0x8 ./Core/Src/stm32f4xx_it.o
                0x080044b8                HardFault_Handler
 .text.MemManage_Handler
                0x080044c0        0x8 ./Core/Src/stm32f4xx_it.o
                0x080044c0                MemManage_Handler
 .text.BusFault_Handler
                0x080044c8        0x8 ./Core/Src/stm32f4xx_it.o
                0x080044c8                BusFault_Handler
 .text.UsageFault_Handler
                0x080044d0        0x8 ./Core/Src/stm32f4xx_it.o
                0x080044d0                UsageFault_Handler
 .text.DebugMon_Handler
                0x080044d8        0xe ./Core/Src/stm32f4xx_it.o
                0x080044d8                DebugMon_Handler
 *fill*         0x080044e6        0x2 
 .text.USART2_IRQHandler
                0x080044e8       0x14 ./Core/Src/stm32f4xx_it.o
                0x080044e8                USART2_IRQHandler
 .text.TIM6_DAC_IRQHandler
                0x080044fc       0x14 ./Core/Src/stm32f4xx_it.o
                0x080044fc                TIM6_DAC_IRQHandler
 .text.SystemInit
                0x08004510       0x24 ./Core/Src/system_stm32f4xx.o
                0x08004510                SystemInit
 .text.Reset_Handler
                0x08004534       0x50 ./Core/Startup/startup_stm32f446retx.o
                0x08004534                Reset_Handler
 .text.Default_Handler
                0x08004584        0x2 ./Core/Startup/startup_stm32f446retx.o
                0x08004584                RTC_Alarm_IRQHandler
                0x08004584                EXTI2_IRQHandler
                0x08004584                TIM8_CC_IRQHandler
                0x08004584                FMPI2C1_EV_IRQHandler
                0x08004584                SPI4_IRQHandler
                0x08004584                TIM1_CC_IRQHandler
                0x08004584                DMA2_Stream5_IRQHandler
                0x08004584                DMA1_Stream5_IRQHandler
                0x08004584                PVD_IRQHandler
                0x08004584                SDIO_IRQHandler
                0x08004584                TAMP_STAMP_IRQHandler
                0x08004584                CAN2_RX1_IRQHandler
                0x08004584                EXTI3_IRQHandler
                0x08004584                TIM8_TRG_COM_TIM14_IRQHandler
                0x08004584                TIM1_UP_TIM10_IRQHandler
                0x08004584                TIM8_UP_TIM13_IRQHandler
                0x08004584                I2C3_ER_IRQHandler
                0x08004584                EXTI0_IRQHandler
                0x08004584                I2C2_EV_IRQHandler
                0x08004584                DMA1_Stream2_IRQHandler
                0x08004584                CAN1_RX0_IRQHandler
                0x08004584                FPU_IRQHandler
                0x08004584                OTG_HS_WKUP_IRQHandler
                0x08004584                CAN2_SCE_IRQHandler
                0x08004584                DMA2_Stream2_IRQHandler
                0x08004584                SPI1_IRQHandler
                0x08004584                TIM1_BRK_TIM9_IRQHandler
                0x08004584                DCMI_IRQHandler
                0x08004584                CAN2_RX0_IRQHandler
                0x08004584                DMA2_Stream3_IRQHandler
                0x08004584                SAI2_IRQHandler
                0x08004584                USART6_IRQHandler
                0x08004584                USART3_IRQHandler
                0x08004584                CAN1_RX1_IRQHandler
                0x08004584                UART5_IRQHandler
                0x08004584                DMA2_Stream0_IRQHandler
                0x08004584                TIM4_IRQHandler
                0x08004584                QUADSPI_IRQHandler
                0x08004584                I2C1_EV_IRQHandler
                0x08004584                DMA1_Stream6_IRQHandler
                0x08004584                DMA1_Stream1_IRQHandler
                0x08004584                UART4_IRQHandler
                0x08004584                TIM3_IRQHandler
                0x08004584                RCC_IRQHandler
                0x08004584                TIM8_BRK_TIM12_IRQHandler
                0x08004584                Default_Handler
                0x08004584                CEC_IRQHandler
                0x08004584                EXTI15_10_IRQHandler
                0x08004584                ADC_IRQHandler
                0x08004584                DMA1_Stream7_IRQHandler
                0x08004584                TIM7_IRQHandler
                0x08004584                CAN2_TX_IRQHandler
                0x08004584                TIM5_IRQHandler
                0x08004584                DMA2_Stream7_IRQHandler
                0x08004584                I2C3_EV_IRQHandler
                0x08004584                EXTI9_5_IRQHandler
                0x08004584                RTC_WKUP_IRQHandler
                0x08004584                SPDIF_RX_IRQHandler
                0x08004584                SPI2_IRQHandler
                0x08004584                OTG_HS_EP1_IN_IRQHandler
                0x08004584                DMA1_Stream0_IRQHandler
                0x08004584                CAN1_TX_IRQHandler
                0x08004584                FMPI2C1_ER_IRQHandler
                0x08004584                EXTI4_IRQHandler
                0x08004584                OTG_HS_EP1_OUT_IRQHandler
                0x08004584                WWDG_IRQHandler
                0x08004584                TIM2_IRQHandler
                0x08004584                OTG_FS_WKUP_IRQHandler
                0x08004584                TIM1_TRG_COM_TIM11_IRQHandler
                0x08004584                OTG_HS_IRQHandler
                0x08004584                EXTI1_IRQHandler
                0x08004584                I2C2_ER_IRQHandler
                0x08004584                DMA2_Stream1_IRQHandler
                0x08004584                CAN1_SCE_IRQHandler
                0x08004584                FLASH_IRQHandler
                0x08004584                DMA2_Stream4_IRQHandler
                0x08004584                USART1_IRQHandler
                0x08004584                OTG_FS_IRQHandler
                0x08004584                SPI3_IRQHandler
                0x08004584                DMA1_Stream4_IRQHandler
                0x08004584                I2C1_ER_IRQHandler
                0x08004584                FMC_IRQHandler
                0x08004584                DMA2_Stream6_IRQHandler
                0x08004584                SAI1_IRQHandler
                0x08004584                DMA1_Stream3_IRQHandler
 *fill*         0x08004586        0x2 
 .text.HAL_Init
                0x08004588       0x44 ./Drivers/STM32F4xx_HAL_Driver/Src/stm32f4xx_hal.o
                0x08004588                HAL_Init
 .text.HAL_IncTick
                0x080045cc       0x28 ./Drivers/STM32F4xx_HAL_Driver/Src/stm32f4xx_hal.o
                0x080045cc                HAL_IncTick
 .text.HAL_GetTick
                0x080045f4       0x18 ./Drivers/STM32F4xx_HAL_Driver/Src/stm32f4xx_hal.o
                0x080045f4                HAL_GetTick
 .text.__NVIC_SetPriorityGrouping
                0x0800460c       0x48 ./Drivers/STM32F4xx_HAL_Driver/Src/stm32f4xx_hal_cortex.o
 .text.__NVIC_GetPriorityGrouping
                0x08004654       0x1c ./Drivers/STM32F4xx_HAL_Driver/Src/stm32f4xx_hal_cortex.o
 .text.__NVIC_EnableIRQ
                0x08004670       0x3c ./Drivers/STM32F4xx_HAL_Driver/Src/stm32f4xx_hal_cortex.o
 .text.__NVIC_SetPriority
                0x080046ac       0x54 ./Drivers/STM32F4xx_HAL_Driver/Src/stm32f4xx_hal_cortex.o
 .text.NVIC_EncodePriority
                0x08004700       0x66 ./Drivers/STM32F4xx_HAL_Driver/Src/stm32f4xx_hal_cortex.o
 .text.HAL_NVIC_SetPriorityGrouping
                0x08004766       0x16 ./Drivers/STM32F4xx_HAL_Driver/Src/stm32f4xx_hal_cortex.o
                0x08004766                HAL_NVIC_SetPriorityGrouping
 .text.HAL_NVIC_SetPriority
                0x0800477c       0x38 ./Drivers/STM32F4xx_HAL_Driver/Src/stm32f4xx_hal_cortex.o
                0x0800477c                HAL_NVIC_SetPriority
 .text.HAL_NVIC_EnableIRQ
                0x080047b4       0x1c ./Drivers/STM32F4xx_HAL_Driver/Src/stm32f4xx_hal_cortex.o
                0x080047b4                HAL_NVIC_EnableIRQ
 .text.HAL_DMA_Abort
                0x080047d0       0xe0 ./Drivers/STM32F4xx_HAL_Driver/Src/stm32f4xx_hal_dma.o
                0x080047d0                HAL_DMA_Abort
 .text.HAL_DMA_Abort_IT
                0x080048b0       0x44 ./Drivers/STM32F4xx_HAL_Driver/Src/stm32f4xx_hal_dma.o
                0x080048b0                HAL_DMA_Abort_IT
 .text.HAL_GPIO_Init
                0x080048f4      0x328 ./Drivers/STM32F4xx_HAL_Driver/Src/stm32f4xx_hal_gpio.o
                0x080048f4                HAL_GPIO_Init
 .text.HAL_GPIO_WritePin
                0x08004c1c       0x32 ./Drivers/STM32F4xx_HAL_Driver/Src/stm32f4xx_hal_gpio.o
                0x08004c1c                HAL_GPIO_WritePin
 .text.HAL_GPIO_TogglePin
                0x08004c4e       0x34 ./Drivers/STM32F4xx_HAL_Driver/Src/stm32f4xx_hal_gpio.o
                0x08004c4e                HAL_GPIO_TogglePin
 *fill*         0x08004c82        0x2 
 .text.HAL_RCC_ClockConfig
                0x08004c84      0x1cc ./Drivers/STM32F4xx_HAL_Driver/Src/stm32f4xx_hal_rcc.o
                0x08004c84                HAL_RCC_ClockConfig
 .text.HAL_RCC_GetHCLKFreq
                0x08004e50       0x18 ./Drivers/STM32F4xx_HAL_Driver/Src/stm32f4xx_hal_rcc.o
                0x08004e50                HAL_RCC_GetHCLKFreq
 .text.HAL_RCC_GetPCLK1Freq
                0x08004e68       0x28 ./Drivers/STM32F4xx_HAL_Driver/Src/stm32f4xx_hal_rcc.o
                0x08004e68                HAL_RCC_GetPCLK1Freq
 .text.HAL_RCC_GetPCLK2Freq
                0x08004e90       0x28 ./Drivers/STM32F4xx_HAL_Driver/Src/stm32f4xx_hal_rcc.o
                0x08004e90                HAL_RCC_GetPCLK2Freq
 .text.HAL_RCC_GetClockConfig
                0x08004eb8       0x64 ./Drivers/STM32F4xx_HAL_Driver/Src/stm32f4xx_hal_rcc.o
                0x08004eb8                HAL_RCC_GetClockConfig
 .text.HAL_RCCEx_PeriphCLKConfig
                0x08004f1c      0x654 ./Drivers/STM32F4xx_HAL_Driver/Src/stm32f4xx_hal_rcc_ex.o
                0x08004f1c                HAL_RCCEx_PeriphCLKConfig
 .text.HAL_RCC_GetSysClockFreq
                0x08005570      0x460 ./Drivers/STM32F4xx_HAL_Driver/Src/stm32f4xx_hal_rcc_ex.o
                0x08005570                HAL_RCC_GetSysClockFreq
 .text.HAL_RCC_OscConfig
                0x080059d0      0x53c ./Drivers/STM32F4xx_HAL_Driver/Src/stm32f4xx_hal_rcc_ex.o
                0x080059d0                HAL_RCC_OscConfig
 .text.HAL_RTC_Init
                0x08005f0c      0x106 ./Drivers/STM32F4xx_HAL_Driver/Src/stm32f4xx_hal_rtc.o
                0x08005f0c                HAL_RTC_Init
 *fill*         0x08006012        0x2 
 .text.HAL_RTC_WaitForSynchro
                0x08006014       0x4c ./Drivers/STM32F4xx_HAL_Driver/Src/stm32f4xx_hal_rtc.o
                0x08006014                HAL_RTC_WaitForSynchro
 .text.RTC_EnterInitMode
                0x08006060       0x6e ./Drivers/STM32F4xx_HAL_Driver/Src/stm32f4xx_hal_rtc.o
                0x08006060                RTC_EnterInitMode
 .text.RTC_ExitInitMode
                0x080060ce       0x4a ./Drivers/STM32F4xx_HAL_Driver/Src/stm32f4xx_hal_rtc.o
                0x080060ce                RTC_ExitInitMode
 .text.HAL_TIM_Base_Init
                0x08006118       0x9e ./Drivers/STM32F4xx_HAL_Driver/Src/stm32f4xx_hal_tim.o
                0x08006118                HAL_TIM_Base_Init
 .text.HAL_TIM_Base_MspInit
                0x080061b6       0x14 ./Drivers/STM32F4xx_HAL_Driver/Src/stm32f4xx_hal_tim.o
                0x080061b6                HAL_TIM_Base_MspInit
 *fill*         0x080061ca        0x2 
 .text.HAL_TIM_Base_Start_IT
                0x080061cc       0xe0 ./Drivers/STM32F4xx_HAL_Driver/Src/stm32f4xx_hal_tim.o
                0x080061cc                HAL_TIM_Base_Start_IT
 .text.HAL_TIM_IRQHandler
                0x080062ac      0x1e0 ./Drivers/STM32F4xx_HAL_Driver/Src/stm32f4xx_hal_tim.o
                0x080062ac                HAL_TIM_IRQHandler
 .text.HAL_TIM_OC_DelayElapsedCallback
                0x0800648c       0x14 ./Drivers/STM32F4xx_HAL_Driver/Src/stm32f4xx_hal_tim.o
                0x0800648c                HAL_TIM_OC_DelayElapsedCallback
 .text.HAL_TIM_IC_CaptureCallback
                0x080064a0       0x14 ./Drivers/STM32F4xx_HAL_Driver/Src/stm32f4xx_hal_tim.o
                0x080064a0                HAL_TIM_IC_CaptureCallback
 .text.HAL_TIM_PWM_PulseFinishedCallback
                0x080064b4       0x14 ./Drivers/STM32F4xx_HAL_Driver/Src/stm32f4xx_hal_tim.o
                0x080064b4                HAL_TIM_PWM_PulseFinishedCallback
 .text.HAL_TIM_TriggerCallback
                0x080064c8       0x14 ./Drivers/STM32F4xx_HAL_Driver/Src/stm32f4xx_hal_tim.o
                0x080064c8                HAL_TIM_TriggerCallback
 .text.TIM_Base_SetConfig
                0x080064dc      0x158 ./Drivers/STM32F4xx_HAL_Driver/Src/stm32f4xx_hal_tim.o
                0x080064dc                TIM_Base_SetConfig
 .text.HAL_TIMEx_CommutCallback
                0x08006634       0x14 ./Drivers/STM32F4xx_HAL_Driver/Src/stm32f4xx_hal_tim_ex.o
                0x08006634                HAL_TIMEx_CommutCallback
 .text.HAL_TIMEx_BreakCallback
                0x08006648       0x14 ./Drivers/STM32F4xx_HAL_Driver/Src/stm32f4xx_hal_tim_ex.o
                0x08006648                HAL_TIMEx_BreakCallback
 .text.HAL_UART_Init
                0x0800665c       0xa0 ./Drivers/STM32F4xx_HAL_Driver/Src/stm32f4xx_hal_uart.o
                0x0800665c                HAL_UART_Init
 .text.HAL_UART_Transmit
                0x080066fc      0x116 ./Drivers/STM32F4xx_HAL_Driver/Src/stm32f4xx_hal_uart.o
                0x080066fc                HAL_UART_Transmit
 .text.HAL_UART_Receive_IT
                0x08006812       0x4a ./Drivers/STM32F4xx_HAL_Driver/Src/stm32f4xx_hal_uart.o
                0x08006812                HAL_UART_Receive_IT
 .text.HAL_UART_IRQHandler
                0x0800685c      0x524 ./Drivers/STM32F4xx_HAL_Driver/Src/stm32f4xx_hal_uart.o
                0x0800685c                HAL_UART_IRQHandler
 .text.HAL_UART_TxCpltCallback
                0x08006d80       0x14 ./Drivers/STM32F4xx_HAL_Driver/Src/stm32f4xx_hal_uart.o
                0x08006d80                HAL_UART_TxCpltCallback
 .text.HAL_UART_ErrorCallback
                0x08006d94       0x14 ./Drivers/STM32F4xx_HAL_Driver/Src/stm32f4xx_hal_uart.o
                0x08006d94                HAL_UART_ErrorCallback
 .text.HAL_UARTEx_RxEventCallback
                0x08006da8       0x18 ./Drivers/STM32F4xx_HAL_Driver/Src/stm32f4xx_hal_uart.o
                0x08006da8                HAL_UARTEx_RxEventCallback
 .text.UART_WaitOnFlagUntilTimeout
                0x08006dc0       0xb2 ./Drivers/STM32F4xx_HAL_Driver/Src/stm32f4xx_hal_uart.o
 .text.UART_Start_Receive_IT
                0x08006e72       0x74 ./Drivers/STM32F4xx_HAL_Driver/Src/stm32f4xx_hal_uart.o
                0x08006e72                UART_Start_Receive_IT
 .text.UART_EndRxTransfer
                0x08006ee6       0xc6 ./Drivers/STM32F4xx_HAL_Driver/Src/stm32f4xx_hal_uart.o
 .text.UART_DMAAbortOnError
                0x08006fac       0x28 ./Drivers/STM32F4xx_HAL_Driver/Src/stm32f4xx_hal_uart.o
 .text.UART_Transmit_IT
                0x08006fd4       0xa0 ./Drivers/STM32F4xx_HAL_Driver/Src/stm32f4xx_hal_uart.o
 .text.UART_EndTransmit_IT
                0x08007074       0x30 ./Drivers/STM32F4xx_HAL_Driver/Src/stm32f4xx_hal_uart.o
 .text.UART_Receive_IT
                0x080070a4      0x17c ./Drivers/STM32F4xx_HAL_Driver/Src/stm32f4xx_hal_uart.o
 .text.UART_SetConfig
                0x08007220      0x4e8 ./Drivers/STM32F4xx_HAL_Driver/Src/stm32f4xx_hal_uart.o
 .text.memset   0x08007708       0x10 /opt/st/stm32cubeide_1.18.0/plugins/com.st.stm32cube.ide.mcu.externaltools.gnu-tools-for-stm32.13.3.rel1.linux64_1.0.0.202410170706/tools/bin/../lib/gcc/arm-none-eabi/13.3.1/../../../../arm-none-eabi/lib/thumb/v7e-m+fp/hard/libc_nano.a(libc_a-memset.o)
                0x08007708                memset
 .text.__libc_init_array
                0x08007718       0x48 /opt/st/stm32cubeide_1.18.0/plugins/com.st.stm32cube.ide.mcu.externaltools.gnu-tools-for-stm32.13.3.rel1.linux64_1.0.0.202410170706/tools/bin/../lib/gcc/arm-none-eabi/13.3.1/../../../../arm-none-eabi/lib/thumb/v7e-m+fp/hard/libc_nano.a(libc_a-init.o)
                0x08007718                __libc_init_array
 .text.memcpy   0x08007760       0x1c /opt/st/stm32cubeide_1.18.0/plugins/com.st.stm32cube.ide.mcu.externaltools.gnu-tools-for-stm32.13.3.rel1.linux64_1.0.0.202410170706/tools/bin/../lib/gcc/arm-none-eabi/13.3.1/../../../../arm-none-eabi/lib/thumb/v7e-m+fp/hard/libc_nano.a(libc_a-memcpy-stub.o)
                0x08007760                memcpy
 *(.glue_7)
 .glue_7        0x0800777c        0x0 linker stubs
 *(.glue_7t)
 .glue_7t       0x0800777c        0x0 linker stubs
 *(.eh_frame)
 .eh_frame      0x0800777c        0x0 /opt/st/stm32cubeide_1.18.0/plugins/com.st.stm32cube.ide.mcu.externaltools.gnu-tools-for-stm32.13.3.rel1.linux64_1.0.0.202410170706/tools/bin/../lib/gcc/arm-none-eabi/13.3.1/thumb/v7e-m+fp/hard/crtbegin.o
 *(.init)
 .init          0x0800777c        0x4 /opt/st/stm32cubeide_1.18.0/plugins/com.st.stm32cube.ide.mcu.externaltools.gnu-tools-for-stm32.13.3.rel1.linux64_1.0.0.202410170706/tools/bin/../lib/gcc/arm-none-eabi/13.3.1/thumb/v7e-m+fp/hard/crti.o
                0x0800777c                _init
 .init          0x08007780        0x8 /opt/st/stm32cubeide_1.18.0/plugins/com.st.stm32cube.ide.mcu.externaltools.gnu-tools-for-stm32.13.3.rel1.linux64_1.0.0.202410170706/tools/bin/../lib/gcc/arm-none-eabi/13.3.1/thumb/v7e-m+fp/hard/crtn.o
 *(.fini)
 .fini          0x08007788        0x4 /opt/st/stm32cubeide_1.18.0/plugins/com.st.stm32cube.ide.mcu.externaltools.gnu-tools-for-stm32.13.3.rel1.linux64_1.0.0.202410170706/tools/bin/../lib/gcc/arm-none-eabi/13.3.1/thumb/v7e-m+fp/hard/crti.o
                0x08007788                _fini
 .fini          0x0800778c        0x8 /opt/st/stm32cubeide_1.18.0/plugins/com.st.stm32cube.ide.mcu.externaltools.gnu-tools-for-stm32.13.3.rel1.linux64_1.0.0.202410170706/tools/bin/../lib/gcc/arm-none-eabi/13.3.1/thumb/v7e-m+fp/hard/crtn.o
                0x08007794                        . = ALIGN (0x4)
                0x08007794                        _etext = .

.vfp11_veneer   0x08007794        0x0
 .vfp11_veneer  0x08007794        0x0 linker stubs

.v4_bx          0x08007794        0x0
 .v4_bx         0x08007794        0x0 linker stubs

.iplt           0x08007794        0x0
 .iplt          0x08007794        0x0 /opt/st/stm32cubeide_1.18.0/plugins/com.st.stm32cube.ide.mcu.externaltools.gnu-tools-for-stm32.13.3.rel1.linux64_1.0.0.202410170706/tools/bin/../lib/gcc/arm-none-eabi/13.3.1/thumb/v7e-m+fp/hard/crtbegin.o

.rodata         0x08007794      0x3e8
                0x08007794                        . = ALIGN (0x4)
 *(.rodata)
 .rodata        0x08007794        0x5 ./Common/third_party/FreeRTOS/tasks.o
 *fill*         0x08007799        0x3 
 .rodata        0x0800779c        0xd ./Common/third_party/FreeRTOS/timers.o
 *fill*         0x080077a9        0x3 
 .rodata        0x080077ac      0x377 ./Core/Src/TaskHandlers.o
 *fill*         0x08007b23        0x1 
 .rodata        0x08007b24       0x39 ./Core/Src/main.o
 *(.rodata*)
 *fill*         0x08007b5d        0x3 
 .rodata.uxTopUsedPriority
                0x08007b60        0x4 ./Common/third_party/FreeRTOS/tasks.o
                0x08007b60                uxTopUsedPriority
 .rodata.AHBPrescTable
                0x08007b64       0x10 ./Core/Src/system_stm32f4xx.o
                0x08007b64                AHBPrescTable
 .rodata.APBPrescTable
                0x08007b74        0x8 ./Core/Src/system_stm32f4xx.o
                0x08007b74                APBPrescTable
                0x08007b7c                        . = ALIGN (0x4)

.ARM.extab      0x08007b7c        0x0
                0x08007b7c                        . = ALIGN (0x4)
 *(.ARM.extab* .gnu.linkonce.armextab.*)
                0x08007b7c                        . = ALIGN (0x4)

.ARM            0x08007b7c        0x8
                0x08007b7c                        . = ALIGN (0x4)
                0x08007b7c                        __exidx_start = .
 *(.ARM.exidx*)
 .ARM.exidx     0x08007b7c        0x8 /opt/st/stm32cubeide_1.18.0/plugins/com.st.stm32cube.ide.mcu.externaltools.gnu-tools-for-stm32.13.3.rel1.linux64_1.0.0.202410170706/tools/bin/../lib/gcc/arm-none-eabi/13.3.1/../../../../arm-none-eabi/lib/thumb/v7e-m+fp/hard/libc_nano.a(libc_a-strcmp.o)
 .ARM.exidx     0x08007b84        0x0 /opt/st/stm32cubeide_1.18.0/plugins/com.st.stm32cube.ide.mcu.externaltools.gnu-tools-for-stm32.13.3.rel1.linux64_1.0.0.202410170706/tools/bin/../lib/gcc/arm-none-eabi/13.3.1/../../../../arm-none-eabi/lib/thumb/v7e-m+fp/hard/libc_nano.a(libc_a-strlen.o)
                                  0x8 (size before relaxing)
 .ARM.exidx     0x08007b84        0x0 /opt/st/stm32cubeide_1.18.0/plugins/com.st.stm32cube.ide.mcu.externaltools.gnu-tools-for-stm32.13.3.rel1.linux64_1.0.0.202410170706/tools/bin/../lib/gcc/arm-none-eabi/13.3.1/thumb/v7e-m+fp/hard/libgcc.a(_udivmoddi4.o)
                                  0x8 (size before relaxing)
                0x08007b84                        __exidx_end = .
                0x08007b84                        . = ALIGN (0x4)

.preinit_array  0x08007b84        0x0
                0x08007b84                        . = ALIGN (0x4)
                0x08007b84                        PROVIDE (__preinit_array_start = .)
 *(.preinit_array*)
                0x08007b84                        PROVIDE (__preinit_array_end = .)
                0x08007b84                        . = ALIGN (0x4)

.init_array     0x08007b84        0x4
                0x08007b84                        . = ALIGN (0x4)
                0x08007b84                        PROVIDE (__init_array_start = .)
 *(SORT_BY_NAME(.init_array.*))
 *(.init_array*)
 .init_array    0x08007b84        0x4 /opt/st/stm32cubeide_1.18.0/plugins/com.st.stm32cube.ide.mcu.externaltools.gnu-tools-for-stm32.13.3.rel1.linux64_1.0.0.202410170706/tools/bin/../lib/gcc/arm-none-eabi/13.3.1/thumb/v7e-m+fp/hard/crtbegin.o
                0x08007b88                        PROVIDE (__init_array_end = .)
                0x08007b88                        . = ALIGN (0x4)

.fini_array     0x08007b88        0x4
                0x08007b88                        . = ALIGN (0x4)
                [!provide]                        PROVIDE (__fini_array_start = .)
 *(SORT_BY_NAME(.fini_array.*))
 *(.fini_array*)
 .fini_array    0x08007b88        0x4 /opt/st/stm32cubeide_1.18.0/plugins/com.st.stm32cube.ide.mcu.externaltools.gnu-tools-for-stm32.13.3.rel1.linux64_1.0.0.202410170706/tools/bin/../lib/gcc/arm-none-eabi/13.3.1/thumb/v7e-m+fp/hard/crtbegin.o
                [!provide]                        PROVIDE (__fini_array_end = .)
                0x08007b8c                        . = ALIGN (0x4)
                0x08007b8c                        _sidata = LOADADDR (.data)

.rel.dyn        0x08007b8c        0x0
 .rel.iplt      0x08007b8c        0x0 /opt/st/stm32cubeide_1.18.0/plugins/com.st.stm32cube.ide.mcu.externaltools.gnu-tools-for-stm32.13.3.rel1.linux64_1.0.0.202410170706/tools/bin/../lib/gcc/arm-none-eabi/13.3.1/thumb/v7e-m+fp/hard/crtbegin.o

.data           0x20000000       0x2c load address 0x08007b8c
                0x20000000                        . = ALIGN (0x4)
                0x20000000                        _sdata = .
 *(.data)
 *(.data*)
 .data.uxCriticalNesting
                0x20000000        0x4 ./Common/third_party/FreeRTOS/portable/GCC/ARM_CM4F/port.o
 .data.LEDPort  0x20000004       0x10 ./Core/Src/LedEffect.o
                0x20000004                LEDPort
 .data.LEDPin   0x20000014        0x8 ./Core/Src/LedEffect.o
                0x20000014                LEDPin
 .data.invalid_msg
                0x2000001c        0x4 ./Core/Src/TaskHandlers.o
                0x2000001c                invalid_msg
 .data.SystemCoreClock
                0x20000020        0x4 ./Core/Src/system_stm32f4xx.o
                0x20000020                SystemCoreClock
 .data.uwTickPrio
                0x20000024        0x4 ./Drivers/STM32F4xx_HAL_Driver/Src/stm32f4xx_hal.o
                0x20000024                uwTickPrio
 .data.uwTickFreq
                0x20000028        0x1 ./Drivers/STM32F4xx_HAL_Driver/Src/stm32f4xx_hal.o
                0x20000028                uwTickFreq
 *(.RamFunc)
 *(.RamFunc*)
                0x2000002c                        . = ALIGN (0x4)
 *fill*         0x20000029        0x3 
                0x2000002c                        _edata = .

.igot.plt       0x2000002c        0x0 load address 0x08007bb8
 .igot.plt      0x2000002c        0x0 /opt/st/stm32cubeide_1.18.0/plugins/com.st.stm32cube.ide.mcu.externaltools.gnu-tools-for-stm32.13.3.rel1.linux64_1.0.0.202410170706/tools/bin/../lib/gcc/arm-none-eabi/13.3.1/thumb/v7e-m+fp/hard/crtbegin.o
                0x2000002c                        . = ALIGN (0x4)

.bss            0x2000002c    0x12ea8 load address 0x08007bb8
                0x2000002c                        _sbss = .
                0x2000002c                        __bss_start__ = _sbss
 *(.bss)
 .bss           0x2000002c       0x1c /opt/st/stm32cubeide_1.18.0/plugins/com.st.stm32cube.ide.mcu.externaltools.gnu-tools-for-stm32.13.3.rel1.linux64_1.0.0.202410170706/tools/bin/../lib/gcc/arm-none-eabi/13.3.1/thumb/v7e-m+fp/hard/crtbegin.o
 *(.bss*)
 .bss.xQueueRegistry
                0x20000048       0x40 ./Common/third_party/FreeRTOS/queue.o
                0x20000048                xQueueRegistry
 .bss.pxCurrentTCB
                0x20000088        0x4 ./Common/third_party/FreeRTOS/tasks.o
                0x20000088                pxCurrentTCB
 .bss.pxReadyTasksLists
                0x2000008c       0x64 ./Common/third_party/FreeRTOS/tasks.o
 .bss.xDelayedTaskList1
                0x200000f0       0x14 ./Common/third_party/FreeRTOS/tasks.o
 .bss.xDelayedTaskList2
                0x20000104       0x14 ./Common/third_party/FreeRTOS/tasks.o
 .bss.pxDelayedTaskList
                0x20000118        0x4 ./Common/third_party/FreeRTOS/tasks.o
 .bss.pxOverflowDelayedTaskList
                0x2000011c        0x4 ./Common/third_party/FreeRTOS/tasks.o
 .bss.xPendingReadyList
                0x20000120       0x14 ./Common/third_party/FreeRTOS/tasks.o
 .bss.xTasksWaitingTermination
                0x20000134       0x14 ./Common/third_party/FreeRTOS/tasks.o
 .bss.uxDeletedTasksWaitingCleanUp
                0x20000148        0x4 ./Common/third_party/FreeRTOS/tasks.o
 .bss.xSuspendedTaskList
                0x2000014c       0x14 ./Common/third_party/FreeRTOS/tasks.o
 .bss.uxCurrentNumberOfTasks
                0x20000160        0x4 ./Common/third_party/FreeRTOS/tasks.o
 .bss.xTickCount
                0x20000164        0x4 ./Common/third_party/FreeRTOS/tasks.o
 .bss.uxTopReadyPriority
                0x20000168        0x4 ./Common/third_party/FreeRTOS/tasks.o
 .bss.xSchedulerRunning
                0x2000016c        0x4 ./Common/third_party/FreeRTOS/tasks.o
 .bss.xPendedTicks
                0x20000170        0x4 ./Common/third_party/FreeRTOS/tasks.o
 .bss.xYieldPending
                0x20000174        0x4 ./Common/third_party/FreeRTOS/tasks.o
 .bss.xNumOfOverflows
                0x20000178        0x4 ./Common/third_party/FreeRTOS/tasks.o
 .bss.uxTaskNumber
                0x2000017c        0x4 ./Common/third_party/FreeRTOS/tasks.o
 .bss.xNextTaskUnblockTime
                0x20000180        0x4 ./Common/third_party/FreeRTOS/tasks.o
 .bss.xIdleTaskHandle
                0x20000184        0x4 ./Common/third_party/FreeRTOS/tasks.o
 .bss.uxSchedulerSuspended
                0x20000188        0x4 ./Common/third_party/FreeRTOS/tasks.o
 .bss.xActiveTimerList1
                0x2000018c       0x14 ./Common/third_party/FreeRTOS/timers.o
 .bss.xActiveTimerList2
                0x200001a0       0x14 ./Common/third_party/FreeRTOS/timers.o
 .bss.pxCurrentTimerList
                0x200001b4        0x4 ./Common/third_party/FreeRTOS/timers.o
 .bss.pxOverflowTimerList
                0x200001b8        0x4 ./Common/third_party/FreeRTOS/timers.o
 .bss.xTimerQueue
                0x200001bc        0x4 ./Common/third_party/FreeRTOS/timers.o
 .bss.xTimerTaskHandle
                0x200001c0        0x4 ./Common/third_party/FreeRTOS/timers.o
 .bss.xLastTime.0
                0x200001c4        0x4 ./Common/third_party/FreeRTOS/timers.o
 .bss.ucMaxSysCallPriority
                0x200001c8        0x1 ./Common/third_party/FreeRTOS/portable/GCC/ARM_CM4F/port.o
 *fill*         0x200001c9        0x3 
 .bss.ulMaxPRIGROUPValue
                0x200001cc        0x4 ./Common/third_party/FreeRTOS/portable/GCC/ARM_CM4F/port.o
 .bss.ucHeap    0x200001d0    0x12c00 ./Common/third_party/FreeRTOS/portable/MemMang/heap_4.o
 .bss.xStart    0x20012dd0        0x8 ./Common/third_party/FreeRTOS/portable/MemMang/heap_4.o
 .bss.pxEnd     0x20012dd8        0x4 ./Common/third_party/FreeRTOS/portable/MemMang/heap_4.o
 .bss.xFreeBytesRemaining
                0x20012ddc        0x4 ./Common/third_party/FreeRTOS/portable/MemMang/heap_4.o
 .bss.xMinimumEverFreeBytesRemaining
                0x20012de0        0x4 ./Common/third_party/FreeRTOS/portable/MemMang/heap_4.o
 .bss.xNumberOfSuccessfulAllocations
                0x20012de4        0x4 ./Common/third_party/FreeRTOS/portable/MemMang/heap_4.o
 .bss.xNumberOfSuccessfulFrees
                0x20012de8        0x4 ./Common/third_party/FreeRTOS/portable/MemMang/heap_4.o
 .bss.local_flag.2
                0x20012dec        0x1 ./Core/Src/LedEffect.o
 .bss.local_led_num.1
                0x20012ded        0x1 ./Core/Src/LedEffect.o
 .bss.local_led_num.0
                0x20012dee        0x1 ./Core/Src/LedEffect.o
 *fill*         0x20012def        0x1 
 .bss.hrtc      0x20012df0       0x20 ./Core/Src/main.o
                0x20012df0                hrtc
 .bss.huart2    0x20012e10       0x48 ./Core/Src/main.o
                0x20012e10                huart2
 .bss.handle_menu_task
                0x20012e58        0x4 ./Core/Src/main.o
                0x20012e58                handle_menu_task
 .bss.handle_led_task
                0x20012e5c        0x4 ./Core/Src/main.o
                0x20012e5c                handle_led_task
 .bss.handle_rtc_task
                0x20012e60        0x4 ./Core/Src/main.o
                0x20012e60                handle_rtc_task
 .bss.handle_print_task
                0x20012e64        0x4 ./Core/Src/main.o
                0x20012e64                handle_print_task
 .bss.handle_cmd_task
                0x20012e68        0x4 ./Core/Src/main.o
                0x20012e68                handle_cmd_task
 .bss.Q_print   0x20012e6c        0x4 ./Core/Src/main.o
                0x20012e6c                Q_print
 .bss.Q_data    0x20012e70        0x4 ./Core/Src/main.o
                0x20012e70                Q_data
 .bss.user_data
                0x20012e74        0x1 ./Core/Src/main.o
                0x20012e74                user_data
 .bss.current_state
                0x20012e75        0x1 ./Core/Src/main.o
                0x20012e75                current_state
 *fill*         0x20012e76        0x2 
 .bss.handle_led_timer
                0x20012e78       0x10 ./Core/Src/main.o
                0x20012e78                handle_led_timer
 .bss.htim6     0x20012e88       0x48 ./Core/Src/stm32f4xx_hal_timebase_tim.o
                0x20012e88                htim6
 .bss.uwTick    0x20012ed0        0x4 ./Drivers/STM32F4xx_HAL_Driver/Src/stm32f4xx_hal.o
                0x20012ed0                uwTick
 *(COMMON)
                0x20012ed4                        . = ALIGN (0x4)
                0x20012ed4                        _ebss = .
                0x20012ed4                        __bss_end__ = _ebss

._user_heap_stack
                0x20012ed4      0x604 load address 0x08007bb8
                0x20012ed8                        . = ALIGN (0x8)
 *fill*         0x20012ed4        0x4 
                [!provide]                        PROVIDE (end = .)
                0x20012ed8                        PROVIDE (_end = .)
                0x200130d8                        . = (. + _Min_Heap_Size)
 *fill*         0x20012ed8      0x200 
                0x200134d8                        . = (. + _Min_Stack_Size)
 *fill*         0x200130d8      0x400 
                0x200134d8                        . = ALIGN (0x8)

/DISCARD/
 libc.a(*)
 libm.a(*)
 libgcc.a(*)

.ARM.attributes
                0x00000000       0x30
 *(.ARM.attributes)
 .ARM.attributes
                0x00000000       0x22 /opt/st/stm32cubeide_1.18.0/plugins/com.st.stm32cube.ide.mcu.externaltools.gnu-tools-for-stm32.13.3.rel1.linux64_1.0.0.202410170706/tools/bin/../lib/gcc/arm-none-eabi/13.3.1/thumb/v7e-m+fp/hard/crti.o
 .ARM.attributes
                0x00000022       0x34 /opt/st/stm32cubeide_1.18.0/plugins/com.st.stm32cube.ide.mcu.externaltools.gnu-tools-for-stm32.13.3.rel1.linux64_1.0.0.202410170706/tools/bin/../lib/gcc/arm-none-eabi/13.3.1/thumb/v7e-m+fp/hard/crtbegin.o
 .ARM.attributes
                0x00000056       0x34 ./Common/third_party/FreeRTOS/list.o
 .ARM.attributes
                0x0000008a       0x34 ./Common/third_party/FreeRTOS/queue.o
 .ARM.attributes
                0x000000be       0x34 ./Common/third_party/FreeRTOS/tasks.o
 .ARM.attributes
                0x000000f2       0x34 ./Common/third_party/FreeRTOS/timers.o
 .ARM.attributes
                0x00000126       0x34 ./Common/third_party/FreeRTOS/portable/GCC/ARM_CM4F/port.o
 .ARM.attributes
                0x0000015a       0x34 ./Common/third_party/FreeRTOS/portable/MemMang/heap_4.o
 .ARM.attributes
                0x0000018e       0x34 ./Core/Src/LedEffect.o
 .ARM.attributes
                0x000001c2       0x34 ./Core/Src/TaskHandlers.o
 .ARM.attributes
                0x000001f6       0x34 ./Core/Src/main.o
 .ARM.attributes
                0x0000022a       0x34 ./Core/Src/stm32f4xx_hal_msp.o
 .ARM.attributes
                0x0000025e       0x34 ./Core/Src/stm32f4xx_hal_timebase_tim.o
 .ARM.attributes
                0x00000292       0x34 ./Core/Src/stm32f4xx_it.o
 .ARM.attributes
                0x000002c6       0x34 ./Core/Src/system_stm32f4xx.o
 .ARM.attributes
                0x000002fa       0x21 ./Core/Startup/startup_stm32f446retx.o
 .ARM.attributes
                0x0000031b       0x34 ./Drivers/STM32F4xx_HAL_Driver/Src/stm32f4xx_hal.o
 .ARM.attributes
                0x0000034f       0x34 ./Drivers/STM32F4xx_HAL_Driver/Src/stm32f4xx_hal_cortex.o
 .ARM.attributes
                0x00000383       0x34 ./Drivers/STM32F4xx_HAL_Driver/Src/stm32f4xx_hal_dma.o
 .ARM.attributes
                0x000003b7       0x34 ./Drivers/STM32F4xx_HAL_Driver/Src/stm32f4xx_hal_gpio.o
 .ARM.attributes
                0x000003eb       0x34 ./Drivers/STM32F4xx_HAL_Driver/Src/stm32f4xx_hal_rcc.o
 .ARM.attributes
                0x0000041f       0x34 ./Drivers/STM32F4xx_HAL_Driver/Src/stm32f4xx_hal_rcc_ex.o
 .ARM.attributes
                0x00000453       0x34 ./Drivers/STM32F4xx_HAL_Driver/Src/stm32f4xx_hal_rtc.o
 .ARM.attributes
                0x00000487       0x34 ./Drivers/STM32F4xx_HAL_Driver/Src/stm32f4xx_hal_tim.o
 .ARM.attributes
                0x000004bb       0x34 ./Drivers/STM32F4xx_HAL_Driver/Src/stm32f4xx_hal_tim_ex.o
 .ARM.attributes
                0x000004ef       0x34 ./Drivers/STM32F4xx_HAL_Driver/Src/stm32f4xx_hal_uart.o
 .ARM.attributes
                0x00000523       0x34 /opt/st/stm32cubeide_1.18.0/plugins/com.st.stm32cube.ide.mcu.externaltools.gnu-tools-for-stm32.13.3.rel1.linux64_1.0.0.202410170706/tools/bin/../lib/gcc/arm-none-eabi/13.3.1/../../../../arm-none-eabi/lib/thumb/v7e-m+fp/hard/libc_nano.a(libc_a-memset.o)
 .ARM.attributes
                0x00000557       0x34 /opt/st/stm32cubeide_1.18.0/plugins/com.st.stm32cube.ide.mcu.externaltools.gnu-tools-for-stm32.13.3.rel1.linux64_1.0.0.202410170706/tools/bin/../lib/gcc/arm-none-eabi/13.3.1/../../../../arm-none-eabi/lib/thumb/v7e-m+fp/hard/libc_nano.a(libc_a-init.o)
 .ARM.attributes
                0x0000058b       0x20 /opt/st/stm32cubeide_1.18.0/plugins/com.st.stm32cube.ide.mcu.externaltools.gnu-tools-for-stm32.13.3.rel1.linux64_1.0.0.202410170706/tools/bin/../lib/gcc/arm-none-eabi/13.3.1/../../../../arm-none-eabi/lib/thumb/v7e-m+fp/hard/libc_nano.a(libc_a-strcmp.o)
 .ARM.attributes
                0x000005ab       0x34 /opt/st/stm32cubeide_1.18.0/plugins/com.st.stm32cube.ide.mcu.externaltools.gnu-tools-for-stm32.13.3.rel1.linux64_1.0.0.202410170706/tools/bin/../lib/gcc/arm-none-eabi/13.3.1/../../../../arm-none-eabi/lib/thumb/v7e-m+fp/hard/libc_nano.a(libc_a-memcpy-stub.o)
 .ARM.attributes
                0x000005df       0x17 /opt/st/stm32cubeide_1.18.0/plugins/com.st.stm32cube.ide.mcu.externaltools.gnu-tools-for-stm32.13.3.rel1.linux64_1.0.0.202410170706/tools/bin/../lib/gcc/arm-none-eabi/13.3.1/../../../../arm-none-eabi/lib/thumb/v7e-m+fp/hard/libc_nano.a(libc_a-strlen.o)
 .ARM.attributes
                0x000005f6       0x22 /opt/st/stm32cubeide_1.18.0/plugins/com.st.stm32cube.ide.mcu.externaltools.gnu-tools-for-stm32.13.3.rel1.linux64_1.0.0.202410170706/tools/bin/../lib/gcc/arm-none-eabi/13.3.1/thumb/v7e-m+fp/hard/libgcc.a(_aeabi_uldivmod.o)
 .ARM.attributes
                0x00000618       0x34 /opt/st/stm32cubeide_1.18.0/plugins/com.st.stm32cube.ide.mcu.externaltools.gnu-tools-for-stm32.13.3.rel1.linux64_1.0.0.202410170706/tools/bin/../lib/gcc/arm-none-eabi/13.3.1/thumb/v7e-m+fp/hard/libgcc.a(_udivmoddi4.o)
 .ARM.attributes
                0x0000064c       0x22 /opt/st/stm32cubeide_1.18.0/plugins/com.st.stm32cube.ide.mcu.externaltools.gnu-tools-for-stm32.13.3.rel1.linux64_1.0.0.202410170706/tools/bin/../lib/gcc/arm-none-eabi/13.3.1/thumb/v7e-m+fp/hard/libgcc.a(_dvmd_tls.o)
 .ARM.attributes
                0x0000066e       0x22 /opt/st/stm32cubeide_1.18.0/plugins/com.st.stm32cube.ide.mcu.externaltools.gnu-tools-for-stm32.13.3.rel1.linux64_1.0.0.202410170706/tools/bin/../lib/gcc/arm-none-eabi/13.3.1/thumb/v7e-m+fp/hard/crtn.o
OUTPUT(FreeRTOS_project.elf elf32-littlearm)
LOAD linker stubs
LOAD /opt/st/stm32cubeide_1.18.0/plugins/com.st.stm32cube.ide.mcu.externaltools.gnu-tools-for-stm32.13.3.rel1.linux64_1.0.0.202410170706/tools/bin/../lib/gcc/arm-none-eabi/13.3.1/../../../../arm-none-eabi/lib/thumb/v7e-m+fp/hard/libc.a
LOAD /opt/st/stm32cubeide_1.18.0/plugins/com.st.stm32cube.ide.mcu.externaltools.gnu-tools-for-stm32.13.3.rel1.linux64_1.0.0.202410170706/tools/bin/../lib/gcc/arm-none-eabi/13.3.1/../../../../arm-none-eabi/lib/thumb/v7e-m+fp/hard/libm.a
LOAD /opt/st/stm32cubeide_1.18.0/plugins/com.st.stm32cube.ide.mcu.externaltools.gnu-tools-for-stm32.13.3.rel1.linux64_1.0.0.202410170706/tools/bin/../lib/gcc/arm-none-eabi/13.3.1/thumb/v7e-m+fp/hard/libgcc.a

.debug_info     0x00000000    0x15ef2
 .debug_info    0x00000000      0x2af ./Common/third_party/FreeRTOS/list.o
 .debug_info    0x000002af     0x184f ./Common/third_party/FreeRTOS/queue.o
 .debug_info    0x00001afe     0x23e3 ./Common/third_party/FreeRTOS/tasks.o
 .debug_info    0x00003ee1      0xe20 ./Common/third_party/FreeRTOS/timers.o
 .debug_info    0x00004d01      0x582 ./Common/third_party/FreeRTOS/portable/GCC/ARM_CM4F/port.o
 .debug_info    0x00005283      0x523 ./Common/third_party/FreeRTOS/portable/MemMang/heap_4.o
 .debug_info    0x000057a6      0x3c4 ./Core/Src/LedEffect.o
 .debug_info    0x00005b6a      0xbcd ./Core/Src/TaskHandlers.o
 .debug_info    0x00006737     0x1818 ./Core/Src/main.o
 .debug_info    0x00007f4f     0x112b ./Core/Src/stm32f4xx_hal_msp.o
 .debug_info    0x0000907a      0xc44 ./Core/Src/stm32f4xx_hal_timebase_tim.o
 .debug_info    0x00009cbe      0x95c ./Core/Src/stm32f4xx_it.o
 .debug_info    0x0000a61a      0x54a ./Core/Src/system_stm32f4xx.o
 .debug_info    0x0000ab64       0x30 ./Core/Startup/startup_stm32f446retx.o
 .debug_info    0x0000ab94      0x99a ./Drivers/STM32F4xx_HAL_Driver/Src/stm32f4xx_hal.o
 .debug_info    0x0000b52e      0xdaa ./Drivers/STM32F4xx_HAL_Driver/Src/stm32f4xx_hal_cortex.o
 .debug_info    0x0000c2d8      0x8e7 ./Drivers/STM32F4xx_HAL_Driver/Src/stm32f4xx_hal_dma.o
 .debug_info    0x0000cbbf      0x70b ./Drivers/STM32F4xx_HAL_Driver/Src/stm32f4xx_hal_gpio.o
 .debug_info    0x0000d2ca      0x8eb ./Drivers/STM32F4xx_HAL_Driver/Src/stm32f4xx_hal_rcc.o
 .debug_info    0x0000dbb5      0x956 ./Drivers/STM32F4xx_HAL_Driver/Src/stm32f4xx_hal_rcc_ex.o
 .debug_info    0x0000e50b      0xc20 ./Drivers/STM32F4xx_HAL_Driver/Src/stm32f4xx_hal_rtc.o
 .debug_info    0x0000f12b     0x299d ./Drivers/STM32F4xx_HAL_Driver/Src/stm32f4xx_hal_tim.o
 .debug_info    0x00011ac8     0x14db ./Drivers/STM32F4xx_HAL_Driver/Src/stm32f4xx_hal_tim_ex.o
 .debug_info    0x00012fa3     0x2f4f ./Drivers/STM32F4xx_HAL_Driver/Src/stm32f4xx_hal_uart.o

.debug_abbrev   0x00000000     0x3607
 .debug_abbrev  0x00000000       0xf5 ./Common/third_party/FreeRTOS/list.o
 .debug_abbrev  0x000000f5      0x323 ./Common/third_party/FreeRTOS/queue.o
 .debug_abbrev  0x00000418      0x38f ./Common/third_party/FreeRTOS/tasks.o
 .debug_abbrev  0x000007a7      0x2cb ./Common/third_party/FreeRTOS/timers.o
 .debug_abbrev  0x00000a72      0x25a ./Common/third_party/FreeRTOS/portable/GCC/ARM_CM4F/port.o
 .debug_abbrev  0x00000ccc      0x256 ./Common/third_party/FreeRTOS/portable/MemMang/heap_4.o
 .debug_abbrev  0x00000f22      0x1cb ./Core/Src/LedEffect.o
 .debug_abbrev  0x000010ed      0x2bc ./Core/Src/TaskHandlers.o
 .debug_abbrev  0x000013a9      0x372 ./Core/Src/main.o
 .debug_abbrev  0x0000171b      0x211 ./Core/Src/stm32f4xx_hal_msp.o
 .debug_abbrev  0x0000192c      0x1f4 ./Core/Src/stm32f4xx_hal_timebase_tim.o
 .debug_abbrev  0x00001b20      0x188 ./Core/Src/stm32f4xx_it.o
 .debug_abbrev  0x00001ca8      0x11a ./Core/Src/system_stm32f4xx.o
 .debug_abbrev  0x00001dc2       0x24 ./Core/Startup/startup_stm32f446retx.o
 .debug_abbrev  0x00001de6      0x214 ./Drivers/STM32F4xx_HAL_Driver/Src/stm32f4xx_hal.o
 .debug_abbrev  0x00001ffa      0x31d ./Drivers/STM32F4xx_HAL_Driver/Src/stm32f4xx_hal_cortex.o
 .debug_abbrev  0x00002317      0x264 ./Drivers/STM32F4xx_HAL_Driver/Src/stm32f4xx_hal_dma.o
 .debug_abbrev  0x0000257b      0x1d4 ./Drivers/STM32F4xx_HAL_Driver/Src/stm32f4xx_hal_gpio.o
 .debug_abbrev  0x0000274f      0x2b7 ./Drivers/STM32F4xx_HAL_Driver/Src/stm32f4xx_hal_rcc.o
 .debug_abbrev  0x00002a06      0x20a ./Drivers/STM32F4xx_HAL_Driver/Src/stm32f4xx_hal_rcc_ex.o
 .debug_abbrev  0x00002c10      0x1ee ./Drivers/STM32F4xx_HAL_Driver/Src/stm32f4xx_hal_rtc.o
 .debug_abbrev  0x00002dfe      0x278 ./Drivers/STM32F4xx_HAL_Driver/Src/stm32f4xx_hal_tim.o
 .debug_abbrev  0x00003076      0x283 ./Drivers/STM32F4xx_HAL_Driver/Src/stm32f4xx_hal_tim_ex.o
 .debug_abbrev  0x000032f9      0x30e ./Drivers/STM32F4xx_HAL_Driver/Src/stm32f4xx_hal_uart.o

.debug_aranges  0x00000000     0x13a0
 .debug_aranges
                0x00000000       0x40 ./Common/third_party/FreeRTOS/list.o
 .debug_aranges
                0x00000040      0x130 ./Common/third_party/FreeRTOS/queue.o
 .debug_aranges
                0x00000170      0x200 ./Common/third_party/FreeRTOS/tasks.o
 .debug_aranges
                0x00000370       0xe8 ./Common/third_party/FreeRTOS/timers.o
 .debug_aranges
                0x00000458       0x88 ./Common/third_party/FreeRTOS/portable/GCC/ARM_CM4F/port.o
 .debug_aranges
                0x000004e0       0x60 ./Common/third_party/FreeRTOS/portable/MemMang/heap_4.o
 .debug_aranges
                0x00000540       0x60 ./Core/Src/LedEffect.o
 .debug_aranges
                0x000005a0       0x58 ./Core/Src/TaskHandlers.o
 .debug_aranges
                0x000005f8       0x60 ./Core/Src/main.o
 .debug_aranges
                0x00000658       0x40 ./Core/Src/stm32f4xx_hal_msp.o
 .debug_aranges
                0x00000698       0x30 ./Core/Src/stm32f4xx_hal_timebase_tim.o
 .debug_aranges
                0x000006c8       0x58 ./Core/Src/stm32f4xx_it.o
 .debug_aranges
                0x00000720       0x28 ./Core/Src/system_stm32f4xx.o
 .debug_aranges
                0x00000748       0x28 ./Core/Startup/startup_stm32f446retx.o
 .debug_aranges
                0x00000770       0xf0 ./Drivers/STM32F4xx_HAL_Driver/Src/stm32f4xx_hal.o
 .debug_aranges
                0x00000860      0x130 ./Drivers/STM32F4xx_HAL_Driver/Src/stm32f4xx_hal_cortex.o
 .debug_aranges
                0x00000990       0x90 ./Drivers/STM32F4xx_HAL_Driver/Src/stm32f4xx_hal_dma.o
 .debug_aranges
                0x00000a20       0x58 ./Drivers/STM32F4xx_HAL_Driver/Src/stm32f4xx_hal_gpio.o
 .debug_aranges
                0x00000a78       0x88 ./Drivers/STM32F4xx_HAL_Driver/Src/stm32f4xx_hal_rcc.o
 .debug_aranges
                0x00000b00       0x78 ./Drivers/STM32F4xx_HAL_Driver/Src/stm32f4xx_hal_rcc_ex.o
 .debug_aranges
                0x00000b78       0xe8 ./Drivers/STM32F4xx_HAL_Driver/Src/stm32f4xx_hal_rtc.o
 .debug_aranges
                0x00000c60      0x3d0 ./Drivers/STM32F4xx_HAL_Driver/Src/stm32f4xx_hal_tim.o
 .debug_aranges
                0x00001030      0x168 ./Drivers/STM32F4xx_HAL_Driver/Src/stm32f4xx_hal_tim_ex.o
 .debug_aranges
                0x00001198      0x208 ./Drivers/STM32F4xx_HAL_Driver/Src/stm32f4xx_hal_uart.o

.debug_rnglists
                0x00000000      0xf42
 .debug_rnglists
                0x00000000       0x2b ./Common/third_party/FreeRTOS/list.o
 .debug_rnglists
                0x0000002b       0xec ./Common/third_party/FreeRTOS/queue.o
 .debug_rnglists
                0x00000117      0x19b ./Common/third_party/FreeRTOS/tasks.o
 .debug_rnglists
                0x000002b2       0xad ./Common/third_party/FreeRTOS/timers.o
 .debug_rnglists
                0x0000035f       0x64 ./Common/third_party/FreeRTOS/portable/GCC/ARM_CM4F/port.o
 .debug_rnglists
                0x000003c3       0x48 ./Common/third_party/FreeRTOS/portable/MemMang/heap_4.o
 .debug_rnglists
                0x0000040b       0x43 ./Core/Src/LedEffect.o
 .debug_rnglists
                0x0000044e       0x40 ./Core/Src/TaskHandlers.o
 .debug_rnglists
                0x0000048e       0x47 ./Core/Src/main.o
 .debug_rnglists
                0x000004d5       0x2c ./Core/Src/stm32f4xx_hal_msp.o
 .debug_rnglists
                0x00000501       0x20 ./Core/Src/stm32f4xx_hal_timebase_tim.o
 .debug_rnglists
                0x00000521       0x3d ./Core/Src/stm32f4xx_it.o
 .debug_rnglists
                0x0000055e       0x1a ./Core/Src/system_stm32f4xx.o
 .debug_rnglists
                0x00000578       0x19 ./Core/Startup/startup_stm32f446retx.o
 .debug_rnglists
                0x00000591       0xaf ./Drivers/STM32F4xx_HAL_Driver/Src/stm32f4xx_hal.o
 .debug_rnglists
                0x00000640       0xe0 ./Drivers/STM32F4xx_HAL_Driver/Src/stm32f4xx_hal_cortex.o
 .debug_rnglists
                0x00000720       0x70 ./Drivers/STM32F4xx_HAL_Driver/Src/stm32f4xx_hal_dma.o
 .debug_rnglists
                0x00000790       0x3f ./Drivers/STM32F4xx_HAL_Driver/Src/stm32f4xx_hal_gpio.o
 .debug_rnglists
                0x000007cf       0x66 ./Drivers/STM32F4xx_HAL_Driver/Src/stm32f4xx_hal_rcc.o
 .debug_rnglists
                0x00000835       0x5e ./Drivers/STM32F4xx_HAL_Driver/Src/stm32f4xx_hal_rcc_ex.o
 .debug_rnglists
                0x00000893       0xb4 ./Drivers/STM32F4xx_HAL_Driver/Src/stm32f4xx_hal_rtc.o
 .debug_rnglists
                0x00000947      0x31a ./Drivers/STM32F4xx_HAL_Driver/Src/stm32f4xx_hal_tim.o
 .debug_rnglists
                0x00000c61      0x125 ./Drivers/STM32F4xx_HAL_Driver/Src/stm32f4xx_hal_tim_ex.o
 .debug_rnglists
                0x00000d86      0x1bc ./Drivers/STM32F4xx_HAL_Driver/Src/stm32f4xx_hal_uart.o

.debug_macro    0x00000000    0x22a58
 .debug_macro   0x00000000      0x198 ./Common/third_party/FreeRTOS/list.o
 .debug_macro   0x00000198      0x22f ./Common/third_party/FreeRTOS/queue.o
 .debug_macro   0x000003c7       0x16 ./Common/third_party/FreeRTOS/queue.o
 .debug_macro   0x000003dd       0x3c ./Common/third_party/FreeRTOS/queue.o
 .debug_macro   0x00000419       0x20 ./Common/third_party/FreeRTOS/queue.o
 .debug_macro   0x00000439       0x80 ./Common/third_party/FreeRTOS/queue.o
 .debug_macro   0x000004b9      0x285 ./Common/third_party/FreeRTOS/tasks.o
 .debug_macro   0x0000073e       0x17 ./Common/third_party/FreeRTOS/tasks.o
 .debug_macro   0x00000755      0x1e7 ./Common/third_party/FreeRTOS/timers.o
 .debug_macro   0x0000093c       0x97 ./Common/third_party/FreeRTOS/timers.o
 .debug_macro   0x000009d3      0x1a7 ./Common/third_party/FreeRTOS/portable/GCC/ARM_CM4F/port.o
 .debug_macro   0x00000b7a      0x219 ./Common/third_party/FreeRTOS/portable/MemMang/heap_4.o
 .debug_macro   0x00000d93      0x381 ./Core/Src/LedEffect.o
 .debug_macro   0x00001114      0x2a1 ./Core/Src/LedEffect.o
 .debug_macro   0x000013b5       0x2e ./Core/Src/LedEffect.o
 .debug_macro   0x000013e3       0x28 ./Core/Src/LedEffect.o
 .debug_macro   0x0000140b       0x1c ./Core/Src/LedEffect.o
 .debug_macro   0x00001427       0x22 ./Core/Src/LedEffect.o
 .debug_macro   0x00001449       0xfb ./Core/Src/LedEffect.o
 .debug_macro   0x00001544     0x1011 ./Core/Src/LedEffect.o
 .debug_macro   0x00002555      0x11f ./Core/Src/LedEffect.o
 .debug_macro   0x00002674    0x16749 ./Core/Src/LedEffect.o
 .debug_macro   0x00018dbd       0x6d ./Core/Src/LedEffect.o
 .debug_macro   0x00018e2a     0x369a ./Core/Src/LedEffect.o
 .debug_macro   0x0001c4c4       0x5c ./Core/Src/LedEffect.o
 .debug_macro   0x0001c520      0xca5 ./Core/Src/LedEffect.o
 .debug_macro   0x0001d1c5      0x9e9 ./Core/Src/LedEffect.o
 .debug_macro   0x0001dbae      0x115 ./Core/Src/LedEffect.o
 .debug_macro   0x0001dcc3      0x1a0 ./Core/Src/LedEffect.o
 .debug_macro   0x0001de63       0xa5 ./Core/Src/LedEffect.o
 .debug_macro   0x0001df08      0x16d ./Core/Src/LedEffect.o
 .debug_macro   0x0001e075      0x287 ./Core/Src/LedEffect.o
 .debug_macro   0x0001e2fc       0x5f ./Core/Src/LedEffect.o
 .debug_macro   0x0001e35b      0x236 ./Core/Src/LedEffect.o
 .debug_macro   0x0001e591      0x132 ./Core/Src/LedEffect.o
 .debug_macro   0x0001e6c3      0x29c ./Core/Src/LedEffect.o
 .debug_macro   0x0001e95f       0x2e ./Core/Src/LedEffect.o
 .debug_macro   0x0001e98d      0x127 ./Core/Src/LedEffect.o
 .debug_macro   0x0001eab4       0xe8 ./Core/Src/LedEffect.o
 .debug_macro   0x0001eb9c       0x89 ./Core/Src/LedEffect.o
 .debug_macro   0x0001ec25      0x30c ./Core/Src/LedEffect.o
 .debug_macro   0x0001ef31      0x44b ./Core/Src/LedEffect.o
 .debug_macro   0x0001f37c       0xeb ./Core/Src/LedEffect.o
 .debug_macro   0x0001f467      0x8ed ./Core/Src/LedEffect.o
 .debug_macro   0x0001fd54       0x53 ./Core/Src/LedEffect.o
 .debug_macro   0x0001fda7      0x2aa ./Core/Src/LedEffect.o
 .debug_macro   0x00020051      0x126 ./Core/Src/LedEffect.o
 .debug_macro   0x00020177      0x114 ./Core/Src/LedEffect.o
 .debug_macro   0x0002028b       0x1c ./Core/Src/LedEffect.o
 .debug_macro   0x000202a7       0x10 ./Core/Src/LedEffect.o
 .debug_macro   0x000202b7       0x1c ./Core/Src/LedEffect.o
 .debug_macro   0x000202d3       0x16 ./Core/Src/LedEffect.o
 .debug_macro   0x000202e9      0x146 ./Core/Src/LedEffect.o
 .debug_macro   0x0002042f       0x90 ./Core/Src/LedEffect.o
 .debug_macro   0x000204bf      0x3a5 ./Core/Src/TaskHandlers.o
 .debug_macro   0x00020864      0x381 ./Core/Src/main.o
 .debug_macro   0x00020be5      0x381 ./Core/Src/stm32f4xx_hal_msp.o
 .debug_macro   0x00020f66      0x1e7 ./Core/Src/stm32f4xx_hal_timebase_tim.o
 .debug_macro   0x0002114d      0x38b ./Core/Src/stm32f4xx_it.o
 .debug_macro   0x000214d8      0x1e7 ./Core/Src/system_stm32f4xx.o
 .debug_macro   0x000216bf      0x247 ./Drivers/STM32F4xx_HAL_Driver/Src/stm32f4xx_hal.o
 .debug_macro   0x00021906      0x1e7 ./Drivers/STM32F4xx_HAL_Driver/Src/stm32f4xx_hal_cortex.o
 .debug_macro   0x00021aed      0x1ed ./Drivers/STM32F4xx_HAL_Driver/Src/stm32f4xx_hal_dma.o
 .debug_macro   0x00021cda      0x1ed ./Drivers/STM32F4xx_HAL_Driver/Src/stm32f4xx_hal_gpio.o
 .debug_macro   0x00021ec7      0x20b ./Drivers/STM32F4xx_HAL_Driver/Src/stm32f4xx_hal_rcc.o
 .debug_macro   0x000220d2      0x1e7 ./Drivers/STM32F4xx_HAL_Driver/Src/stm32f4xx_hal_rcc_ex.o
 .debug_macro   0x000222b9      0x1e8 ./Drivers/STM32F4xx_HAL_Driver/Src/stm32f4xx_hal_rtc.o
 .debug_macro   0x000224a1      0x1e8 ./Drivers/STM32F4xx_HAL_Driver/Src/stm32f4xx_hal_tim.o
 .debug_macro   0x00022689      0x1e7 ./Drivers/STM32F4xx_HAL_Driver/Src/stm32f4xx_hal_tim_ex.o
 .debug_macro   0x00022870      0x1e8 ./Drivers/STM32F4xx_HAL_Driver/Src/stm32f4xx_hal_uart.o

.debug_line     0x00000000    0x172df
 .debug_line    0x00000000      0x6cd ./Common/third_party/FreeRTOS/list.o
 .debug_line    0x000006cd     0x1590 ./Common/third_party/FreeRTOS/queue.o
 .debug_line    0x00001c5d     0x1bc4 ./Common/third_party/FreeRTOS/tasks.o
 .debug_line    0x00003821      0xbe4 ./Common/third_party/FreeRTOS/timers.o
 .debug_line    0x00004405      0x7e2 ./Common/third_party/FreeRTOS/portable/GCC/ARM_CM4F/port.o
 .debug_line    0x00004be7      0x93c ./Common/third_party/FreeRTOS/portable/MemMang/heap_4.o
 .debug_line    0x00005523      0xa6f ./Core/Src/LedEffect.o
 .debug_line    0x00005f92      0xc4d ./Core/Src/TaskHandlers.o
 .debug_line    0x00006bdf      0xbd3 ./Core/Src/main.o
 .debug_line    0x000077b2      0x9ee ./Core/Src/stm32f4xx_hal_msp.o
 .debug_line    0x000081a0      0x73a ./Core/Src/stm32f4xx_hal_timebase_tim.o
 .debug_line    0x000088da      0x9ee ./Core/Src/stm32f4xx_it.o
 .debug_line    0x000092c8      0x741 ./Core/Src/system_stm32f4xx.o
 .debug_line    0x00009a09       0x7a ./Core/Startup/startup_stm32f446retx.o
 .debug_line    0x00009a83      0x9ae ./Drivers/STM32F4xx_HAL_Driver/Src/stm32f4xx_hal.o
 .debug_line    0x0000a431      0xc7e ./Drivers/STM32F4xx_HAL_Driver/Src/stm32f4xx_hal_cortex.o
 .debug_line    0x0000b0af      0xf1a ./Drivers/STM32F4xx_HAL_Driver/Src/stm32f4xx_hal_dma.o
 .debug_line    0x0000bfc9      0xaf2 ./Drivers/STM32F4xx_HAL_Driver/Src/stm32f4xx_hal_gpio.o
 .debug_line    0x0000cabb      0xdc9 ./Drivers/STM32F4xx_HAL_Driver/Src/stm32f4xx_hal_rcc.o
 .debug_line    0x0000d884     0x147a ./Drivers/STM32F4xx_HAL_Driver/Src/stm32f4xx_hal_rcc_ex.o
 .debug_line    0x0000ecfe     0x10eb ./Drivers/STM32F4xx_HAL_Driver/Src/stm32f4xx_hal_rtc.o
 .debug_line    0x0000fde9     0x372b ./Drivers/STM32F4xx_HAL_Driver/Src/stm32f4xx_hal_tim.o
 .debug_line    0x00013514     0x190e ./Drivers/STM32F4xx_HAL_Driver/Src/stm32f4xx_hal_tim_ex.o
 .debug_line    0x00014e22     0x24bd ./Drivers/STM32F4xx_HAL_Driver/Src/stm32f4xx_hal_uart.o

.debug_str      0x00000000    0xe074e
 .debug_str     0x00000000    0xe074e ./Common/third_party/FreeRTOS/list.o
                               0xb3ef (size before relaxing)
 .debug_str     0x000e074e     0xdaee ./Common/third_party/FreeRTOS/queue.o
 .debug_str     0x000e074e     0xe625 ./Common/third_party/FreeRTOS/tasks.o
 .debug_str     0x000e074e     0xdc6e ./Common/third_party/FreeRTOS/timers.o
 .debug_str     0x000e074e     0x9ba7 ./Common/third_party/FreeRTOS/portable/GCC/ARM_CM4F/port.o
 .debug_str     0x000e074e     0xcc19 ./Common/third_party/FreeRTOS/portable/MemMang/heap_4.o
 .debug_str     0x000e074e    0xd8b9e ./Core/Src/LedEffect.o
 .debug_str     0x000e074e    0xd931f ./Core/Src/TaskHandlers.o
 .debug_str     0x000e074e    0xd9a7b ./Core/Src/main.o
 .debug_str     0x000e074e    0xd99b0 ./Core/Src/stm32f4xx_hal_msp.o
 .debug_str     0x000e074e    0xcfcfc ./Core/Src/stm32f4xx_hal_timebase_tim.o
 .debug_str     0x000e074e    0xd91d1 ./Core/Src/stm32f4xx_it.o
 .debug_str     0x000e074e    0xcf1c4 ./Core/Src/system_stm32f4xx.o
 .debug_str     0x000e074e       0x6c ./Core/Startup/startup_stm32f446retx.o
 .debug_str     0x000e074e    0xcfd89 ./Drivers/STM32F4xx_HAL_Driver/Src/stm32f4xx_hal.o
 .debug_str     0x000e074e    0xcfae0 ./Drivers/STM32F4xx_HAL_Driver/Src/stm32f4xx_hal_cortex.o
 .debug_str     0x000e074e    0xcf5b9 ./Drivers/STM32F4xx_HAL_Driver/Src/stm32f4xx_hal_dma.o
 .debug_str     0x000e074e    0xcf33f ./Drivers/STM32F4xx_HAL_Driver/Src/stm32f4xx_hal_gpio.o
 .debug_str     0x000e074e    0xcf5fd ./Drivers/STM32F4xx_HAL_Driver/Src/stm32f4xx_hal_rcc.o
 .debug_str     0x000e074e    0xcf630 ./Drivers/STM32F4xx_HAL_Driver/Src/stm32f4xx_hal_rcc_ex.o
 .debug_str     0x000e074e    0xcf60e ./Drivers/STM32F4xx_HAL_Driver/Src/stm32f4xx_hal_rtc.o
 .debug_str     0x000e074e    0xd0529 ./Drivers/STM32F4xx_HAL_Driver/Src/stm32f4xx_hal_tim.o
 .debug_str     0x000e074e    0xcfd35 ./Drivers/STM32F4xx_HAL_Driver/Src/stm32f4xx_hal_tim_ex.o
 .debug_str     0x000e074e    0xcfbb4 ./Drivers/STM32F4xx_HAL_Driver/Src/stm32f4xx_hal_uart.o

.comment        0x00000000       0x43
 .comment       0x00000000       0x43 ./Common/third_party/FreeRTOS/list.o
                                 0x44 (size before relaxing)
 .comment       0x00000043       0x44 ./Common/third_party/FreeRTOS/queue.o
 .comment       0x00000043       0x44 ./Common/third_party/FreeRTOS/tasks.o
 .comment       0x00000043       0x44 ./Common/third_party/FreeRTOS/timers.o
 .comment       0x00000043       0x44 ./Common/third_party/FreeRTOS/portable/GCC/ARM_CM4F/port.o
 .comment       0x00000043       0x44 ./Common/third_party/FreeRTOS/portable/MemMang/heap_4.o
 .comment       0x00000043       0x44 ./Core/Src/LedEffect.o
 .comment       0x00000043       0x44 ./Core/Src/TaskHandlers.o
 .comment       0x00000043       0x44 ./Core/Src/main.o
 .comment       0x00000043       0x44 ./Core/Src/stm32f4xx_hal_msp.o
 .comment       0x00000043       0x44 ./Core/Src/stm32f4xx_hal_timebase_tim.o
 .comment       0x00000043       0x44 ./Core/Src/stm32f4xx_it.o
 .comment       0x00000043       0x44 ./Core/Src/system_stm32f4xx.o
 .comment       0x00000043       0x44 ./Drivers/STM32F4xx_HAL_Driver/Src/stm32f4xx_hal.o
 .comment       0x00000043       0x44 ./Drivers/STM32F4xx_HAL_Driver/Src/stm32f4xx_hal_cortex.o
 .comment       0x00000043       0x44 ./Drivers/STM32F4xx_HAL_Driver/Src/stm32f4xx_hal_dma.o
 .comment       0x00000043       0x44 ./Drivers/STM32F4xx_HAL_Driver/Src/stm32f4xx_hal_gpio.o
 .comment       0x00000043       0x44 ./Drivers/STM32F4xx_HAL_Driver/Src/stm32f4xx_hal_rcc.o
 .comment       0x00000043       0x44 ./Drivers/STM32F4xx_HAL_Driver/Src/stm32f4xx_hal_rcc_ex.o
 .comment       0x00000043       0x44 ./Drivers/STM32F4xx_HAL_Driver/Src/stm32f4xx_hal_rtc.o
 .comment       0x00000043       0x44 ./Drivers/STM32F4xx_HAL_Driver/Src/stm32f4xx_hal_tim.o
 .comment       0x00000043       0x44 ./Drivers/STM32F4xx_HAL_Driver/Src/stm32f4xx_hal_tim_ex.o
 .comment       0x00000043       0x44 ./Drivers/STM32F4xx_HAL_Driver/Src/stm32f4xx_hal_uart.o

.debug_frame    0x00000000     0x51e0
 .debug_frame   0x00000000       0xd8 ./Common/third_party/FreeRTOS/list.o
 .debug_frame   0x000000d8      0x530 ./Common/third_party/FreeRTOS/queue.o
 .debug_frame   0x00000608      0x8d0 ./Common/third_party/FreeRTOS/tasks.o
 .debug_frame   0x00000ed8      0x3c8 ./Common/third_party/FreeRTOS/timers.o
 .debug_frame   0x000012a0      0x1d0 ./Common/third_party/FreeRTOS/portable/GCC/ARM_CM4F/port.o
 .debug_frame   0x00001470      0x150 ./Common/third_party/FreeRTOS/portable/MemMang/heap_4.o
 .debug_frame   0x000015c0      0x130 ./Core/Src/LedEffect.o
 .debug_frame   0x000016f0      0x120 ./Core/Src/TaskHandlers.o
 .debug_frame   0x00001810      0x134 ./Core/Src/main.o
 .debug_frame   0x00001944       0xc8 ./Core/Src/stm32f4xx_hal_msp.o
 .debug_frame   0x00001a0c       0x74 ./Core/Src/stm32f4xx_hal_timebase_tim.o
 .debug_frame   0x00001a80       0xe0 ./Core/Src/stm32f4xx_it.o
 .debug_frame   0x00001b60       0x58 ./Core/Src/system_stm32f4xx.o
 .debug_frame   0x00001bb8      0x374 ./Drivers/STM32F4xx_HAL_Driver/Src/stm32f4xx_hal.o
 .debug_frame   0x00001f2c      0x508 ./Drivers/STM32F4xx_HAL_Driver/Src/stm32f4xx_hal_cortex.o
 .debug_frame   0x00002434      0x250 ./Drivers/STM32F4xx_HAL_Driver/Src/stm32f4xx_hal_dma.o
 .debug_frame   0x00002684      0x14c ./Drivers/STM32F4xx_HAL_Driver/Src/stm32f4xx_hal_gpio.o
 .debug_frame   0x000027d0      0x1f4 ./Drivers/STM32F4xx_HAL_Driver/Src/stm32f4xx_hal_rcc.o
 .debug_frame   0x000029c4      0x1e8 ./Drivers/STM32F4xx_HAL_Driver/Src/stm32f4xx_hal_rcc_ex.o
 .debug_frame   0x00002bac      0x3f4 ./Drivers/STM32F4xx_HAL_Driver/Src/stm32f4xx_hal_rtc.o
 .debug_frame   0x00002fa0     0x11c0 ./Drivers/STM32F4xx_HAL_Driver/Src/stm32f4xx_hal_tim.o
 .debug_frame   0x00004160      0x638 ./Drivers/STM32F4xx_HAL_Driver/Src/stm32f4xx_hal_tim_ex.o
 .debug_frame   0x00004798      0x954 ./Drivers/STM32F4xx_HAL_Driver/Src/stm32f4xx_hal_uart.o
 .debug_frame   0x000050ec       0x20 /opt/st/stm32cubeide_1.18.0/plugins/com.st.stm32cube.ide.mcu.externaltools.gnu-tools-for-stm32.13.3.rel1.linux64_1.0.0.202410170706/tools/bin/../lib/gcc/arm-none-eabi/13.3.1/../../../../arm-none-eabi/lib/thumb/v7e-m+fp/hard/libc_nano.a(libc_a-memset.o)
 .debug_frame   0x0000510c       0x2c /opt/st/stm32cubeide_1.18.0/plugins/com.st.stm32cube.ide.mcu.externaltools.gnu-tools-for-stm32.13.3.rel1.linux64_1.0.0.202410170706/tools/bin/../lib/gcc/arm-none-eabi/13.3.1/../../../../arm-none-eabi/lib/thumb/v7e-m+fp/hard/libc_nano.a(libc_a-init.o)
 .debug_frame   0x00005138       0x20 /opt/st/stm32cubeide_1.18.0/plugins/com.st.stm32cube.ide.mcu.externaltools.gnu-tools-for-stm32.13.3.rel1.linux64_1.0.0.202410170706/tools/bin/../lib/gcc/arm-none-eabi/13.3.1/../../../../arm-none-eabi/lib/thumb/v7e-m+fp/hard/libc_nano.a(libc_a-strcmp.o)
 .debug_frame   0x00005158       0x28 /opt/st/stm32cubeide_1.18.0/plugins/com.st.stm32cube.ide.mcu.externaltools.gnu-tools-for-stm32.13.3.rel1.linux64_1.0.0.202410170706/tools/bin/../lib/gcc/arm-none-eabi/13.3.1/../../../../arm-none-eabi/lib/thumb/v7e-m+fp/hard/libc_nano.a(libc_a-memcpy-stub.o)
 .debug_frame   0x00005180       0x2c /opt/st/stm32cubeide_1.18.0/plugins/com.st.stm32cube.ide.mcu.externaltools.gnu-tools-for-stm32.13.3.rel1.linux64_1.0.0.202410170706/tools/bin/../lib/gcc/arm-none-eabi/13.3.1/thumb/v7e-m+fp/hard/libgcc.a(_aeabi_uldivmod.o)
 .debug_frame   0x000051ac       0x34 /opt/st/stm32cubeide_1.18.0/plugins/com.st.stm32cube.ide.mcu.externaltools.gnu-tools-for-stm32.13.3.rel1.linux64_1.0.0.202410170706/tools/bin/../lib/gcc/arm-none-eabi/13.3.1/thumb/v7e-m+fp/hard/libgcc.a(_udivmoddi4.o)

.debug_line_str
                0x00000000       0x50
 .debug_line_str
                0x00000000       0x50 ./Core/Startup/startup_stm32f446retx.o
