../Core/Inc/BaseTask.hpp:12:5:BaseTask::BaseTask(const char*, uint16_t, UBaseType_t)	24	static
../Core/Inc/BaseTask.hpp:32:18:tskTaskControlBlock* BaseTask::GetTaskHandle()	16	static
../Core/Src/TaskHandler.cpp:31:6:void callBackFunc(TimerHandle_t)	24	static
../Core/Src/TaskHandler.cpp:47:1:MenuTask::MenuTask()	16	static
../Core/Src/TaskHandler.cpp:52:6:virtual void MenuTask::run()	40	static
../Core/Src/TaskHandler.cpp:95:1:PrintTask::PrintTask()	16	static
../Core/Src/TaskHandler.cpp:98:6:virtual void PrintTask::run()	32	static
../Core/Src/TaskHandler.cpp:111:1:CmdHandleTask::CmdHandleTask()	16	static
../Core/Src/TaskHandler.cpp:115:6:virtual void CmdHandleTask::run()	40	static
../Core/Src/TaskHandler.cpp:131:6:void CmdHandleTask::ProcessCmd(Cmd_t&)	32	static
../Core/Src/TaskHandler.cpp:152:6:void CmdHandleTask::ExtractCmd(Cmd_t&)	24	static
../Core/Src/TaskHandler.cpp:177:1:LedTask::LedTask()	16	static
../Core/Src/TaskHandler.cpp:180:6:virtual void LedTask::run()	40	static
../Core/Src/TaskHandler.cpp:225:6:bool LedTask::handleLedCommand(Cmd_t*&)	16	static
../Core/Src/TaskHandler.cpp:269:6:void LedTask::ledEffectStop()	24	static
../Core/Src/TaskHandler.cpp:279:6:void LedTask::ledEffectStart(int)	16	static
../Core/Src/TaskHandler.cpp:288:6:void LedTask::ledEffectAction(int)	16	static
../Core/Src/TaskHandler.cpp:317:1:RTCTask::RTCTask()	16	static
../Core/Src/TaskHandler.cpp:320:6:virtual void RTCTask::run()	40	static
../Core/Src/TaskHandler.cpp:366:6:void RTCTask::handleTimeConfig()	24	static
../Core/Src/TaskHandler.cpp:393:6:void RTCTask::handleDateConfig()	24	static
../Core/Src/TaskHandler.cpp:419:9:uint8_t RTCTask::getUserInput(const char*)	32	static
../Core/Src/TaskHandler.cpp:431:9:uint8_t RTCTask::processConfigType(Cmd_t*&)	16	static
../Core/Src/TaskHandler.cpp:456:9:uint8_t RTCTask::GetNumber(Cmd_t*&)	16	static
../Core/Src/TaskHandler.cpp:471:15:CheckValid_En RTCTask::processHour(uint8_t)	16	static
../Core/Src/TaskHandler.cpp:480:15:CheckValid_En RTCTask::processMin(uint8_t)	16	static
../Core/Src/TaskHandler.cpp:489:15:CheckValid_En RTCTask::processSec(uint8_t)	16	static
../Core/Src/TaskHandler.cpp:499:15:CheckValid_En RTCTask::processDate(uint8_t)	16	static
../Core/Src/TaskHandler.cpp:511:15:CheckValid_En RTCTask::processMonth(uint8_t)	16	static
../Core/Src/TaskHandler.cpp:523:15:CheckValid_En RTCTask::processYear(uint8_t)	16	static
../Core/Src/TaskHandler.cpp:537:6:void RTCTask::printDateTime()	56	static
../Core/Inc/Queue_Wrapper.hpp:25:10:bool Queue<T>::send(T&, TickType_t) [with T = const char*]	24	static
../Core/Inc/Queue_Wrapper.hpp:37:10:bool Queue<T>::receive(T&, TickType_t) [with T = const char*]	24	static
../Core/Inc/Queue_Wrapper.hpp:48:17:UBaseType_t Queue<T>::getQueueSize() [with T = char]	16	static
../Core/Inc/Queue_Wrapper.hpp:37:10:bool Queue<T>::receive(T&, TickType_t) [with T = char]	24	static
../Core/Src/TaskHandler.cpp:548:1:void __static_initialization_and_destruction_0()	24	static
../Core/Src/TaskHandler.cpp:548:1:cpp)	8	static
