../Src/OS_MCAL_prog.c:31:29:Stack_Schedular_Stack_init	0	static,ignoring_inline_asm
../Src/OS_MCAL_prog.c:41:6:STK_init	24	static
../Src/OS_MCAL_prog.c:62:29:PendSV_Handler	0	static,ignoring_inline_asm
../Src/OS_MCAL_prog.c:100:6:unblock_tasks	16	static
../Src/OS_MCAL_prog.c:116:6:SysTick_Handler	8	static
../Src/OS_MCAL_prog.c:128:6:init_tasks_stack	24	static
../Src/OS_MCAL_prog.c:180:29:change_to_PSP	0	static,ignoring_inline_asm
../Src/OS_MCAL_prog.c:214:10:get_cur_PSP_value	4	static
../Src/OS_MCAL_prog.c:219:6:save_PSP_value	16	static
../Src/OS_MCAL_prog.c:224:6:update_next_task	16	static
../Src/OS_MCAL_prog.c:249:6:task_delay	16	static,ignoring_inline_asm
../Src/OS_MCAL_prog.c:271:6:enable_system_faults	4	static
../Src/OS_MCAL_prog.c:277:6:HardFault_Handler	4	static
../Src/OS_MCAL_prog.c:281:6:MemManage_Handler	4	static
../Src/OS_MCAL_prog.c:285:6:BusFault_Handler	4	static
../Src/OS_MCAL_prog.c:289:6:UsageFault_Handler	4	static
../Src/OS_MCAL_prog.c:295:6:idle_task_handler	4	static
