Archive member included to satisfy reference by file (symbol)

d:/my_data/abdelmegeed/arm_programms/en.st-st_installation/stm32cubeide/plugins/com.st.stm32cube.ide.mcu.externaltools.gnu-tools-for-stm32.10.3-2021.10.win32_1.0.200.202301161003/tools/bin/../lib/gcc/arm-none-eabi/10.3.1/../../../../arm-none-eabi/lib/thumb/v7e-m+fp/hard\libc_nano.a(lib_a-errno.o)
                              ./Src/syscalls.o (__errno)
d:/my_data/abdelmegeed/arm_programms/en.st-st_installation/stm32cubeide/plugins/com.st.stm32cube.ide.mcu.externaltools.gnu-tools-for-stm32.10.3-2021.10.win32_1.0.200.202301161003/tools/bin/../lib/gcc/arm-none-eabi/10.3.1/../../../../arm-none-eabi/lib/thumb/v7e-m+fp/hard\libc_nano.a(lib_a-exit.o)
                              d:/my_data/abdelmegeed/arm_programms/en.st-st_installation/stm32cubeide/plugins/com.st.stm32cube.ide.mcu.externaltools.gnu-tools-for-stm32.10.3-2021.10.win32_1.0.200.202301161003/tools/bin/../lib/gcc/arm-none-eabi/10.3.1/../../../../arm-none-eabi/lib/thumb/v7e-m+fp/hard/crt0.o (exit)
d:/my_data/abdelmegeed/arm_programms/en.st-st_installation/stm32cubeide/plugins/com.st.stm32cube.ide.mcu.externaltools.gnu-tools-for-stm32.10.3-2021.10.win32_1.0.200.202301161003/tools/bin/../lib/gcc/arm-none-eabi/10.3.1/../../../../arm-none-eabi/lib/thumb/v7e-m+fp/hard\libc_nano.a(lib_a-impure.o)
                              d:/my_data/abdelmegeed/arm_programms/en.st-st_installation/stm32cubeide/plugins/com.st.stm32cube.ide.mcu.externaltools.gnu-tools-for-stm32.10.3-2021.10.win32_1.0.200.202301161003/tools/bin/../lib/gcc/arm-none-eabi/10.3.1/../../../../arm-none-eabi/lib/thumb/v7e-m+fp/hard\libc_nano.a(lib_a-exit.o) (_global_impure_ptr)
d:/my_data/abdelmegeed/arm_programms/en.st-st_installation/stm32cubeide/plugins/com.st.stm32cube.ide.mcu.externaltools.gnu-tools-for-stm32.10.3-2021.10.win32_1.0.200.202301161003/tools/bin/../lib/gcc/arm-none-eabi/10.3.1/../../../../arm-none-eabi/lib/thumb/v7e-m+fp/hard\libc_nano.a(lib_a-init.o)
                              d:/my_data/abdelmegeed/arm_programms/en.st-st_installation/stm32cubeide/plugins/com.st.stm32cube.ide.mcu.externaltools.gnu-tools-for-stm32.10.3-2021.10.win32_1.0.200.202301161003/tools/bin/../lib/gcc/arm-none-eabi/10.3.1/../../../../arm-none-eabi/lib/thumb/v7e-m+fp/hard/crt0.o (__libc_init_array)
d:/my_data/abdelmegeed/arm_programms/en.st-st_installation/stm32cubeide/plugins/com.st.stm32cube.ide.mcu.externaltools.gnu-tools-for-stm32.10.3-2021.10.win32_1.0.200.202301161003/tools/bin/../lib/gcc/arm-none-eabi/10.3.1/../../../../arm-none-eabi/lib/thumb/v7e-m+fp/hard\libc_nano.a(lib_a-memset.o)
                              d:/my_data/abdelmegeed/arm_programms/en.st-st_installation/stm32cubeide/plugins/com.st.stm32cube.ide.mcu.externaltools.gnu-tools-for-stm32.10.3-2021.10.win32_1.0.200.202301161003/tools/bin/../lib/gcc/arm-none-eabi/10.3.1/../../../../arm-none-eabi/lib/thumb/v7e-m+fp/hard/crt0.o (memset)

Discarded input sections

 .text          0x0000000000000000        0x0 d:/my_data/abdelmegeed/arm_programms/en.st-st_installation/stm32cubeide/plugins/com.st.stm32cube.ide.mcu.externaltools.gnu-tools-for-stm32.10.3-2021.10.win32_1.0.200.202301161003/tools/bin/../lib/gcc/arm-none-eabi/10.3.1/thumb/v7e-m+fp/hard/crti.o
 .data          0x0000000000000000        0x0 d:/my_data/abdelmegeed/arm_programms/en.st-st_installation/stm32cubeide/plugins/com.st.stm32cube.ide.mcu.externaltools.gnu-tools-for-stm32.10.3-2021.10.win32_1.0.200.202301161003/tools/bin/../lib/gcc/arm-none-eabi/10.3.1/thumb/v7e-m+fp/hard/crti.o
 .bss           0x0000000000000000        0x0 d:/my_data/abdelmegeed/arm_programms/en.st-st_installation/stm32cubeide/plugins/com.st.stm32cube.ide.mcu.externaltools.gnu-tools-for-stm32.10.3-2021.10.win32_1.0.200.202301161003/tools/bin/../lib/gcc/arm-none-eabi/10.3.1/thumb/v7e-m+fp/hard/crti.o
 .data          0x0000000000000000        0x4 d:/my_data/abdelmegeed/arm_programms/en.st-st_installation/stm32cubeide/plugins/com.st.stm32cube.ide.mcu.externaltools.gnu-tools-for-stm32.10.3-2021.10.win32_1.0.200.202301161003/tools/bin/../lib/gcc/arm-none-eabi/10.3.1/thumb/v7e-m+fp/hard/crtbegin.o
 .rodata        0x0000000000000000       0x24 d:/my_data/abdelmegeed/arm_programms/en.st-st_installation/stm32cubeide/plugins/com.st.stm32cube.ide.mcu.externaltools.gnu-tools-for-stm32.10.3-2021.10.win32_1.0.200.202301161003/tools/bin/../lib/gcc/arm-none-eabi/10.3.1/thumb/v7e-m+fp/hard/crtbegin.o
 .text          0x0000000000000000       0x7c d:/my_data/abdelmegeed/arm_programms/en.st-st_installation/stm32cubeide/plugins/com.st.stm32cube.ide.mcu.externaltools.gnu-tools-for-stm32.10.3-2021.10.win32_1.0.200.202301161003/tools/bin/../lib/gcc/arm-none-eabi/10.3.1/../../../../arm-none-eabi/lib/thumb/v7e-m+fp/hard/crt0.o
 .data          0x0000000000000000        0x0 d:/my_data/abdelmegeed/arm_programms/en.st-st_installation/stm32cubeide/plugins/com.st.stm32cube.ide.mcu.externaltools.gnu-tools-for-stm32.10.3-2021.10.win32_1.0.200.202301161003/tools/bin/../lib/gcc/arm-none-eabi/10.3.1/../../../../arm-none-eabi/lib/thumb/v7e-m+fp/hard/crt0.o
 .bss           0x0000000000000000        0x0 d:/my_data/abdelmegeed/arm_programms/en.st-st_installation/stm32cubeide/plugins/com.st.stm32cube.ide.mcu.externaltools.gnu-tools-for-stm32.10.3-2021.10.win32_1.0.200.202301161003/tools/bin/../lib/gcc/arm-none-eabi/10.3.1/../../../../arm-none-eabi/lib/thumb/v7e-m+fp/hard/crt0.o
 .ARM.extab     0x0000000000000000        0x0 d:/my_data/abdelmegeed/arm_programms/en.st-st_installation/stm32cubeide/plugins/com.st.stm32cube.ide.mcu.externaltools.gnu-tools-for-stm32.10.3-2021.10.win32_1.0.200.202301161003/tools/bin/../lib/gcc/arm-none-eabi/10.3.1/../../../../arm-none-eabi/lib/thumb/v7e-m+fp/hard/crt0.o
 .ARM.exidx     0x0000000000000000       0x10 d:/my_data/abdelmegeed/arm_programms/en.st-st_installation/stm32cubeide/plugins/com.st.stm32cube.ide.mcu.externaltools.gnu-tools-for-stm32.10.3-2021.10.win32_1.0.200.202301161003/tools/bin/../lib/gcc/arm-none-eabi/10.3.1/../../../../arm-none-eabi/lib/thumb/v7e-m+fp/hard/crt0.o
 .ARM.attributes
                0x0000000000000000       0x1c d:/my_data/abdelmegeed/arm_programms/en.st-st_installation/stm32cubeide/plugins/com.st.stm32cube.ide.mcu.externaltools.gnu-tools-for-stm32.10.3-2021.10.win32_1.0.200.202301161003/tools/bin/../lib/gcc/arm-none-eabi/10.3.1/../../../../arm-none-eabi/lib/thumb/v7e-m+fp/hard/crt0.o
 .group         0x0000000000000000        0xc ./Src/OS_MCAL_prog.o
 .group         0x0000000000000000        0xc ./Src/OS_MCAL_prog.o
 .group         0x0000000000000000        0xc ./Src/OS_MCAL_prog.o
 .group         0x0000000000000000        0xc ./Src/OS_MCAL_prog.o
 .group         0x0000000000000000        0xc ./Src/OS_MCAL_prog.o
 .group         0x0000000000000000        0xc ./Src/OS_MCAL_prog.o
 .group         0x0000000000000000        0xc ./Src/OS_MCAL_prog.o
 .group         0x0000000000000000        0xc ./Src/OS_MCAL_prog.o
 .group         0x0000000000000000        0xc ./Src/OS_MCAL_prog.o
 .group         0x0000000000000000        0xc ./Src/OS_MCAL_prog.o
 .group         0x0000000000000000        0xc ./Src/OS_MCAL_prog.o
 .group         0x0000000000000000        0xc ./Src/OS_MCAL_prog.o
 .text          0x0000000000000000        0x0 ./Src/OS_MCAL_prog.o
 .data          0x0000000000000000        0x0 ./Src/OS_MCAL_prog.o
 .bss           0x0000000000000000        0x0 ./Src/OS_MCAL_prog.o
 .text.task_delay
                0x0000000000000000       0x2c ./Src/OS_MCAL_prog.o
 .group         0x0000000000000000        0xc ./Src/main.o
 .group         0x0000000000000000        0xc ./Src/main.o
 .group         0x0000000000000000        0xc ./Src/main.o
 .group         0x0000000000000000        0xc ./Src/main.o
 .group         0x0000000000000000        0xc ./Src/main.o
 .group         0x0000000000000000        0xc ./Src/main.o
 .group         0x0000000000000000        0xc ./Src/main.o
 .group         0x0000000000000000        0xc ./Src/main.o
 .group         0x0000000000000000        0xc ./Src/main.o
 .group         0x0000000000000000        0xc ./Src/main.o
 .text          0x0000000000000000        0x0 ./Src/main.o
 .data          0x0000000000000000        0x0 ./Src/main.o
 .bss           0x0000000000000000        0x0 ./Src/main.o
 .debug_macro   0x0000000000000000      0xa84 ./Src/main.o
 .debug_macro   0x0000000000000000       0x22 ./Src/main.o
 .debug_macro   0x0000000000000000       0x8e ./Src/main.o
 .debug_macro   0x0000000000000000       0x51 ./Src/main.o
 .debug_macro   0x0000000000000000      0x103 ./Src/main.o
 .debug_macro   0x0000000000000000       0x6a ./Src/main.o
 .debug_macro   0x0000000000000000      0x1df ./Src/main.o
 .debug_macro   0x0000000000000000       0x22 ./Src/main.o
 .debug_macro   0x0000000000000000       0x40 ./Src/main.o
 .debug_macro   0x0000000000000000       0x22 ./Src/main.o
 .group         0x0000000000000000        0xc ./Src/syscalls.o
 .group         0x0000000000000000        0xc ./Src/syscalls.o
 .group         0x0000000000000000        0xc ./Src/syscalls.o
 .group         0x0000000000000000        0xc ./Src/syscalls.o
 .group         0x0000000000000000        0xc ./Src/syscalls.o
 .group         0x0000000000000000        0xc ./Src/syscalls.o
 .group         0x0000000000000000        0xc ./Src/syscalls.o
 .group         0x0000000000000000        0xc ./Src/syscalls.o
 .group         0x0000000000000000        0xc ./Src/syscalls.o
 .group         0x0000000000000000        0xc ./Src/syscalls.o
 .group         0x0000000000000000        0xc ./Src/syscalls.o
 .group         0x0000000000000000        0xc ./Src/syscalls.o
 .group         0x0000000000000000        0xc ./Src/syscalls.o
 .group         0x0000000000000000        0xc ./Src/syscalls.o
 .group         0x0000000000000000        0xc ./Src/syscalls.o
 .group         0x0000000000000000        0xc ./Src/syscalls.o
 .group         0x0000000000000000        0xc ./Src/syscalls.o
 .group         0x0000000000000000        0xc ./Src/syscalls.o
 .group         0x0000000000000000        0xc ./Src/syscalls.o
 .group         0x0000000000000000        0xc ./Src/syscalls.o
 .group         0x0000000000000000        0xc ./Src/syscalls.o
 .group         0x0000000000000000        0xc ./Src/syscalls.o
 .group         0x0000000000000000        0xc ./Src/syscalls.o
 .group         0x0000000000000000        0xc ./Src/syscalls.o
 .group         0x0000000000000000        0xc ./Src/syscalls.o
 .group         0x0000000000000000        0xc ./Src/syscalls.o
 .group         0x0000000000000000        0xc ./Src/syscalls.o
 .group         0x0000000000000000        0xc ./Src/syscalls.o
 .group         0x0000000000000000        0xc ./Src/syscalls.o
 .group         0x0000000000000000        0xc ./Src/syscalls.o
 .group         0x0000000000000000        0xc ./Src/syscalls.o
 .group         0x0000000000000000        0xc ./Src/syscalls.o
 .group         0x0000000000000000        0xc ./Src/syscalls.o
 .group         0x0000000000000000        0xc ./Src/syscalls.o
 .group         0x0000000000000000        0xc ./Src/syscalls.o
 .group         0x0000000000000000        0xc ./Src/syscalls.o
 .group         0x0000000000000000        0xc ./Src/syscalls.o
 .group         0x0000000000000000        0xc ./Src/syscalls.o
 .group         0x0000000000000000        0xc ./Src/syscalls.o
 .group         0x0000000000000000        0xc ./Src/syscalls.o
 .group         0x0000000000000000        0xc ./Src/syscalls.o
 .group         0x0000000000000000        0xc ./Src/syscalls.o
 .group         0x0000000000000000        0xc ./Src/syscalls.o
 .group         0x0000000000000000        0xc ./Src/syscalls.o
 .group         0x0000000000000000        0xc ./Src/syscalls.o
 .group         0x0000000000000000        0xc ./Src/syscalls.o
 .group         0x0000000000000000        0xc ./Src/syscalls.o
 .text          0x0000000000000000        0x0 ./Src/syscalls.o
 .data          0x0000000000000000        0x0 ./Src/syscalls.o
 .bss           0x0000000000000000        0x0 ./Src/syscalls.o
 .bss.__env     0x0000000000000000        0x4 ./Src/syscalls.o
 .data.environ  0x0000000000000000        0x4 ./Src/syscalls.o
 .text.initialise_monitor_handles
                0x0000000000000000        0xe ./Src/syscalls.o
 .text._getpid  0x0000000000000000       0x10 ./Src/syscalls.o
 .text._kill    0x0000000000000000       0x20 ./Src/syscalls.o
 .text._exit    0x0000000000000000       0x14 ./Src/syscalls.o
 .text._read    0x0000000000000000       0x3a ./Src/syscalls.o
 .text._write   0x0000000000000000       0x38 ./Src/syscalls.o
 .text._close   0x0000000000000000       0x18 ./Src/syscalls.o
 .text._fstat   0x0000000000000000       0x20 ./Src/syscalls.o
 .text._isatty  0x0000000000000000       0x16 ./Src/syscalls.o
 .text._lseek   0x0000000000000000       0x1a ./Src/syscalls.o
 .text._open    0x0000000000000000       0x1c ./Src/syscalls.o
 .text._wait    0x0000000000000000       0x1e ./Src/syscalls.o
 .text._unlink  0x0000000000000000       0x1e ./Src/syscalls.o
 .text._times   0x0000000000000000       0x18 ./Src/syscalls.o
 .text._stat    0x0000000000000000       0x20 ./Src/syscalls.o
 .text._link    0x0000000000000000       0x20 ./Src/syscalls.o
 .text._fork    0x0000000000000000       0x16 ./Src/syscalls.o
 .text._execve  0x0000000000000000       0x22 ./Src/syscalls.o
 .debug_info    0x0000000000000000      0x6e0 ./Src/syscalls.o
 .debug_abbrev  0x0000000000000000      0x1b3 ./Src/syscalls.o
 .debug_aranges
                0x0000000000000000       0xa8 ./Src/syscalls.o
 .debug_ranges  0x0000000000000000       0x98 ./Src/syscalls.o
 .debug_macro   0x0000000000000000      0x24c ./Src/syscalls.o
 .debug_macro   0x0000000000000000      0xa84 ./Src/syscalls.o
 .debug_macro   0x0000000000000000       0x22 ./Src/syscalls.o
 .debug_macro   0x0000000000000000       0x4c ./Src/syscalls.o
 .debug_macro   0x0000000000000000       0x1e ./Src/syscalls.o
 .debug_macro   0x0000000000000000       0x94 ./Src/syscalls.o
 .debug_macro   0x0000000000000000       0x3c ./Src/syscalls.o
 .debug_macro   0x0000000000000000       0x34 ./Src/syscalls.o
 .debug_macro   0x0000000000000000       0x57 ./Src/syscalls.o
 .debug_macro   0x0000000000000000      0x174 ./Src/syscalls.o
 .debug_macro   0x0000000000000000      0x341 ./Src/syscalls.o
 .debug_macro   0x0000000000000000       0x16 ./Src/syscalls.o
 .debug_macro   0x0000000000000000       0x43 ./Src/syscalls.o
 .debug_macro   0x0000000000000000       0x34 ./Src/syscalls.o
 .debug_macro   0x0000000000000000       0x10 ./Src/syscalls.o
 .debug_macro   0x0000000000000000       0x58 ./Src/syscalls.o
 .debug_macro   0x0000000000000000       0x71 ./Src/syscalls.o
 .debug_macro   0x0000000000000000       0x1c ./Src/syscalls.o
 .debug_macro   0x0000000000000000      0x12a ./Src/syscalls.o
 .debug_macro   0x0000000000000000       0x10 ./Src/syscalls.o
 .debug_macro   0x0000000000000000       0x35 ./Src/syscalls.o
 .debug_macro   0x0000000000000000       0x10 ./Src/syscalls.o
 .debug_macro   0x0000000000000000       0x10 ./Src/syscalls.o
 .debug_macro   0x0000000000000000       0x10 ./Src/syscalls.o
 .debug_macro   0x0000000000000000       0x6a ./Src/syscalls.o
 .debug_macro   0x0000000000000000       0x1c ./Src/syscalls.o
 .debug_macro   0x0000000000000000       0x52 ./Src/syscalls.o
 .debug_macro   0x0000000000000000       0x22 ./Src/syscalls.o
 .debug_macro   0x0000000000000000       0x10 ./Src/syscalls.o
 .debug_macro   0x0000000000000000       0x52 ./Src/syscalls.o
 .debug_macro   0x0000000000000000       0xd5 ./Src/syscalls.o
 .debug_macro   0x0000000000000000       0x1c ./Src/syscalls.o
 .debug_macro   0x0000000000000000       0x3d ./Src/syscalls.o
 .debug_macro   0x0000000000000000       0x35 ./Src/syscalls.o
 .debug_macro   0x0000000000000000      0x12c ./Src/syscalls.o
 .debug_macro   0x0000000000000000       0x16 ./Src/syscalls.o
 .debug_macro   0x0000000000000000       0x16 ./Src/syscalls.o
 .debug_macro   0x0000000000000000       0x29 ./Src/syscalls.o
 .debug_macro   0x0000000000000000       0x10 ./Src/syscalls.o
 .debug_macro   0x0000000000000000      0x241 ./Src/syscalls.o
 .debug_macro   0x0000000000000000       0x1c ./Src/syscalls.o
 .debug_macro   0x0000000000000000       0x10 ./Src/syscalls.o
 .debug_macro   0x0000000000000000       0x10 ./Src/syscalls.o
 .debug_macro   0x0000000000000000       0x16 ./Src/syscalls.o
 .debug_macro   0x0000000000000000      0x145 ./Src/syscalls.o
 .debug_macro   0x0000000000000000      0x189 ./Src/syscalls.o
 .debug_macro   0x0000000000000000       0x16 ./Src/syscalls.o
 .debug_macro   0x0000000000000000       0xce ./Src/syscalls.o
 .debug_line    0x0000000000000000      0x92e ./Src/syscalls.o
 .debug_str     0x0000000000000000     0x8a9a ./Src/syscalls.o
 .comment       0x0000000000000000       0x51 ./Src/syscalls.o
 .debug_frame   0x0000000000000000      0x2ac ./Src/syscalls.o
 .ARM.attributes
                0x0000000000000000       0x34 ./Src/syscalls.o
 .group         0x0000000000000000        0xc ./Src/sysmem.o
 .group         0x0000000000000000        0xc ./Src/sysmem.o
 .group         0x0000000000000000        0xc ./Src/sysmem.o
 .group         0x0000000000000000        0xc ./Src/sysmem.o
 .group         0x0000000000000000        0xc ./Src/sysmem.o
 .group         0x0000000000000000        0xc ./Src/sysmem.o
 .group         0x0000000000000000        0xc ./Src/sysmem.o
 .group         0x0000000000000000        0xc ./Src/sysmem.o
 .group         0x0000000000000000        0xc ./Src/sysmem.o
 .group         0x0000000000000000        0xc ./Src/sysmem.o
 .group         0x0000000000000000        0xc ./Src/sysmem.o
 .group         0x0000000000000000        0xc ./Src/sysmem.o
 .group         0x0000000000000000        0xc ./Src/sysmem.o
 .group         0x0000000000000000        0xc ./Src/sysmem.o
 .group         0x0000000000000000        0xc ./Src/sysmem.o
 .group         0x0000000000000000        0xc ./Src/sysmem.o
 .group         0x0000000000000000        0xc ./Src/sysmem.o
 .group         0x0000000000000000        0xc ./Src/sysmem.o
 .group         0x0000000000000000        0xc ./Src/sysmem.o
 .group         0x0000000000000000        0xc ./Src/sysmem.o
 .group         0x0000000000000000        0xc ./Src/sysmem.o
 .group         0x0000000000000000        0xc ./Src/sysmem.o
 .text          0x0000000000000000        0x0 ./Src/sysmem.o
 .data          0x0000000000000000        0x0 ./Src/sysmem.o
 .bss           0x0000000000000000        0x0 ./Src/sysmem.o
 .bss.__sbrk_heap_end
                0x0000000000000000        0x4 ./Src/sysmem.o
 .text._sbrk    0x0000000000000000       0x6c ./Src/sysmem.o
 .debug_info    0x0000000000000000      0x171 ./Src/sysmem.o
 .debug_abbrev  0x0000000000000000       0xbb ./Src/sysmem.o
 .debug_aranges
                0x0000000000000000       0x20 ./Src/sysmem.o
 .debug_ranges  0x0000000000000000       0x10 ./Src/sysmem.o
 .debug_macro   0x0000000000000000       0xff ./Src/sysmem.o
 .debug_macro   0x0000000000000000      0xa84 ./Src/sysmem.o
 .debug_macro   0x0000000000000000       0x10 ./Src/sysmem.o
 .debug_macro   0x0000000000000000       0x22 ./Src/sysmem.o
 .debug_macro   0x0000000000000000       0x4c ./Src/sysmem.o
 .debug_macro   0x0000000000000000       0x1e ./Src/sysmem.o
 .debug_macro   0x0000000000000000       0x94 ./Src/sysmem.o
 .debug_macro   0x0000000000000000       0x3c ./Src/sysmem.o
 .debug_macro   0x0000000000000000       0x34 ./Src/sysmem.o
 .debug_macro   0x0000000000000000      0x174 ./Src/sysmem.o
 .debug_macro   0x0000000000000000       0x16 ./Src/sysmem.o
 .debug_macro   0x0000000000000000       0x43 ./Src/sysmem.o
 .debug_macro   0x0000000000000000       0x57 ./Src/sysmem.o
 .debug_macro   0x0000000000000000       0x34 ./Src/sysmem.o
 .debug_macro   0x0000000000000000       0x10 ./Src/sysmem.o
 .debug_macro   0x0000000000000000       0x58 ./Src/sysmem.o
 .debug_macro   0x0000000000000000       0x71 ./Src/sysmem.o
 .debug_macro   0x0000000000000000       0x1c ./Src/sysmem.o
 .debug_macro   0x0000000000000000      0x12a ./Src/sysmem.o
 .debug_macro   0x0000000000000000      0x23b ./Src/sysmem.o
 .debug_macro   0x0000000000000000      0x103 ./Src/sysmem.o
 .debug_macro   0x0000000000000000       0x6a ./Src/sysmem.o
 .debug_macro   0x0000000000000000      0x1df ./Src/sysmem.o
 .debug_line    0x0000000000000000      0x624 ./Src/sysmem.o
 .debug_str     0x0000000000000000     0x5dd6 ./Src/sysmem.o
 .comment       0x0000000000000000       0x51 ./Src/sysmem.o
 .debug_frame   0x0000000000000000       0x34 ./Src/sysmem.o
 .ARM.attributes
                0x0000000000000000       0x34 ./Src/sysmem.o
 .text          0x0000000000000000       0x14 ./Startup/startup_stm32f446retx.o
 .data          0x0000000000000000        0x0 ./Startup/startup_stm32f446retx.o
 .bss           0x0000000000000000        0x0 ./Startup/startup_stm32f446retx.o
 .text          0x0000000000000000        0x0 d:/my_data/abdelmegeed/arm_programms/en.st-st_installation/stm32cubeide/plugins/com.st.stm32cube.ide.mcu.externaltools.gnu-tools-for-stm32.10.3-2021.10.win32_1.0.200.202301161003/tools/bin/../lib/gcc/arm-none-eabi/10.3.1/../../../../arm-none-eabi/lib/thumb/v7e-m+fp/hard\libc_nano.a(lib_a-errno.o)
 .data          0x0000000000000000        0x0 d:/my_data/abdelmegeed/arm_programms/en.st-st_installation/stm32cubeide/plugins/com.st.stm32cube.ide.mcu.externaltools.gnu-tools-for-stm32.10.3-2021.10.win32_1.0.200.202301161003/tools/bin/../lib/gcc/arm-none-eabi/10.3.1/../../../../arm-none-eabi/lib/thumb/v7e-m+fp/hard\libc_nano.a(lib_a-errno.o)
 .bss           0x0000000000000000        0x0 d:/my_data/abdelmegeed/arm_programms/en.st-st_installation/stm32cubeide/plugins/com.st.stm32cube.ide.mcu.externaltools.gnu-tools-for-stm32.10.3-2021.10.win32_1.0.200.202301161003/tools/bin/../lib/gcc/arm-none-eabi/10.3.1/../../../../arm-none-eabi/lib/thumb/v7e-m+fp/hard\libc_nano.a(lib_a-errno.o)
 .text.__errno  0x0000000000000000        0xc d:/my_data/abdelmegeed/arm_programms/en.st-st_installation/stm32cubeide/plugins/com.st.stm32cube.ide.mcu.externaltools.gnu-tools-for-stm32.10.3-2021.10.win32_1.0.200.202301161003/tools/bin/../lib/gcc/arm-none-eabi/10.3.1/../../../../arm-none-eabi/lib/thumb/v7e-m+fp/hard\libc_nano.a(lib_a-errno.o)
 .debug_frame   0x0000000000000000       0x20 d:/my_data/abdelmegeed/arm_programms/en.st-st_installation/stm32cubeide/plugins/com.st.stm32cube.ide.mcu.externaltools.gnu-tools-for-stm32.10.3-2021.10.win32_1.0.200.202301161003/tools/bin/../lib/gcc/arm-none-eabi/10.3.1/../../../../arm-none-eabi/lib/thumb/v7e-m+fp/hard\libc_nano.a(lib_a-errno.o)
 .ARM.attributes
                0x0000000000000000       0x34 d:/my_data/abdelmegeed/arm_programms/en.st-st_installation/stm32cubeide/plugins/com.st.stm32cube.ide.mcu.externaltools.gnu-tools-for-stm32.10.3-2021.10.win32_1.0.200.202301161003/tools/bin/../lib/gcc/arm-none-eabi/10.3.1/../../../../arm-none-eabi/lib/thumb/v7e-m+fp/hard\libc_nano.a(lib_a-errno.o)
 .text          0x0000000000000000        0x0 d:/my_data/abdelmegeed/arm_programms/en.st-st_installation/stm32cubeide/plugins/com.st.stm32cube.ide.mcu.externaltools.gnu-tools-for-stm32.10.3-2021.10.win32_1.0.200.202301161003/tools/bin/../lib/gcc/arm-none-eabi/10.3.1/../../../../arm-none-eabi/lib/thumb/v7e-m+fp/hard\libc_nano.a(lib_a-exit.o)
 .data          0x0000000000000000        0x0 d:/my_data/abdelmegeed/arm_programms/en.st-st_installation/stm32cubeide/plugins/com.st.stm32cube.ide.mcu.externaltools.gnu-tools-for-stm32.10.3-2021.10.win32_1.0.200.202301161003/tools/bin/../lib/gcc/arm-none-eabi/10.3.1/../../../../arm-none-eabi/lib/thumb/v7e-m+fp/hard\libc_nano.a(lib_a-exit.o)
 .bss           0x0000000000000000        0x0 d:/my_data/abdelmegeed/arm_programms/en.st-st_installation/stm32cubeide/plugins/com.st.stm32cube.ide.mcu.externaltools.gnu-tools-for-stm32.10.3-2021.10.win32_1.0.200.202301161003/tools/bin/../lib/gcc/arm-none-eabi/10.3.1/../../../../arm-none-eabi/lib/thumb/v7e-m+fp/hard\libc_nano.a(lib_a-exit.o)
 .text.exit     0x0000000000000000       0x28 d:/my_data/abdelmegeed/arm_programms/en.st-st_installation/stm32cubeide/plugins/com.st.stm32cube.ide.mcu.externaltools.gnu-tools-for-stm32.10.3-2021.10.win32_1.0.200.202301161003/tools/bin/../lib/gcc/arm-none-eabi/10.3.1/../../../../arm-none-eabi/lib/thumb/v7e-m+fp/hard\libc_nano.a(lib_a-exit.o)
 .debug_frame   0x0000000000000000       0x28 d:/my_data/abdelmegeed/arm_programms/en.st-st_installation/stm32cubeide/plugins/com.st.stm32cube.ide.mcu.externaltools.gnu-tools-for-stm32.10.3-2021.10.win32_1.0.200.202301161003/tools/bin/../lib/gcc/arm-none-eabi/10.3.1/../../../../arm-none-eabi/lib/thumb/v7e-m+fp/hard\libc_nano.a(lib_a-exit.o)
 .ARM.attributes
                0x0000000000000000       0x34 d:/my_data/abdelmegeed/arm_programms/en.st-st_installation/stm32cubeide/plugins/com.st.stm32cube.ide.mcu.externaltools.gnu-tools-for-stm32.10.3-2021.10.win32_1.0.200.202301161003/tools/bin/../lib/gcc/arm-none-eabi/10.3.1/../../../../arm-none-eabi/lib/thumb/v7e-m+fp/hard\libc_nano.a(lib_a-exit.o)
 .text          0x0000000000000000        0x0 d:/my_data/abdelmegeed/arm_programms/en.st-st_installation/stm32cubeide/plugins/com.st.stm32cube.ide.mcu.externaltools.gnu-tools-for-stm32.10.3-2021.10.win32_1.0.200.202301161003/tools/bin/../lib/gcc/arm-none-eabi/10.3.1/../../../../arm-none-eabi/lib/thumb/v7e-m+fp/hard\libc_nano.a(lib_a-impure.o)
 .data          0x0000000000000000        0x0 d:/my_data/abdelmegeed/arm_programms/en.st-st_installation/stm32cubeide/plugins/com.st.stm32cube.ide.mcu.externaltools.gnu-tools-for-stm32.10.3-2021.10.win32_1.0.200.202301161003/tools/bin/../lib/gcc/arm-none-eabi/10.3.1/../../../../arm-none-eabi/lib/thumb/v7e-m+fp/hard\libc_nano.a(lib_a-impure.o)
 .bss           0x0000000000000000        0x0 d:/my_data/abdelmegeed/arm_programms/en.st-st_installation/stm32cubeide/plugins/com.st.stm32cube.ide.mcu.externaltools.gnu-tools-for-stm32.10.3-2021.10.win32_1.0.200.202301161003/tools/bin/../lib/gcc/arm-none-eabi/10.3.1/../../../../arm-none-eabi/lib/thumb/v7e-m+fp/hard\libc_nano.a(lib_a-impure.o)
 .data._impure_ptr
                0x0000000000000000        0x4 d:/my_data/abdelmegeed/arm_programms/en.st-st_installation/stm32cubeide/plugins/com.st.stm32cube.ide.mcu.externaltools.gnu-tools-for-stm32.10.3-2021.10.win32_1.0.200.202301161003/tools/bin/../lib/gcc/arm-none-eabi/10.3.1/../../../../arm-none-eabi/lib/thumb/v7e-m+fp/hard\libc_nano.a(lib_a-impure.o)
 .data.impure_data
                0x0000000000000000       0x60 d:/my_data/abdelmegeed/arm_programms/en.st-st_installation/stm32cubeide/plugins/com.st.stm32cube.ide.mcu.externaltools.gnu-tools-for-stm32.10.3-2021.10.win32_1.0.200.202301161003/tools/bin/../lib/gcc/arm-none-eabi/10.3.1/../../../../arm-none-eabi/lib/thumb/v7e-m+fp/hard\libc_nano.a(lib_a-impure.o)
 .rodata._global_impure_ptr
                0x0000000000000000        0x4 d:/my_data/abdelmegeed/arm_programms/en.st-st_installation/stm32cubeide/plugins/com.st.stm32cube.ide.mcu.externaltools.gnu-tools-for-stm32.10.3-2021.10.win32_1.0.200.202301161003/tools/bin/../lib/gcc/arm-none-eabi/10.3.1/../../../../arm-none-eabi/lib/thumb/v7e-m+fp/hard\libc_nano.a(lib_a-impure.o)
 .ARM.attributes
                0x0000000000000000       0x34 d:/my_data/abdelmegeed/arm_programms/en.st-st_installation/stm32cubeide/plugins/com.st.stm32cube.ide.mcu.externaltools.gnu-tools-for-stm32.10.3-2021.10.win32_1.0.200.202301161003/tools/bin/../lib/gcc/arm-none-eabi/10.3.1/../../../../arm-none-eabi/lib/thumb/v7e-m+fp/hard\libc_nano.a(lib_a-impure.o)
 .text          0x0000000000000000        0x0 d:/my_data/abdelmegeed/arm_programms/en.st-st_installation/stm32cubeide/plugins/com.st.stm32cube.ide.mcu.externaltools.gnu-tools-for-stm32.10.3-2021.10.win32_1.0.200.202301161003/tools/bin/../lib/gcc/arm-none-eabi/10.3.1/../../../../arm-none-eabi/lib/thumb/v7e-m+fp/hard\libc_nano.a(lib_a-init.o)
 .data          0x0000000000000000        0x0 d:/my_data/abdelmegeed/arm_programms/en.st-st_installation/stm32cubeide/plugins/com.st.stm32cube.ide.mcu.externaltools.gnu-tools-for-stm32.10.3-2021.10.win32_1.0.200.202301161003/tools/bin/../lib/gcc/arm-none-eabi/10.3.1/../../../../arm-none-eabi/lib/thumb/v7e-m+fp/hard\libc_nano.a(lib_a-init.o)
 .bss           0x0000000000000000        0x0 d:/my_data/abdelmegeed/arm_programms/en.st-st_installation/stm32cubeide/plugins/com.st.stm32cube.ide.mcu.externaltools.gnu-tools-for-stm32.10.3-2021.10.win32_1.0.200.202301161003/tools/bin/../lib/gcc/arm-none-eabi/10.3.1/../../../../arm-none-eabi/lib/thumb/v7e-m+fp/hard\libc_nano.a(lib_a-init.o)
 .text          0x0000000000000000        0x0 d:/my_data/abdelmegeed/arm_programms/en.st-st_installation/stm32cubeide/plugins/com.st.stm32cube.ide.mcu.externaltools.gnu-tools-for-stm32.10.3-2021.10.win32_1.0.200.202301161003/tools/bin/../lib/gcc/arm-none-eabi/10.3.1/../../../../arm-none-eabi/lib/thumb/v7e-m+fp/hard\libc_nano.a(lib_a-memset.o)
 .data          0x0000000000000000        0x0 d:/my_data/abdelmegeed/arm_programms/en.st-st_installation/stm32cubeide/plugins/com.st.stm32cube.ide.mcu.externaltools.gnu-tools-for-stm32.10.3-2021.10.win32_1.0.200.202301161003/tools/bin/../lib/gcc/arm-none-eabi/10.3.1/../../../../arm-none-eabi/lib/thumb/v7e-m+fp/hard\libc_nano.a(lib_a-memset.o)
 .bss           0x0000000000000000        0x0 d:/my_data/abdelmegeed/arm_programms/en.st-st_installation/stm32cubeide/plugins/com.st.stm32cube.ide.mcu.externaltools.gnu-tools-for-stm32.10.3-2021.10.win32_1.0.200.202301161003/tools/bin/../lib/gcc/arm-none-eabi/10.3.1/../../../../arm-none-eabi/lib/thumb/v7e-m+fp/hard\libc_nano.a(lib_a-memset.o)
 .text.memset   0x0000000000000000       0x10 d:/my_data/abdelmegeed/arm_programms/en.st-st_installation/stm32cubeide/plugins/com.st.stm32cube.ide.mcu.externaltools.gnu-tools-for-stm32.10.3-2021.10.win32_1.0.200.202301161003/tools/bin/../lib/gcc/arm-none-eabi/10.3.1/../../../../arm-none-eabi/lib/thumb/v7e-m+fp/hard\libc_nano.a(lib_a-memset.o)
 .debug_frame   0x0000000000000000       0x20 d:/my_data/abdelmegeed/arm_programms/en.st-st_installation/stm32cubeide/plugins/com.st.stm32cube.ide.mcu.externaltools.gnu-tools-for-stm32.10.3-2021.10.win32_1.0.200.202301161003/tools/bin/../lib/gcc/arm-none-eabi/10.3.1/../../../../arm-none-eabi/lib/thumb/v7e-m+fp/hard\libc_nano.a(lib_a-memset.o)
 .ARM.attributes
                0x0000000000000000       0x34 d:/my_data/abdelmegeed/arm_programms/en.st-st_installation/stm32cubeide/plugins/com.st.stm32cube.ide.mcu.externaltools.gnu-tools-for-stm32.10.3-2021.10.win32_1.0.200.202301161003/tools/bin/../lib/gcc/arm-none-eabi/10.3.1/../../../../arm-none-eabi/lib/thumb/v7e-m+fp/hard\libc_nano.a(lib_a-memset.o)
 .text          0x0000000000000000        0x0 d:/my_data/abdelmegeed/arm_programms/en.st-st_installation/stm32cubeide/plugins/com.st.stm32cube.ide.mcu.externaltools.gnu-tools-for-stm32.10.3-2021.10.win32_1.0.200.202301161003/tools/bin/../lib/gcc/arm-none-eabi/10.3.1/thumb/v7e-m+fp/hard/crtend.o
 .data          0x0000000000000000        0x0 d:/my_data/abdelmegeed/arm_programms/en.st-st_installation/stm32cubeide/plugins/com.st.stm32cube.ide.mcu.externaltools.gnu-tools-for-stm32.10.3-2021.10.win32_1.0.200.202301161003/tools/bin/../lib/gcc/arm-none-eabi/10.3.1/thumb/v7e-m+fp/hard/crtend.o
 .bss           0x0000000000000000        0x0 d:/my_data/abdelmegeed/arm_programms/en.st-st_installation/stm32cubeide/plugins/com.st.stm32cube.ide.mcu.externaltools.gnu-tools-for-stm32.10.3-2021.10.win32_1.0.200.202301161003/tools/bin/../lib/gcc/arm-none-eabi/10.3.1/thumb/v7e-m+fp/hard/crtend.o
 .rodata        0x0000000000000000       0x24 d:/my_data/abdelmegeed/arm_programms/en.st-st_installation/stm32cubeide/plugins/com.st.stm32cube.ide.mcu.externaltools.gnu-tools-for-stm32.10.3-2021.10.win32_1.0.200.202301161003/tools/bin/../lib/gcc/arm-none-eabi/10.3.1/thumb/v7e-m+fp/hard/crtend.o
 .eh_frame      0x0000000000000000        0x4 d:/my_data/abdelmegeed/arm_programms/en.st-st_installation/stm32cubeide/plugins/com.st.stm32cube.ide.mcu.externaltools.gnu-tools-for-stm32.10.3-2021.10.win32_1.0.200.202301161003/tools/bin/../lib/gcc/arm-none-eabi/10.3.1/thumb/v7e-m+fp/hard/crtend.o
 .ARM.attributes
                0x0000000000000000       0x34 d:/my_data/abdelmegeed/arm_programms/en.st-st_installation/stm32cubeide/plugins/com.st.stm32cube.ide.mcu.externaltools.gnu-tools-for-stm32.10.3-2021.10.win32_1.0.200.202301161003/tools/bin/../lib/gcc/arm-none-eabi/10.3.1/thumb/v7e-m+fp/hard/crtend.o
 .text          0x0000000000000000        0x0 d:/my_data/abdelmegeed/arm_programms/en.st-st_installation/stm32cubeide/plugins/com.st.stm32cube.ide.mcu.externaltools.gnu-tools-for-stm32.10.3-2021.10.win32_1.0.200.202301161003/tools/bin/../lib/gcc/arm-none-eabi/10.3.1/thumb/v7e-m+fp/hard/crtn.o
 .data          0x0000000000000000        0x0 d:/my_data/abdelmegeed/arm_programms/en.st-st_installation/stm32cubeide/plugins/com.st.stm32cube.ide.mcu.externaltools.gnu-tools-for-stm32.10.3-2021.10.win32_1.0.200.202301161003/tools/bin/../lib/gcc/arm-none-eabi/10.3.1/thumb/v7e-m+fp/hard/crtn.o
 .bss           0x0000000000000000        0x0 d:/my_data/abdelmegeed/arm_programms/en.st-st_installation/stm32cubeide/plugins/com.st.stm32cube.ide.mcu.externaltools.gnu-tools-for-stm32.10.3-2021.10.win32_1.0.200.202301161003/tools/bin/../lib/gcc/arm-none-eabi/10.3.1/thumb/v7e-m+fp/hard/crtn.o

Memory Configuration

Name             Origin             Length             Attributes
RAM              0x0000000020000000 0x0000000000020000 xrw
FLASH            0x0000000008000000 0x0000000000080000 xr
*default*        0x0000000000000000 0xffffffffffffffff

Linker script and memory map

LOAD d:/my_data/abdelmegeed/arm_programms/en.st-st_installation/stm32cubeide/plugins/com.st.stm32cube.ide.mcu.externaltools.gnu-tools-for-stm32.10.3-2021.10.win32_1.0.200.202301161003/tools/bin/../lib/gcc/arm-none-eabi/10.3.1/thumb/v7e-m+fp/hard/crti.o
LOAD d:/my_data/abdelmegeed/arm_programms/en.st-st_installation/stm32cubeide/plugins/com.st.stm32cube.ide.mcu.externaltools.gnu-tools-for-stm32.10.3-2021.10.win32_1.0.200.202301161003/tools/bin/../lib/gcc/arm-none-eabi/10.3.1/thumb/v7e-m+fp/hard/crtbegin.o
LOAD d:/my_data/abdelmegeed/arm_programms/en.st-st_installation/stm32cubeide/plugins/com.st.stm32cube.ide.mcu.externaltools.gnu-tools-for-stm32.10.3-2021.10.win32_1.0.200.202301161003/tools/bin/../lib/gcc/arm-none-eabi/10.3.1/../../../../arm-none-eabi/lib/thumb/v7e-m+fp/hard/crt0.o
LOAD ./Src/OS_MCAL_prog.o
LOAD ./Src/main.o
LOAD ./Src/syscalls.o
LOAD ./Src/sysmem.o
LOAD ./Startup/startup_stm32f446retx.o
START GROUP
LOAD d:/my_data/abdelmegeed/arm_programms/en.st-st_installation/stm32cubeide/plugins/com.st.stm32cube.ide.mcu.externaltools.gnu-tools-for-stm32.10.3-2021.10.win32_1.0.200.202301161003/tools/bin/../lib/gcc/arm-none-eabi/10.3.1/../../../../arm-none-eabi/lib/thumb/v7e-m+fp/hard\libc_nano.a
LOAD d:/my_data/abdelmegeed/arm_programms/en.st-st_installation/stm32cubeide/plugins/com.st.stm32cube.ide.mcu.externaltools.gnu-tools-for-stm32.10.3-2021.10.win32_1.0.200.202301161003/tools/bin/../lib/gcc/arm-none-eabi/10.3.1/../../../../arm-none-eabi/lib/thumb/v7e-m+fp/hard\libm.a
END GROUP
START GROUP
LOAD d:/my_data/abdelmegeed/arm_programms/en.st-st_installation/stm32cubeide/plugins/com.st.stm32cube.ide.mcu.externaltools.gnu-tools-for-stm32.10.3-2021.10.win32_1.0.200.202301161003/tools/bin/../lib/gcc/arm-none-eabi/10.3.1/thumb/v7e-m+fp/hard\libgcc.a
LOAD d:/my_data/abdelmegeed/arm_programms/en.st-st_installation/stm32cubeide/plugins/com.st.stm32cube.ide.mcu.externaltools.gnu-tools-for-stm32.10.3-2021.10.win32_1.0.200.202301161003/tools/bin/../lib/gcc/arm-none-eabi/10.3.1/../../../../arm-none-eabi/lib/thumb/v7e-m+fp/hard\libc_nano.a
END GROUP
START GROUP
LOAD d:/my_data/abdelmegeed/arm_programms/en.st-st_installation/stm32cubeide/plugins/com.st.stm32cube.ide.mcu.externaltools.gnu-tools-for-stm32.10.3-2021.10.win32_1.0.200.202301161003/tools/bin/../lib/gcc/arm-none-eabi/10.3.1/thumb/v7e-m+fp/hard\libgcc.a
LOAD d:/my_data/abdelmegeed/arm_programms/en.st-st_installation/stm32cubeide/plugins/com.st.stm32cube.ide.mcu.externaltools.gnu-tools-for-stm32.10.3-2021.10.win32_1.0.200.202301161003/tools/bin/../lib/gcc/arm-none-eabi/10.3.1/../../../../arm-none-eabi/lib/thumb/v7e-m+fp/hard\libc_nano.a
LOAD d:/my_data/abdelmegeed/arm_programms/en.st-st_installation/stm32cubeide/plugins/com.st.stm32cube.ide.mcu.externaltools.gnu-tools-for-stm32.10.3-2021.10.win32_1.0.200.202301161003/tools/bin/../lib/gcc/arm-none-eabi/10.3.1/../../../../arm-none-eabi/lib/thumb/v7e-m+fp/hard\libnosys.a
END GROUP
START GROUP
LOAD d:/my_data/abdelmegeed/arm_programms/en.st-st_installation/stm32cubeide/plugins/com.st.stm32cube.ide.mcu.externaltools.gnu-tools-for-stm32.10.3-2021.10.win32_1.0.200.202301161003/tools/bin/../lib/gcc/arm-none-eabi/10.3.1/thumb/v7e-m+fp/hard\libgcc.a
LOAD d:/my_data/abdelmegeed/arm_programms/en.st-st_installation/stm32cubeide/plugins/com.st.stm32cube.ide.mcu.externaltools.gnu-tools-for-stm32.10.3-2021.10.win32_1.0.200.202301161003/tools/bin/../lib/gcc/arm-none-eabi/10.3.1/../../../../arm-none-eabi/lib/thumb/v7e-m+fp/hard\libc_nano.a
LOAD d:/my_data/abdelmegeed/arm_programms/en.st-st_installation/stm32cubeide/plugins/com.st.stm32cube.ide.mcu.externaltools.gnu-tools-for-stm32.10.3-2021.10.win32_1.0.200.202301161003/tools/bin/../lib/gcc/arm-none-eabi/10.3.1/../../../../arm-none-eabi/lib/thumb/v7e-m+fp/hard\libnosys.a
END GROUP
LOAD d:/my_data/abdelmegeed/arm_programms/en.st-st_installation/stm32cubeide/plugins/com.st.stm32cube.ide.mcu.externaltools.gnu-tools-for-stm32.10.3-2021.10.win32_1.0.200.202301161003/tools/bin/../lib/gcc/arm-none-eabi/10.3.1/thumb/v7e-m+fp/hard/crtend.o
LOAD d:/my_data/abdelmegeed/arm_programms/en.st-st_installation/stm32cubeide/plugins/com.st.stm32cube.ide.mcu.externaltools.gnu-tools-for-stm32.10.3-2021.10.win32_1.0.200.202301161003/tools/bin/../lib/gcc/arm-none-eabi/10.3.1/thumb/v7e-m+fp/hard/crtn.o
                0x0000000020020000                _estack = (ORIGIN (RAM) + LENGTH (RAM))
                0x0000000000000200                _Min_Heap_Size = 0x200
                0x0000000000000400                _Min_Stack_Size = 0x400

.isr_vector     0x0000000008000000      0x1c4
                0x0000000008000000                . = ALIGN (0x4)
 *(.isr_vector)
 .isr_vector    0x0000000008000000      0x1c4 ./Startup/startup_stm32f446retx.o
                0x0000000008000000                g_pfnVectors
                0x00000000080001c4                . = ALIGN (0x4)

.text           0x00000000080001c4      0x49c
                0x00000000080001c4                . = ALIGN (0x4)
 *(.text)
 .text          0x00000000080001c4       0x40 d:/my_data/abdelmegeed/arm_programms/en.st-st_installation/stm32cubeide/plugins/com.st.stm32cube.ide.mcu.externaltools.gnu-tools-for-stm32.10.3-2021.10.win32_1.0.200.202301161003/tools/bin/../lib/gcc/arm-none-eabi/10.3.1/thumb/v7e-m+fp/hard/crtbegin.o
 *(.text*)
 .text.Stack_Schedular_Stack_init
                0x0000000008000204        0x8 ./Src/OS_MCAL_prog.o
                0x0000000008000204                Stack_Schedular_Stack_init
 .text.STK_init
                0x000000000800020c       0x58 ./Src/OS_MCAL_prog.o
                0x000000000800020c                STK_init
 .text.PendSV_Handler
                0x0000000008000264       0x2a ./Src/OS_MCAL_prog.o
                0x0000000008000264                PendSV_Handler
 *fill*         0x000000000800028e        0x2 
 .text.unblock_tasks
                0x0000000008000290       0x60 ./Src/OS_MCAL_prog.o
                0x0000000008000290                unblock_tasks
 .text.SysTick_Handler
                0x00000000080002f0       0x2c ./Src/OS_MCAL_prog.o
                0x00000000080002f0                SysTick_Handler
 .text.init_tasks_stack
                0x000000000800031c      0x11c ./Src/OS_MCAL_prog.o
                0x000000000800031c                init_tasks_stack
 .text.change_to_PSP
                0x0000000008000438       0x1a ./Src/OS_MCAL_prog.o
                0x0000000008000438                change_to_PSP
 *fill*         0x0000000008000452        0x2 
 .text.get_cur_PSP_value
                0x0000000008000454       0x24 ./Src/OS_MCAL_prog.o
                0x0000000008000454                get_cur_PSP_value
 .text.save_PSP_value
                0x0000000008000478       0x2c ./Src/OS_MCAL_prog.o
                0x0000000008000478                save_PSP_value
 .text.update_next_task
                0x00000000080004a4       0x88 ./Src/OS_MCAL_prog.o
                0x00000000080004a4                update_next_task
 .text.enable_system_faults
                0x000000000800052c       0x20 ./Src/OS_MCAL_prog.o
                0x000000000800052c                enable_system_faults
 .text.HardFault_Handler
                0x000000000800054c        0x6 ./Src/OS_MCAL_prog.o
                0x000000000800054c                HardFault_Handler
 .text.MemManage_Handler
                0x0000000008000552        0x6 ./Src/OS_MCAL_prog.o
                0x0000000008000552                MemManage_Handler
 .text.BusFault_Handler
                0x0000000008000558        0x6 ./Src/OS_MCAL_prog.o
                0x0000000008000558                BusFault_Handler
 .text.UsageFault_Handler
                0x000000000800055e        0x6 ./Src/OS_MCAL_prog.o
                0x000000000800055e                UsageFault_Handler
 .text.idle_task_handler
                0x0000000008000564        0x6 ./Src/OS_MCAL_prog.o
                0x0000000008000564                idle_task_handler
 *fill*         0x000000000800056a        0x2 
 .text.main     0x000000000800056c       0x28 ./Src/main.o
                0x000000000800056c                main
 .text.task1_handler
                0x0000000008000594        0x6 ./Src/main.o
                0x0000000008000594                task1_handler
 .text.task2_handler
                0x000000000800059a        0x6 ./Src/main.o
                0x000000000800059a                task2_handler
 .text.task3_handler
                0x00000000080005a0        0x6 ./Src/main.o
                0x00000000080005a0                task3_handler
 .text.task4_handler
                0x00000000080005a6        0x6 ./Src/main.o
                0x00000000080005a6                task4_handler
 .text.Reset_Handler
                0x00000000080005ac       0x50 ./Startup/startup_stm32f446retx.o
                0x00000000080005ac                Reset_Handler
 .text.Default_Handler
                0x00000000080005fc        0x2 ./Startup/startup_stm32f446retx.o
                0x00000000080005fc                RTC_Alarm_IRQHandler
                0x00000000080005fc                EXTI2_IRQHandler
                0x00000000080005fc                TIM8_CC_IRQHandler
                0x00000000080005fc                SPDIF_Rx_IRQHandler
                0x00000000080005fc                DebugMon_Handler
                0x00000000080005fc                SPI4_IRQHandler
                0x00000000080005fc                TIM1_CC_IRQHandler
                0x00000000080005fc                QuadSPI_IRQHandler
                0x00000000080005fc                DMA2_Stream5_IRQHandler
                0x00000000080005fc                DMA1_Stream5_IRQHandler
                0x00000000080005fc                PVD_IRQHandler
                0x00000000080005fc                SDIO_IRQHandler
                0x00000000080005fc                TAMP_STAMP_IRQHandler
                0x00000000080005fc                NMI_Handler
                0x00000000080005fc                CAN2_RX1_IRQHandler
                0x00000000080005fc                EXTI3_IRQHandler
                0x00000000080005fc                TIM8_TRG_COM_TIM14_IRQHandler
                0x00000000080005fc                TIM1_UP_TIM10_IRQHandler
                0x00000000080005fc                FMPI2C1_error_IRQHandler
                0x00000000080005fc                TIM8_UP_TIM13_IRQHandler
                0x00000000080005fc                I2C3_ER_IRQHandler
                0x00000000080005fc                EXTI0_IRQHandler
                0x00000000080005fc                I2C2_EV_IRQHandler
                0x00000000080005fc                DMA1_Stream2_IRQHandler
                0x00000000080005fc                CAN1_RX0_IRQHandler
                0x00000000080005fc                OTG_HS_WKUP_IRQHandler
                0x00000000080005fc                CAN2_SCE_IRQHandler
                0x00000000080005fc                DMA2_Stream2_IRQHandler
                0x00000000080005fc                SPI1_IRQHandler
                0x00000000080005fc                TIM6_DAC_IRQHandler
                0x00000000080005fc                TIM1_BRK_TIM9_IRQHandler
                0x00000000080005fc                DCMI_IRQHandler
                0x00000000080005fc                CAN2_RX0_IRQHandler
                0x00000000080005fc                DMA2_Stream3_IRQHandler
                0x00000000080005fc                FMPI2C1_IRQHandler
                0x00000000080005fc                SAI2_IRQHandler
                0x00000000080005fc                USART6_IRQHandler
                0x00000000080005fc                USART3_IRQHandler
                0x00000000080005fc                CAN1_RX1_IRQHandler
                0x00000000080005fc                UART5_IRQHandler
                0x00000000080005fc                DMA2_Stream0_IRQHandler
                0x00000000080005fc                TIM4_IRQHandler
                0x00000000080005fc                I2C1_EV_IRQHandler
                0x00000000080005fc                HDMI_CEC_IRQHandler
                0x00000000080005fc                DMA1_Stream6_IRQHandler
                0x00000000080005fc                DMA1_Stream1_IRQHandler
                0x00000000080005fc                UART4_IRQHandler
                0x00000000080005fc                TIM3_IRQHandler
                0x00000000080005fc                RCC_IRQHandler
                0x00000000080005fc                TIM8_BRK_TIM12_IRQHandler
                0x00000000080005fc                Default_Handler
                0x00000000080005fc                EXTI15_10_IRQHandler
                0x00000000080005fc                ADC_IRQHandler
                0x00000000080005fc                DMA1_Stream7_IRQHandler
                0x00000000080005fc                TIM7_IRQHandler
                0x00000000080005fc                CAN2_TX_IRQHandler
                0x00000000080005fc                TIM5_IRQHandler
                0x00000000080005fc                DMA2_Stream7_IRQHandler
                0x00000000080005fc                I2C3_EV_IRQHandler
                0x00000000080005fc                EXTI9_5_IRQHandler
                0x00000000080005fc                RTC_WKUP_IRQHandler
                0x00000000080005fc                SPI2_IRQHandler
                0x00000000080005fc                OTG_HS_EP1_IN_IRQHandler
                0x00000000080005fc                DMA1_Stream0_IRQHandler
                0x00000000080005fc                CAN1_TX_IRQHandler
                0x00000000080005fc                SVC_Handler
                0x00000000080005fc                EXTI4_IRQHandler
                0x00000000080005fc                OTG_HS_EP1_OUT_IRQHandler
                0x00000000080005fc                WWDG_IRQHandler
                0x00000000080005fc                TIM2_IRQHandler
                0x00000000080005fc                OTG_FS_WKUP_IRQHandler
                0x00000000080005fc                TIM1_TRG_COM_TIM11_IRQHandler
                0x00000000080005fc                OTG_HS_IRQHandler
                0x00000000080005fc                EXTI1_IRQHandler
                0x00000000080005fc                USART2_IRQHandler
                0x00000000080005fc                I2C2_ER_IRQHandler
                0x00000000080005fc                DMA2_Stream1_IRQHandler
                0x00000000080005fc                CAN1_SCE_IRQHandler
                0x00000000080005fc                FLASH_IRQHandler
                0x00000000080005fc                DMA2_Stream4_IRQHandler
                0x00000000080005fc                USART1_IRQHandler
                0x00000000080005fc                OTG_FS_IRQHandler
                0x00000000080005fc                SPI3_IRQHandler
                0x00000000080005fc                DMA1_Stream4_IRQHandler
                0x00000000080005fc                I2C1_ER_IRQHandler
                0x00000000080005fc                FMC_IRQHandler
                0x00000000080005fc                DMA2_Stream6_IRQHandler
                0x00000000080005fc                SAI1_IRQHandler
                0x00000000080005fc                DMA1_Stream3_IRQHandler
 *fill*         0x00000000080005fe        0x2 
 .text.__libc_init_array
                0x0000000008000600       0x48 d:/my_data/abdelmegeed/arm_programms/en.st-st_installation/stm32cubeide/plugins/com.st.stm32cube.ide.mcu.externaltools.gnu-tools-for-stm32.10.3-2021.10.win32_1.0.200.202301161003/tools/bin/../lib/gcc/arm-none-eabi/10.3.1/../../../../arm-none-eabi/lib/thumb/v7e-m+fp/hard\libc_nano.a(lib_a-init.o)
                0x0000000008000600                __libc_init_array
 *(.glue_7)
 .glue_7        0x0000000008000648        0x0 linker stubs
 *(.glue_7t)
 .glue_7t       0x0000000008000648        0x0 linker stubs
 *(.eh_frame)
 .eh_frame      0x0000000008000648        0x0 d:/my_data/abdelmegeed/arm_programms/en.st-st_installation/stm32cubeide/plugins/com.st.stm32cube.ide.mcu.externaltools.gnu-tools-for-stm32.10.3-2021.10.win32_1.0.200.202301161003/tools/bin/../lib/gcc/arm-none-eabi/10.3.1/thumb/v7e-m+fp/hard/crtbegin.o
 *(.init)
 .init          0x0000000008000648        0x4 d:/my_data/abdelmegeed/arm_programms/en.st-st_installation/stm32cubeide/plugins/com.st.stm32cube.ide.mcu.externaltools.gnu-tools-for-stm32.10.3-2021.10.win32_1.0.200.202301161003/tools/bin/../lib/gcc/arm-none-eabi/10.3.1/thumb/v7e-m+fp/hard/crti.o
                0x0000000008000648                _init
 .init          0x000000000800064c        0x8 d:/my_data/abdelmegeed/arm_programms/en.st-st_installation/stm32cubeide/plugins/com.st.stm32cube.ide.mcu.externaltools.gnu-tools-for-stm32.10.3-2021.10.win32_1.0.200.202301161003/tools/bin/../lib/gcc/arm-none-eabi/10.3.1/thumb/v7e-m+fp/hard/crtn.o
 *(.fini)
 .fini          0x0000000008000654        0x4 d:/my_data/abdelmegeed/arm_programms/en.st-st_installation/stm32cubeide/plugins/com.st.stm32cube.ide.mcu.externaltools.gnu-tools-for-stm32.10.3-2021.10.win32_1.0.200.202301161003/tools/bin/../lib/gcc/arm-none-eabi/10.3.1/thumb/v7e-m+fp/hard/crti.o
                0x0000000008000654                _fini
 .fini          0x0000000008000658        0x8 d:/my_data/abdelmegeed/arm_programms/en.st-st_installation/stm32cubeide/plugins/com.st.stm32cube.ide.mcu.externaltools.gnu-tools-for-stm32.10.3-2021.10.win32_1.0.200.202301161003/tools/bin/../lib/gcc/arm-none-eabi/10.3.1/thumb/v7e-m+fp/hard/crtn.o
                0x0000000008000660                . = ALIGN (0x4)
                0x0000000008000660                _etext = .

.vfp11_veneer   0x0000000008000660        0x0
 .vfp11_veneer  0x0000000008000660        0x0 linker stubs

.v4_bx          0x0000000008000660        0x0
 .v4_bx         0x0000000008000660        0x0 linker stubs

.iplt           0x0000000008000660        0x0
 .iplt          0x0000000008000660        0x0 d:/my_data/abdelmegeed/arm_programms/en.st-st_installation/stm32cubeide/plugins/com.st.stm32cube.ide.mcu.externaltools.gnu-tools-for-stm32.10.3-2021.10.win32_1.0.200.202301161003/tools/bin/../lib/gcc/arm-none-eabi/10.3.1/thumb/v7e-m+fp/hard/crtbegin.o

.rel.dyn        0x0000000008000660        0x0
 .rel.iplt      0x0000000008000660        0x0 d:/my_data/abdelmegeed/arm_programms/en.st-st_installation/stm32cubeide/plugins/com.st.stm32cube.ide.mcu.externaltools.gnu-tools-for-stm32.10.3-2021.10.win32_1.0.200.202301161003/tools/bin/../lib/gcc/arm-none-eabi/10.3.1/thumb/v7e-m+fp/hard/crtbegin.o

.rodata         0x0000000008000660        0x0
                0x0000000008000660                . = ALIGN (0x4)
 *(.rodata)
 *(.rodata*)
                0x0000000008000660                . = ALIGN (0x4)

.ARM.extab      0x0000000008000660        0x0
                0x0000000008000660                . = ALIGN (0x4)
 *(.ARM.extab* .gnu.linkonce.armextab.*)
                0x0000000008000660                . = ALIGN (0x4)

.ARM            0x0000000008000660        0x0
                0x0000000008000660                . = ALIGN (0x4)
                0x0000000008000660                __exidx_start = .
 *(.ARM.exidx*)
                0x0000000008000660                __exidx_end = .
                0x0000000008000660                . = ALIGN (0x4)

.preinit_array  0x0000000008000660        0x0
                0x0000000008000660                . = ALIGN (0x4)
                0x0000000008000660                PROVIDE (__preinit_array_start = .)
 *(.preinit_array*)
                0x0000000008000660                PROVIDE (__preinit_array_end = .)
                0x0000000008000660                . = ALIGN (0x4)

.init_array     0x0000000008000660        0x4
                0x0000000008000660                . = ALIGN (0x4)
                0x0000000008000660                PROVIDE (__init_array_start = .)
 *(SORT_BY_NAME(.init_array.*))
 *(.init_array*)
 .init_array    0x0000000008000660        0x4 d:/my_data/abdelmegeed/arm_programms/en.st-st_installation/stm32cubeide/plugins/com.st.stm32cube.ide.mcu.externaltools.gnu-tools-for-stm32.10.3-2021.10.win32_1.0.200.202301161003/tools/bin/../lib/gcc/arm-none-eabi/10.3.1/thumb/v7e-m+fp/hard/crtbegin.o
                0x0000000008000664                PROVIDE (__init_array_end = .)
                0x0000000008000664                . = ALIGN (0x4)

.fini_array     0x0000000008000664        0x4
                0x0000000008000664                . = ALIGN (0x4)
                [!provide]                        PROVIDE (__fini_array_start = .)
 *(SORT_BY_NAME(.fini_array.*))
 *(.fini_array*)
 .fini_array    0x0000000008000664        0x4 d:/my_data/abdelmegeed/arm_programms/en.st-st_installation/stm32cubeide/plugins/com.st.stm32cube.ide.mcu.externaltools.gnu-tools-for-stm32.10.3-2021.10.win32_1.0.200.202301161003/tools/bin/../lib/gcc/arm-none-eabi/10.3.1/thumb/v7e-m+fp/hard/crtbegin.o
                [!provide]                        PROVIDE (__fini_array_end = .)
                0x0000000008000668                . = ALIGN (0x4)
                0x0000000008000668                _sidata = LOADADDR (.data)

.data           0x0000000020000000        0x4 load address 0x0000000008000668
                0x0000000020000000                . = ALIGN (0x4)
                0x0000000020000000                _sdata = .
 *(.data)
 *(.data*)
 .data.current_task
                0x0000000020000000        0x4 ./Src/OS_MCAL_prog.o
                0x0000000020000000                current_task
 *(.RamFunc)
 *(.RamFunc*)
                0x0000000020000004                . = ALIGN (0x4)
                0x0000000020000004                _edata = .

.igot.plt       0x0000000020000004        0x0 load address 0x000000000800066c
 .igot.plt      0x0000000020000004        0x0 d:/my_data/abdelmegeed/arm_programms/en.st-st_installation/stm32cubeide/plugins/com.st.stm32cube.ide.mcu.externaltools.gnu-tools-for-stm32.10.3-2021.10.win32_1.0.200.202301161003/tools/bin/../lib/gcc/arm-none-eabi/10.3.1/thumb/v7e-m+fp/hard/crtbegin.o
                0x0000000020000004                . = ALIGN (0x4)

.bss            0x0000000020000004       0x70 load address 0x000000000800066c
                0x0000000020000004                _sbss = .
                0x0000000020000004                __bss_start__ = _sbss
 *(.bss)
 .bss           0x0000000020000004       0x1c d:/my_data/abdelmegeed/arm_programms/en.st-st_installation/stm32cubeide/plugins/com.st.stm32cube.ide.mcu.externaltools.gnu-tools-for-stm32.10.3-2021.10.win32_1.0.200.202301161003/tools/bin/../lib/gcc/arm-none-eabi/10.3.1/thumb/v7e-m+fp/hard/crtbegin.o
 *(.bss*)
 .bss.user_tasks
                0x0000000020000020       0x50 ./Src/OS_MCAL_prog.o
                0x0000000020000020                user_tasks
 .bss.global_tick_count
                0x0000000020000070        0x4 ./Src/OS_MCAL_prog.o
                0x0000000020000070                global_tick_count
 *(COMMON)
                0x0000000020000074                . = ALIGN (0x4)
                0x0000000020000074                _ebss = .
                0x0000000020000074                __bss_end__ = _ebss

._user_heap_stack
                0x0000000020000074      0x604 load address 0x000000000800066c
                0x0000000020000078                . = ALIGN (0x8)
 *fill*         0x0000000020000074        0x4 
                [!provide]                        PROVIDE (end = .)
                0x0000000020000078                PROVIDE (_end = .)
                0x0000000020000278                . = (. + _Min_Heap_Size)
 *fill*         0x0000000020000078      0x200 
                0x0000000020000678                . = (. + _Min_Stack_Size)
 *fill*         0x0000000020000278      0x400 
                0x0000000020000678                . = ALIGN (0x8)

/DISCARD/
 libc.a(*)
 libm.a(*)
 libgcc.a(*)

.ARM.attributes
                0x0000000000000000       0x30
 *(.ARM.attributes)
 .ARM.attributes
                0x0000000000000000       0x1e d:/my_data/abdelmegeed/arm_programms/en.st-st_installation/stm32cubeide/plugins/com.st.stm32cube.ide.mcu.externaltools.gnu-tools-for-stm32.10.3-2021.10.win32_1.0.200.202301161003/tools/bin/../lib/gcc/arm-none-eabi/10.3.1/thumb/v7e-m+fp/hard/crti.o
 .ARM.attributes
                0x000000000000001e       0x34 d:/my_data/abdelmegeed/arm_programms/en.st-st_installation/stm32cubeide/plugins/com.st.stm32cube.ide.mcu.externaltools.gnu-tools-for-stm32.10.3-2021.10.win32_1.0.200.202301161003/tools/bin/../lib/gcc/arm-none-eabi/10.3.1/thumb/v7e-m+fp/hard/crtbegin.o
 .ARM.attributes
                0x0000000000000052       0x34 ./Src/OS_MCAL_prog.o
 .ARM.attributes
                0x0000000000000086       0x34 ./Src/main.o
 .ARM.attributes
                0x00000000000000ba       0x21 ./Startup/startup_stm32f446retx.o
 .ARM.attributes
                0x00000000000000db       0x34 d:/my_data/abdelmegeed/arm_programms/en.st-st_installation/stm32cubeide/plugins/com.st.stm32cube.ide.mcu.externaltools.gnu-tools-for-stm32.10.3-2021.10.win32_1.0.200.202301161003/tools/bin/../lib/gcc/arm-none-eabi/10.3.1/../../../../arm-none-eabi/lib/thumb/v7e-m+fp/hard\libc_nano.a(lib_a-init.o)
 .ARM.attributes
                0x000000000000010f       0x1e d:/my_data/abdelmegeed/arm_programms/en.st-st_installation/stm32cubeide/plugins/com.st.stm32cube.ide.mcu.externaltools.gnu-tools-for-stm32.10.3-2021.10.win32_1.0.200.202301161003/tools/bin/../lib/gcc/arm-none-eabi/10.3.1/thumb/v7e-m+fp/hard/crtn.o
OUTPUT(my_scheduler.elf elf32-littlearm)
LOAD linker stubs
LOAD d:/my_data/abdelmegeed/arm_programms/en.st-st_installation/stm32cubeide/plugins/com.st.stm32cube.ide.mcu.externaltools.gnu-tools-for-stm32.10.3-2021.10.win32_1.0.200.202301161003/tools/bin/../lib/gcc/arm-none-eabi/10.3.1/../../../../arm-none-eabi/lib/thumb/v7e-m+fp/hard\libc.a
LOAD d:/my_data/abdelmegeed/arm_programms/en.st-st_installation/stm32cubeide/plugins/com.st.stm32cube.ide.mcu.externaltools.gnu-tools-for-stm32.10.3-2021.10.win32_1.0.200.202301161003/tools/bin/../lib/gcc/arm-none-eabi/10.3.1/../../../../arm-none-eabi/lib/thumb/v7e-m+fp/hard\libm.a
LOAD d:/my_data/abdelmegeed/arm_programms/en.st-st_installation/stm32cubeide/plugins/com.st.stm32cube.ide.mcu.externaltools.gnu-tools-for-stm32.10.3-2021.10.win32_1.0.200.202301161003/tools/bin/../lib/gcc/arm-none-eabi/10.3.1/thumb/v7e-m+fp/hard\libgcc.a

.debug_info     0x0000000000000000      0x5ed
 .debug_info    0x0000000000000000      0x4a9 ./Src/OS_MCAL_prog.o
 .debug_info    0x00000000000004a9      0x122 ./Src/main.o
 .debug_info    0x00000000000005cb       0x22 ./Startup/startup_stm32f446retx.o

.debug_abbrev   0x0000000000000000      0x256
 .debug_abbrev  0x0000000000000000      0x1a3 ./Src/OS_MCAL_prog.o
 .debug_abbrev  0x00000000000001a3       0xa1 ./Src/main.o
 .debug_abbrev  0x0000000000000244       0x12 ./Startup/startup_stm32f446retx.o

.debug_aranges  0x0000000000000000      0x108
 .debug_aranges
                0x0000000000000000       0xa0 ./Src/OS_MCAL_prog.o
 .debug_aranges
                0x00000000000000a0       0x40 ./Src/main.o
 .debug_aranges
                0x00000000000000e0       0x28 ./Startup/startup_stm32f446retx.o

.debug_ranges   0x0000000000000000       0xe0
 .debug_ranges  0x0000000000000000       0x90 ./Src/OS_MCAL_prog.o
 .debug_ranges  0x0000000000000090       0x30 ./Src/main.o
 .debug_ranges  0x00000000000000c0       0x20 ./Startup/startup_stm32f446retx.o

.debug_macro    0x0000000000000000     0x12f1
 .debug_macro   0x0000000000000000       0x9a ./Src/OS_MCAL_prog.o
 .debug_macro   0x000000000000009a      0xa84 ./Src/OS_MCAL_prog.o
 .debug_macro   0x0000000000000b1e       0x22 ./Src/OS_MCAL_prog.o
 .debug_macro   0x0000000000000b40       0x8e ./Src/OS_MCAL_prog.o
 .debug_macro   0x0000000000000bce       0x51 ./Src/OS_MCAL_prog.o
 .debug_macro   0x0000000000000c1f      0x103 ./Src/OS_MCAL_prog.o
 .debug_macro   0x0000000000000d22       0x6a ./Src/OS_MCAL_prog.o
 .debug_macro   0x0000000000000d8c      0x1df ./Src/OS_MCAL_prog.o
 .debug_macro   0x0000000000000f6b       0xc4 ./Src/OS_MCAL_prog.o
 .debug_macro   0x000000000000102f      0x1ba ./Src/OS_MCAL_prog.o
 .debug_macro   0x00000000000011e9       0x22 ./Src/OS_MCAL_prog.o
 .debug_macro   0x000000000000120b       0x40 ./Src/OS_MCAL_prog.o
 .debug_macro   0x000000000000124b       0x22 ./Src/OS_MCAL_prog.o
 .debug_macro   0x000000000000126d       0x84 ./Src/main.o

.debug_line     0x0000000000000000      0xd53
 .debug_line    0x0000000000000000      0x796 ./Src/OS_MCAL_prog.o
 .debug_line    0x0000000000000796      0x539 ./Src/main.o
 .debug_line    0x0000000000000ccf       0x84 ./Startup/startup_stm32f446retx.o

.debug_str      0x0000000000000000     0x4d73
 .debug_str     0x0000000000000000     0x4d2f ./Src/OS_MCAL_prog.o
                                       0x4ec0 (size before relaxing)
 .debug_str     0x0000000000004d2f       0x13 ./Src/main.o
                                       0x3fc4 (size before relaxing)
 .debug_str     0x0000000000004d42       0x31 ./Startup/startup_stm32f446retx.o
                                         0x6d (size before relaxing)

.comment        0x0000000000000000       0x50
 .comment       0x0000000000000000       0x50 ./Src/OS_MCAL_prog.o
                                         0x51 (size before relaxing)
 .comment       0x0000000000000050       0x51 ./Src/main.o

.debug_frame    0x0000000000000000      0x2bc
 .debug_frame   0x0000000000000000      0x204 ./Src/OS_MCAL_prog.o
 .debug_frame   0x0000000000000204       0x8c ./Src/main.o
 .debug_frame   0x0000000000000290       0x2c d:/my_data/abdelmegeed/arm_programms/en.st-st_installation/stm32cubeide/plugins/com.st.stm32cube.ide.mcu.externaltools.gnu-tools-for-stm32.10.3-2021.10.win32_1.0.200.202301161003/tools/bin/../lib/gcc/arm-none-eabi/10.3.1/../../../../arm-none-eabi/lib/thumb/v7e-m+fp/hard\libc_nano.a(lib_a-init.o)
