Archive member included to satisfy reference by file (symbol)

/opt/st/stm32cubeide_1.18.0/plugins/com.st.stm32cube.ide.mcu.externaltools.gnu-tools-for-stm32.13.3.rel1.linux64_1.0.0.202410170706/tools/bin/../lib/gcc/arm-none-eabi/13.3.1/../../../../arm-none-eabi/lib/thumb/v7e-m+fp/hard/libc_nano.a(libc_a-exit.o)
                              /opt/st/stm32cubeide_1.18.0/plugins/com.st.stm32cube.ide.mcu.externaltools.gnu-tools-for-stm32.13.3.rel1.linux64_1.0.0.202410170706/tools/bin/../lib/gcc/arm-none-eabi/13.3.1/../../../../arm-none-eabi/lib/thumb/v7e-m+fp/hard/crt0.o (exit)
/opt/st/stm32cubeide_1.18.0/plugins/com.st.stm32cube.ide.mcu.externaltools.gnu-tools-for-stm32.13.3.rel1.linux64_1.0.0.202410170706/tools/bin/../lib/gcc/arm-none-eabi/13.3.1/../../../../arm-none-eabi/lib/thumb/v7e-m+fp/hard/libc_nano.a(libc_a-findfp.o)
                              /opt/st/stm32cubeide_1.18.0/plugins/com.st.stm32cube.ide.mcu.externaltools.gnu-tools-for-stm32.13.3.rel1.linux64_1.0.0.202410170706/tools/bin/../lib/gcc/arm-none-eabi/13.3.1/../../../../arm-none-eabi/lib/thumb/v7e-m+fp/hard/libc_nano.a(libc_a-exit.o) (__stdio_exit_handler)
/opt/st/stm32cubeide_1.18.0/plugins/com.st.stm32cube.ide.mcu.externaltools.gnu-tools-for-stm32.13.3.rel1.linux64_1.0.0.202410170706/tools/bin/../lib/gcc/arm-none-eabi/13.3.1/../../../../arm-none-eabi/lib/thumb/v7e-m+fp/hard/libc_nano.a(libc_a-fwalk.o)
                              /opt/st/stm32cubeide_1.18.0/plugins/com.st.stm32cube.ide.mcu.externaltools.gnu-tools-for-stm32.13.3.rel1.linux64_1.0.0.202410170706/tools/bin/../lib/gcc/arm-none-eabi/13.3.1/../../../../arm-none-eabi/lib/thumb/v7e-m+fp/hard/libc_nano.a(libc_a-findfp.o) (_fwalk_sglue)
/opt/st/stm32cubeide_1.18.0/plugins/com.st.stm32cube.ide.mcu.externaltools.gnu-tools-for-stm32.13.3.rel1.linux64_1.0.0.202410170706/tools/bin/../lib/gcc/arm-none-eabi/13.3.1/../../../../arm-none-eabi/lib/thumb/v7e-m+fp/hard/libc_nano.a(libc_a-snprintf.o)
                              ./Core/Src/TaskHandler.o (snprintf)
/opt/st/stm32cubeide_1.18.0/plugins/com.st.stm32cube.ide.mcu.externaltools.gnu-tools-for-stm32.13.3.rel1.linux64_1.0.0.202410170706/tools/bin/../lib/gcc/arm-none-eabi/13.3.1/../../../../arm-none-eabi/lib/thumb/v7e-m+fp/hard/libc_nano.a(libc_a-stdio.o)
                              /opt/st/stm32cubeide_1.18.0/plugins/com.st.stm32cube.ide.mcu.externaltools.gnu-tools-for-stm32.13.3.rel1.linux64_1.0.0.202410170706/tools/bin/../lib/gcc/arm-none-eabi/13.3.1/../../../../arm-none-eabi/lib/thumb/v7e-m+fp/hard/libc_nano.a(libc_a-findfp.o) (__sread)
/opt/st/stm32cubeide_1.18.0/plugins/com.st.stm32cube.ide.mcu.externaltools.gnu-tools-for-stm32.13.3.rel1.linux64_1.0.0.202410170706/tools/bin/../lib/gcc/arm-none-eabi/13.3.1/../../../../arm-none-eabi/lib/thumb/v7e-m+fp/hard/libc_nano.a(libc_a-memset.o)
                              /opt/st/stm32cubeide_1.18.0/plugins/com.st.stm32cube.ide.mcu.externaltools.gnu-tools-for-stm32.13.3.rel1.linux64_1.0.0.202410170706/tools/bin/../lib/gcc/arm-none-eabi/13.3.1/../../../../arm-none-eabi/lib/thumb/v7e-m+fp/hard/crt0.o (memset)
/opt/st/stm32cubeide_1.18.0/plugins/com.st.stm32cube.ide.mcu.externaltools.gnu-tools-for-stm32.13.3.rel1.linux64_1.0.0.202410170706/tools/bin/../lib/gcc/arm-none-eabi/13.3.1/../../../../arm-none-eabi/lib/thumb/v7e-m+fp/hard/libc_nano.a(libc_a-closer.o)
                              /opt/st/stm32cubeide_1.18.0/plugins/com.st.stm32cube.ide.mcu.externaltools.gnu-tools-for-stm32.13.3.rel1.linux64_1.0.0.202410170706/tools/bin/../lib/gcc/arm-none-eabi/13.3.1/../../../../arm-none-eabi/lib/thumb/v7e-m+fp/hard/libc_nano.a(libc_a-stdio.o) (_close_r)
/opt/st/stm32cubeide_1.18.0/plugins/com.st.stm32cube.ide.mcu.externaltools.gnu-tools-for-stm32.13.3.rel1.linux64_1.0.0.202410170706/tools/bin/../lib/gcc/arm-none-eabi/13.3.1/../../../../arm-none-eabi/lib/thumb/v7e-m+fp/hard/libc_nano.a(libc_a-reent.o)
                              /opt/st/stm32cubeide_1.18.0/plugins/com.st.stm32cube.ide.mcu.externaltools.gnu-tools-for-stm32.13.3.rel1.linux64_1.0.0.202410170706/tools/bin/../lib/gcc/arm-none-eabi/13.3.1/../../../../arm-none-eabi/lib/thumb/v7e-m+fp/hard/libc_nano.a(libc_a-closer.o) (errno)
/opt/st/stm32cubeide_1.18.0/plugins/com.st.stm32cube.ide.mcu.externaltools.gnu-tools-for-stm32.13.3.rel1.linux64_1.0.0.202410170706/tools/bin/../lib/gcc/arm-none-eabi/13.3.1/../../../../arm-none-eabi/lib/thumb/v7e-m+fp/hard/libc_nano.a(libc_a-impure.o)
                              /opt/st/stm32cubeide_1.18.0/plugins/com.st.stm32cube.ide.mcu.externaltools.gnu-tools-for-stm32.13.3.rel1.linux64_1.0.0.202410170706/tools/bin/../lib/gcc/arm-none-eabi/13.3.1/../../../../arm-none-eabi/lib/thumb/v7e-m+fp/hard/libc_nano.a(libc_a-snprintf.o) (_impure_ptr)
/opt/st/stm32cubeide_1.18.0/plugins/com.st.stm32cube.ide.mcu.externaltools.gnu-tools-for-stm32.13.3.rel1.linux64_1.0.0.202410170706/tools/bin/../lib/gcc/arm-none-eabi/13.3.1/../../../../arm-none-eabi/lib/thumb/v7e-m+fp/hard/libc_nano.a(libc_a-lseekr.o)
[...]
Memory Configuration

Name             Origin             Length             Attributes
RAM              0x20000000         0x00020000         xrw
FLASH            0x08000000         0x00080000         xr
*default*        0x00000000         0xffffffff

Linker script and memory map

LOAD /opt/st/stm32cubeide_1.18.0/plugins/com.st.stm32cube.ide.mcu.externaltools.gnu-tools-for-stm32.13.3.rel1.linux64_1.0.0.202410170706/tools/bin/../lib/gcc/arm-none-eabi/13.3.1/thumb/v7e-m+fp/hard/crti.o
LOAD /opt/st/stm32cubeide_1.18.0/plugins/com.st.stm32cube.ide.mcu.externaltools.gnu-tools-for-stm32.13.3.rel1.linux64_1.0.0.202410170706/tools/bin/../lib/gcc/arm-none-eabi/13.3.1/thumb/v7e-m+fp/hard/crtbegin.o
LOAD /opt/st/stm32cubeide_1.18.0/plugins/com.st.stm32cube.ide.mcu.externaltools.gnu-tools-for-stm32.13.3.rel1.linux64_1.0.0.202410170706/tools/bin/../lib/gcc/arm-none-eabi/13.3.1/../../../../arm-none-eabi/lib/thumb/v7e-m+fp/hard/crt0.o
LOAD ./Core/Src/FreeRTOS_Timer.o
LOAD ./Core/Src/TaskHandler.o
LOAD ./Core/Src/main.o
LOAD ./Core/Src/shared_resource.o
LOAD ./Core/Src/stm32f4xx_hal_msp.o
LOAD ./Core/Src/stm32f4xx_hal_timebase_tim.o
LOAD ./Core/Src/stm32f4xx_it.o
LOAD ./Core/Src/syscalls.o
LOAD ./Core/Src/sysmem.o
LOAD ./Core/Src/system_stm32f4xx.o
LOAD ./Core/Startup/startup_stm32f446retx.o
LOAD ./Drivers/STM32F4xx_HAL_Driver/Src/stm32f4xx_hal.o
LOAD ./Drivers/STM32F4xx_HAL_Driver/Src/stm32f4xx_hal_cortex.o
LOAD ./Drivers/STM32F4xx_HAL_Driver/Src/stm32f4xx_hal_dma.o
LOAD ./Drivers/STM32F4xx_HAL_Driver/Src/stm32f4xx_hal_dma_ex.o
LOAD ./Drivers/STM32F4xx_HAL_Driver/Src/stm32f4xx_hal_exti.o
LOAD ./Drivers/STM32F4xx_HAL_Driver/Src/stm32f4xx_hal_flash.o
LOAD ./Drivers/STM32F4xx_HAL_Driver/Src/stm32f4xx_hal_flash_ex.o
LOAD ./Drivers/STM32F4xx_HAL_Driver/Src/stm32f4xx_hal_flash_ramfunc.o
LOAD ./Drivers/STM32F4xx_HAL_Driver/Src/stm32f4xx_hal_gpio.o
LOAD ./Drivers/STM32F4xx_HAL_Driver/Src/stm32f4xx_hal_pwr.o
LOAD ./Drivers/STM32F4xx_HAL_Driver/Src/stm32f4xx_hal_pwr_ex.o
LOAD ./Drivers/STM32F4xx_HAL_Driver/Src/stm32f4xx_hal_rcc.o
LOAD ./Drivers/STM32F4xx_HAL_Driver/Src/stm32f4xx_hal_rcc_ex.o
LOAD ./Drivers/STM32F4xx_HAL_Driver/Src/stm32f4xx_hal_rtc.o
LOAD ./Drivers/STM32F4xx_HAL_Driver/Src/stm32f4xx_hal_rtc_ex.o
LOAD ./Drivers/STM32F4xx_HAL_Driver/Src/stm32f4xx_hal_tim.o
LOAD ./Drivers/STM32F4xx_HAL_Driver/Src/stm32f4xx_hal_tim_ex.o
LOAD ./Drivers/STM32F4xx_HAL_Driver/Src/stm32f4xx_hal_uart.o
LOAD ./FreeRTOS/source/croutine.o
LOAD ./FreeRTOS/source/event_groups.o
LOAD ./FreeRTOS/source/list.o
LOAD ./FreeRTOS/source/queue.o
LOAD ./FreeRTOS/source/stream_buffer.o
LOAD ./FreeRTOS/source/tasks.o
LOAD ./FreeRTOS/source/timers.o
LOAD ./FreeRTOS/source/portable/GCC/ARM_CM4F/port.o
LOAD ./FreeRTOS/source/portable/MemMang/heap_4.o
START GROUP
LOAD /opt/st/stm32cubeide_1.18.0/plugins/com.st.stm32cube.ide.mcu.externaltools.gnu-tools-for-stm32.13.3.rel1.linux64_1.0.0.202410170706/tools/bin/../lib/gcc/arm-none-eabi/13.3.1/../../../../arm-none-eabi/lib/thumb/v7e-m+fp/hard/libstdc++_nano.a
LOAD /opt/st/stm32cubeide_1.18.0/plugins/com.st.stm32cube.ide.mcu.externaltools.gnu-tools-for-stm32.13.3.rel1.linux64_1.0.0.202410170706/tools/bin/../lib/gcc/arm-none-eabi/13.3.1/../../../../arm-none-eabi/lib/thumb/v7e-m+fp/hard/libsupc++_nano.a
END GROUP
LOAD /opt/st/stm32cubeide_1.18.0/plugins/com.st.stm32cube.ide.mcu.externaltools.gnu-tools-for-stm32.13.3.rel1.linux64_1.0.0.202410170706/tools/bin/../lib/gcc/arm-none-eabi/13.3.1/../../../../arm-none-eabi/lib/thumb/v7e-m+fp/hard/libstdc++_nano.a
LOAD /opt/st/stm32cubeide_1.18.0/plugins/com.st.stm32cube.ide.mcu.externaltools.gnu-tools-for-stm32.13.3.rel1.linux64_1.0.0.202410170706/tools/bin/../lib/gcc/arm-none-eabi/13.3.1/../../../../arm-none-eabi/lib/thumb/v7e-m+fp/hard/libm.a
LOAD /opt/st/stm32cubeide_1.18.0/plugins/com.st.stm32cube.ide.mcu.externaltools.gnu-tools-for-stm32.13.3.rel1.linux64_1.0.0.202410170706/tools/bin/../lib/gcc/arm-none-eabi/13.3.1/../../../../arm-none-eabi/lib/thumb/v7e-m+fp/hard/libc_nano.a
START GROUP
LOAD /opt/st/stm32cubeide_1.18.0/plugins/com.st.stm32cube.ide.mcu.externaltools.gnu-tools-for-stm32.13.3.rel1.linux64_1.0.0.202410170706/tools/bin/../lib/gcc/arm-none-eabi/13.3.1/thumb/v7e-m+fp/hard/libgcc.a
LOAD /opt/st/stm32cubeide_1.18.0/plugins/com.st.stm32cube.ide.mcu.externaltools.gnu-tools-for-stm32.13.3.rel1.linux64_1.0.0.202410170706/tools/bin/../lib/gcc/arm-none-eabi/13.3.1/../../../../arm-none-eabi/lib/thumb/v7e-m+fp/hard/libc_nano.a
END GROUP
START GROUP
LOAD /opt/st/stm32cubeide_1.18.0/plugins/com.st.stm32cube.ide.mcu.externaltools.gnu-tools-for-stm32.13.3.rel1.linux64_1.0.0.202410170706/tools/bin/../lib/gcc/arm-none-eabi/13.3.1/thumb/v7e-m+fp/hard/libgcc.a
LOAD /opt/st/stm32cubeide_1.18.0/plugins/com.st.stm32cube.ide.mcu.externaltools.gnu-tools-for-stm32.13.3.rel1.linux64_1.0.0.202410170706/tools/bin/../lib/gcc/arm-none-eabi/13.3.1/../../../../arm-none-eabi/lib/thumb/v7e-m+fp/hard/libc_nano.a
LOAD /opt/st/stm32cubeide_1.18.0/plugins/com.st.stm32cube.ide.mcu.externaltools.gnu-tools-for-stm32.13.3.rel1.linux64_1.0.0.202410170706/tools/bin/../lib/gcc/arm-none-eabi/13.3.1/../../../../arm-none-eabi/lib/thumb/v7e-m+fp/hard/libnosys.a
END GROUP
START GROUP
LOAD /opt/st/stm32cubeide_1.18.0/plugins/com.st.stm32cube.ide.mcu.externaltools.gnu-tools-for-stm32.13.3.rel1.linux64_1.0.0.202410170706/tools/bin/../lib/gcc/arm-none-eabi/13.3.1/thumb/v7e-m+fp/hard/libgcc.a
LOAD /opt/st/stm32cubeide_1.18.0/plugins/com.st.stm32cube.ide.mcu.externaltools.gnu-tools-for-stm32.13.3.rel1.linux64_1.0.0.202410170706/tools/bin/../lib/gcc/arm-none-eabi/13.3.1/../../../../arm-none-eabi/lib/thumb/v7e-m+fp/hard/libc_nano.a
LOAD /opt/st/stm32cubeide_1.18.0/plugins/com.st.stm32cube.ide.mcu.externaltools.gnu-tools-for-stm32.13.3.rel1.linux64_1.0.0.202410170706/tools/bin/../lib/gcc/arm-none-eabi/13.3.1/../../../../arm-none-eabi/lib/thumb/v7e-m+fp/hard/libnosys.a
END GROUP
LOAD /opt/st/stm32cubeide_1.18.0/plugins/com.st.stm32cube.ide.mcu.externaltools.gnu-tools-for-stm32.13.3.rel1.linux64_1.0.0.202410170706/tools/bin/../lib/gcc/arm-none-eabi/13.3.1/thumb/v7e-m+fp/hard/crtend.o
LOAD /opt/st/stm32cubeide_1.18.0/plugins/com.st.stm32cube.ide.mcu.externaltools.gnu-tools-for-stm32.13.3.rel1.linux64_1.0.0.202410170706/tools/bin/../lib/gcc/arm-none-eabi/13.3.1/thumb/v7e-m+fp/hard/crtn.o
                0x20020000                        _estack = (ORIGIN (RAM) + LENGTH (RAM))
                0x00000200                        _Min_Heap_Size = 0x200
                0x00000400                        _Min_Stack_Size = 0x400

.isr_vector     0x08000000      0x1c4
                0x08000000                        . = ALIGN (0x4)
 *(.isr_vector)
 .isr_vector    0x08000000      0x1c4 ./Core/Startup/startup_stm32f446retx.o
                0x08000000                g_pfnVectors
                0x080001c4                        . = ALIGN (0x4)

.text           0x080001d0     0x8878
                0x080001d0                        . = ALIGN (0x4)
 *(.text)
 .text          0x080001d0       0x40 /opt/st/stm32cubeide_1.18.0/plugins/com.st.stm32cube.ide.mcu.externaltools.gnu-tools-for-stm32.13.3.rel1.linux64_1.0.0.202410170706/tools/bin/../lib/gcc/arm-none-eabi/13.3.1/thumb/v7e-m+fp/hard/crtbegin.o
 .text          0x08000210       0x14 /opt/st/stm32cubeide_1.18.0/plugins/com.st.stm32cube.ide.mcu.externaltools.gnu-tools-for-stm32.13.3.rel1.linux64_1.0.0.202410170706/tools/bin/../lib/gcc/arm-none-eabi/13.3.1/../../../../arm-none-eabi/lib/thumb/v7e-m+fp/hard/libc_nano.a(libc_a-strcmp.o)
                0x08000210                strcmp
 .text          0x08000224       0x10 /opt/st/stm32cubeide_1.18.0/plugins/com.st.stm32cube.ide.mcu.externaltools.gnu-tools-for-stm32.13.3.rel1.linux64_1.0.0.202410170706/tools/bin/../lib/gcc/arm-none-eabi/13.3.1/../../../../arm-none-eabi/lib/thumb/v7e-m+fp/hard/libc_nano.a(libc_a-strlen.o)
                0x08000224                strlen
 *fill*         0x08000234        0xc 
 .text          0x08000240       0xa0 /opt/st/stm32cubeide_1.18.0/plugins/com.st.stm32cube.ide.mcu.externaltools.gnu-tools-for-stm32.13.3.rel1.linux64_1.0.0.202410170706/tools/bin/../lib/gcc/arm-none-eabi/13.3.1/../../../../arm-none-eabi/lib/thumb/v7e-m+fp/hard/libc_nano.a(libc_a-memchr.o)
                0x08000240                memchr
 .text          0x080002e0       0x30 /opt/st/stm32cubeide_1.18.0/plugins/com.st.stm32cube.ide.mcu.externaltools.gnu-tools-for-stm32.13.3.rel1.linux64_1.0.0.202410170706/tools/bin/../lib/gcc/arm-none-eabi/13.3.1/thumb/v7e-m+fp/hard/libgcc.a(_aeabi_uldivmod.o)
                0x080002e0                __aeabi_uldivmod
 .text          0x08000310      0x2f8 /opt/st/stm32cubeide_1.18.0/plugins/com.st.stm32cube.ide.mcu.externaltools.gnu-tools-for-stm32.13.3.rel1.linux64_1.0.0.202410170706/tools/bin/../lib/gcc/arm-none-eabi/13.3.1/thumb/v7e-m+fp/hard/libgcc.a(_udivmoddi4.o)
                0x08000310                __udivmoddi4
 .text          0x08000608        0x4 /opt/st/stm32cubeide_1.18.0/plugins/com.st.stm32cube.ide.mcu.externaltools.gnu-tools-for-stm32.13.3.rel1.linux64_1.0.0.202410170706/tools/bin/../lib/gcc/arm-none-eabi/13.3.1/thumb/v7e-m+fp/hard/libgcc.a(_dvmd_tls.o)
                0x08000608                __aeabi_ldiv0
                0x08000608                __aeabi_idiv0
 *(.text*)
 .text._ZN13FreeRTOSTimerC2EPKcmmPvPFvP15tmrTimerControlE
                0x0800060c       0x2e ./Core/Src/FreeRTOS_Timer.o
                0x0800060c                FreeRTOSTimer::FreeRTOSTimer(char const*, unsigned long, unsigned long, void*, void (*)(tmrTimerControl*))
                0x0800060c                FreeRTOSTimer::FreeRTOSTimer(char const*, unsigned long, unsigned long, void*, void (*)(tmrTimerControl*))
 .text._ZN13FreeRTOSTimer5StartEm
                0x0800063a       0x36 ./Core/Src/FreeRTOS_Timer.o
                0x0800063a                FreeRTOSTimer::Start(unsigned long)
 .text._ZN13FreeRTOSTimer4StopEm
                0x08000670       0x30 ./Core/Src/FreeRTOS_Timer.o
                0x08000670                FreeRTOSTimer::Stop(unsigned long)
 .text._ZN8BaseTaskC2EPKctm
                0x080006a0       0x40 ./Core/Src/TaskHandler.o
                0x080006a0                BaseTask::BaseTask(char const*, unsigned short, unsigned long)
                0x080006a0                BaseTask::BaseTask(char const*, unsigned short, unsigned long)
 .text._ZN8BaseTask13GetTaskHandleEv
                0x080006e0       0x18 ./Core/Src/TaskHandler.o
                0x080006e0                BaseTask::GetTaskHandle()
 .text._Z12callBackFuncP15tmrTimerControl
                0x080006f8       0x28 ./Core/Src/TaskHandler.o
                0x080006f8                callBackFunc(tmrTimerControl*)
 .text._ZN8MenuTaskC2Ev
                0x08000720       0x2c ./Core/Src/TaskHandler.o
                0x08000720                MenuTask::MenuTask()
                0x08000720                MenuTask::MenuTask()
 .text._ZN8MenuTask3runEv
                0x0800074c       0xd0 ./Core/Src/TaskHandler.o
                0x0800074c                MenuTask::run()
 .text._ZN9PrintTaskC2Ev
                0x0800081c       0x2c ./Core/Src/TaskHandler.o
                0x0800081c                PrintTask::PrintTask()
                0x0800081c                PrintTask::PrintTask()
 .text._ZN9PrintTask3runEv
                0x08000848       0x40 ./Core/Src/TaskHandler.o
                0x08000848                PrintTask::run()
 .text._ZN13CmdHandleTaskC2Ev
                0x08000888       0x2c ./Core/Src/TaskHandler.o
                0x08000888                CmdHandleTask::CmdHandleTask()
                0x08000888                CmdHandleTask::CmdHandleTask()
 .text._ZN13CmdHandleTask3runEv
                0x080008b4       0x34 ./Core/Src/TaskHandler.o
                0x080008b4                CmdHandleTask::run()
 .text._ZN13CmdHandleTask10ProcessCmdER5Cmd_t
                0x080008e8       0x88 ./Core/Src/TaskHandler.o
                0x080008e8                CmdHandleTask::ProcessCmd(Cmd_t&)
 .text._ZN13CmdHandleTask10ExtractCmdER5Cmd_t
                0x08000970       0x60 ./Core/Src/TaskHandler.o
                0x08000970                CmdHandleTask::ExtractCmd(Cmd_t&)
 .text._ZN7LedTaskC2Ev
                0x080009d0       0x2c ./Core/Src/TaskHandler.o
                0x080009d0                LedTask::LedTask()
                0x080009d0                LedTask::LedTask()
 .text._ZN7LedTask3runEv
                0x080009fc       0xb8 ./Core/Src/TaskHandler.o
                0x080009fc                LedTask::run()
 .text._ZN7LedTask16handleLedCommandERP5Cmd_t
                0x08000ab4       0xcc ./Core/Src/TaskHandler.o
                0x08000ab4                LedTask::handleLedCommand(Cmd_t*&)
 .text._ZN7LedTask13ledEffectStopEv
                0x08000b80       0x38 ./Core/Src/TaskHandler.o
                0x08000b80                LedTask::ledEffectStop()
 .text._ZN7LedTask14ledEffectStartEi
                0x08000bb8       0x34 ./Core/Src/TaskHandler.o
                0x08000bb8                LedTask::ledEffectStart(int)
 .text._ZN7LedTask15ledEffectActionEi
                0x08000bec       0x68 ./Core/Src/TaskHandler.o
                0x08000bec                LedTask::ledEffectAction(int)
 .text._ZN7RTCTaskC2Ev
                0x08000c54       0x2c ./Core/Src/TaskHandler.o
                0x08000c54                RTCTask::RTCTask()
                0x08000c54                RTCTask::RTCTask()
 .text._ZN7RTCTask3runEv
                0x08000c80       0xb0 ./Core/Src/TaskHandler.o
                0x08000c80                RTCTask::run()
 .text._ZN7RTCTask16handleTimeConfigEv
                0x08000d30       0xe0 ./Core/Src/TaskHandler.o
                0x08000d30                RTCTask::handleTimeConfig()
 .text._ZN7RTCTask16handleDateConfigEv
                0x08000e10       0xe8 ./Core/Src/TaskHandler.o
                0x08000e10                RTCTask::handleDateConfig()
 .text._ZN7RTCTask12getUserInputEPKc
                0x08000ef8       0x4c ./Core/Src/TaskHandler.o
                0x08000ef8                RTCTask::getUserInput(char const*)
 .text._ZN7RTCTask17processConfigTypeERP5Cmd_t
                0x08000f44       0x4a ./Core/Src/TaskHandler.o
                0x08000f44                RTCTask::processConfigType(Cmd_t*&)
 .text._ZN7RTCTask9GetNumberERP5Cmd_t
                0x08000f8e       0x5c ./Core/Src/TaskHandler.o
                0x08000f8e                RTCTask::GetNumber(Cmd_t*&)
 .text._ZN7RTCTask11processHourEh
                0x08000fea       0x24 ./Core/Src/TaskHandler.o
                0x08000fea                RTCTask::processHour(unsigned char)
 .text._ZN7RTCTask10processMinEh
                0x0800100e       0x24 ./Core/Src/TaskHandler.o
                0x0800100e                RTCTask::processMin(unsigned char)
 .text._ZN7RTCTask10processSecEh
                0x08001032       0x24 ./Core/Src/TaskHandler.o
                0x08001032                RTCTask::processSec(unsigned char)
 .text._ZN7RTCTask11processDateEh
                0x08001056       0x2a ./Core/Src/TaskHandler.o
                0x08001056                RTCTask::processDate(unsigned char)
 .text._ZN7RTCTask12processMonthEh
                0x08001080       0x2a ./Core/Src/TaskHandler.o
                0x08001080                RTCTask::processMonth(unsigned char)
 .text._ZN7RTCTask11processYearEh
                0x080010aa       0x24 ./Core/Src/TaskHandler.o
                0x080010aa                RTCTask::processYear(unsigned char)
 *fill*         0x080010ce        0x2 
 .text._ZN7RTCTask13printDateTimeEv
                0x080010d0       0x70 ./Core/Src/TaskHandler.o
                0x080010d0                RTCTask::printDateTime()
 .text._ZN5QueueIPKcE4sendERS1_m
                0x08001140       0x2e ./Core/Src/TaskHandler.o
                0x08001140                Queue<char const*>::send(char const*&, unsigned long)
 .text._ZN5QueueIPKcE7receiveERS1_m
                0x0800116e       0x2e ./Core/Src/TaskHandler.o
                0x0800116e                Queue<char const*>::receive(char const*&, unsigned long)
 .text._ZN5QueueIcE12getQueueSizeEv
                0x0800119c       0x1c ./Core/Src/TaskHandler.o
                0x0800119c                Queue<char>::getQueueSize()
 .text._ZN5QueueIcE7receiveERcm
                0x080011b8       0x2e ./Core/Src/TaskHandler.o
                0x080011b8                Queue<char>::receive(char&, unsigned long)
 *fill*         0x080011e6        0x2 
 .text._Z41__static_initialization_and_destruction_0v
                0x080011e8       0x78 ./Core/Src/TaskHandler.o
 .text._GLOBAL__sub_I__Z12callBackFuncP15tmrTimerControl
                0x08001260        0xa ./Core/Src/TaskHandler.o
 *fill*         0x0800126a        0x2 
 .text._ZN8BaseTask5startEv
                0x0800126c       0x3c ./Core/Src/main.o
                0x0800126c                BaseTask::start()
 .text._ZN8BaseTask9TaskEntryEPv
                0x080012a8       0x1e ./Core/Src/main.o
                0x080012a8                BaseTask::TaskEntry(void*)
 *fill*         0x080012c6        0x2 
 .text.main     0x080012c8       0x64 ./Core/Src/main.o
                0x080012c8                main
 .text._Z18SystemClock_Configv
                0x0800132c       0xf8 ./Core/Src/main.o
                0x0800132c                SystemClock_Config()
 .text._ZL11MX_RTC_Initv
                0x08001424       0x54 ./Core/Src/main.o
 .text._ZL19MX_USART2_UART_Initv
                0x08001478       0x5c ./Core/Src/main.o
 .text._ZL12MX_GPIO_Initv
                0x080014d4      0x10c ./Core/Src/main.o
 .text.HAL_UART_RxCpltCallback
                0x080015e0       0xa4 ./Core/Src/main.o
                0x080015e0                HAL_UART_RxCpltCallback
 .text.HAL_TIM_PeriodElapsedCallback
                0x08001684       0x24 ./Core/Src/main.o
                0x08001684                HAL_TIM_PeriodElapsedCallback
 .text.Error_Handler
                0x080016a8        0xc ./Core/Src/main.o
                0x080016a8                Error_Handler
 .text._ZN5QueueIcE13isFullFromISREv
                0x080016b4       0x26 ./Core/Src/main.o
                0x080016b4                Queue<char>::isFullFromISR()
 .text._ZN5QueueIcE11sendFromISRERcPl
                0x080016da       0x2e ./Core/Src/main.o
                0x080016da                Queue<char>::sendFromISR(char&, long*)
 .text._ZN5QueueIcE16overwriteFromISRERcPl
                0x08001708       0x2e ./Core/Src/main.o
                0x08001708                Queue<char>::overwriteFromISR(char&, long*)
 .text._ZN5QueueIPKcEC2Ej
                0x08001736       0x30 ./Core/Src/shared_resource.o
                0x08001736                Queue<char const*>::Queue(unsigned int)
                0x08001736                Queue<char const*>::Queue(unsigned int)
 .text._ZN5QueueIcEC2Ej
                0x08001766       0x30 ./Core/Src/shared_resource.o
                0x08001766                Queue<char>::Queue(unsigned int)
                0x08001766                Queue<char>::Queue(unsigned int)
 *fill*         0x08001796        0x2 
 .text._Z41__static_initialization_and_destruction_0v
                0x08001798       0x54 ./Core/Src/shared_resource.o
 .text._GLOBAL__sub_I__ZN8Messages12menu_messageE
                0x080017ec        0xa ./Core/Src/shared_resource.o
 *fill*         0x080017f6        0x2 
 .text.HAL_MspInit
                0x080017f8       0x50 ./Core/Src/stm32f4xx_hal_msp.o
                0x080017f8                HAL_MspInit
 .text.HAL_RTC_MspInit
                0x08001848       0x54 ./Core/Src/stm32f4xx_hal_msp.o
                0x08001848                HAL_RTC_MspInit
 .text.HAL_UART_MspInit
                0x0800189c       0xa0 ./Core/Src/stm32f4xx_hal_msp.o
                0x0800189c                HAL_UART_MspInit
 .text.HAL_InitTick
                0x0800193c       0xf8 ./Core/Src/stm32f4xx_hal_timebase_tim.o
                0x0800193c                HAL_InitTick
 .text.NMI_Handler
                0x08001a34        0x8 ./Core/Src/stm32f4xx_it.o
                0x08001a34                NMI_Handler
 .text.HardFault_Handler
                0x08001a3c        0x8 ./Core/Src/stm32f4xx_it.o
                0x08001a3c                HardFault_Handler
 .text.MemManage_Handler
                0x08001a44        0x8 ./Core/Src/stm32f4xx_it.o
                0x08001a44                MemManage_Handler
 .text.BusFault_Handler
                0x08001a4c        0x8 ./Core/Src/stm32f4xx_it.o
                0x08001a4c                BusFault_Handler
 .text.UsageFault_Handler
                0x08001a54        0x8 ./Core/Src/stm32f4xx_it.o
                0x08001a54                UsageFault_Handler
 .text.DebugMon_Handler
                0x08001a5c        0xe ./Core/Src/stm32f4xx_it.o
                0x08001a5c                DebugMon_Handler
 *fill*         0x08001a6a        0x2 
 .text.USART2_IRQHandler
                0x08001a6c       0x14 ./Core/Src/stm32f4xx_it.o
                0x08001a6c                USART2_IRQHandler
 .text.TIM6_DAC_IRQHandler
                0x08001a80       0x14 ./Core/Src/stm32f4xx_it.o
                0x08001a80                TIM6_DAC_IRQHandler
 .text._sbrk    0x08001a94       0x6c ./Core/Src/sysmem.o
                0x08001a94                _sbrk
 .text.SystemInit
                0x08001b00       0x24 ./Core/Src/system_stm32f4xx.o
                0x08001b00                SystemInit
 .text.Reset_Handler
                0x08001b24       0x50 ./Core/Startup/startup_stm32f446retx.o
                0x08001b24                Reset_Handler
 .text.Default_Handler
                0x08001b74        0x2 ./Core/Startup/startup_stm32f446retx.o
                0x08001b74                RTC_Alarm_IRQHandler
                0x08001b74                EXTI2_IRQHandler
                0x08001b74                TIM8_CC_IRQHandler
                0x08001b74                FMPI2C1_EV_IRQHandler
                0x08001b74                SPI4_IRQHandler
                0x08001b74                TIM1_CC_IRQHandler
                0x08001b74                DMA2_Stream5_IRQHandler
                0x08001b74                DMA1_Stream5_IRQHandler
                0x08001b74                PVD_IRQHandler
                0x08001b74                SDIO_IRQHandler
                0x08001b74                TAMP_STAMP_IRQHandler
                0x08001b74                CAN2_RX1_IRQHandler
                0x08001b74                EXTI3_IRQHandler
                0x08001b74                TIM8_TRG_COM_TIM14_IRQHandler
                0x08001b74                TIM1_UP_TIM10_IRQHandler
                0x08001b74                TIM8_UP_TIM13_IRQHandler
                0x08001b74                I2C3_ER_IRQHandler
                0x08001b74                EXTI0_IRQHandler
                0x08001b74                I2C2_EV_IRQHandler
                0x08001b74                DMA1_Stream2_IRQHandler
                0x08001b74                CAN1_RX0_IRQHandler
                0x08001b74                FPU_IRQHandler
                0x08001b74                OTG_HS_WKUP_IRQHandler
                0x08001b74                CAN2_SCE_IRQHandler
                0x08001b74                DMA2_Stream2_IRQHandler
                0x08001b74                SPI1_IRQHandler
                0x08001b74                TIM1_BRK_TIM9_IRQHandler
                0x08001b74                DCMI_IRQHandler
                0x08001b74                CAN2_RX0_IRQHandler
                0x08001b74                DMA2_Stream3_IRQHandler
                0x08001b74                SAI2_IRQHandler
                0x08001b74                USART6_IRQHandler
                0x08001b74                USART3_IRQHandler
                0x08001b74                CAN1_RX1_IRQHandler
                0x08001b74                UART5_IRQHandler
                0x08001b74                DMA2_Stream0_IRQHandler
                0x08001b74                TIM4_IRQHandler
                0x08001b74                QUADSPI_IRQHandler
                0x08001b74                I2C1_EV_IRQHandler
                0x08001b74                DMA1_Stream6_IRQHandler
                0x08001b74                DMA1_Stream1_IRQHandler
                0x08001b74                UART4_IRQHandler
                0x08001b74                TIM3_IRQHandler
                0x08001b74                RCC_IRQHandler
                0x08001b74                TIM8_BRK_TIM12_IRQHandler
                0x08001b74                Default_Handler
                0x08001b74                CEC_IRQHandler
                0x08001b74                EXTI15_10_IRQHandler
                0x08001b74                ADC_IRQHandler
                0x08001b74                DMA1_Stream7_IRQHandler
                0x08001b74                TIM7_IRQHandler
                0x08001b74                CAN2_TX_IRQHandler
                0x08001b74                TIM5_IRQHandler
                0x08001b74                DMA2_Stream7_IRQHandler
                0x08001b74                I2C3_EV_IRQHandler
                0x08001b74                EXTI9_5_IRQHandler
                0x08001b74                RTC_WKUP_IRQHandler
                0x08001b74                SPDIF_RX_IRQHandler
                0x08001b74                SPI2_IRQHandler
                0x08001b74                OTG_HS_EP1_IN_IRQHandler
                0x08001b74                DMA1_Stream0_IRQHandler
                0x08001b74                CAN1_TX_IRQHandler
                0x08001b74                FMPI2C1_ER_IRQHandler
                0x08001b74                EXTI4_IRQHandler
                0x08001b74                OTG_HS_EP1_OUT_IRQHandler
                0x08001b74                WWDG_IRQHandler
                0x08001b74                TIM2_IRQHandler
                0x08001b74                OTG_FS_WKUP_IRQHandler
                0x08001b74                TIM1_TRG_COM_TIM11_IRQHandler
                0x08001b74                OTG_HS_IRQHandler
                0x08001b74                EXTI1_IRQHandler
                0x08001b74                I2C2_ER_IRQHandler
                0x08001b74                DMA2_Stream1_IRQHandler
                0x08001b74                CAN1_SCE_IRQHandler
                0x08001b74                FLASH_IRQHandler
                0x08001b74                DMA2_Stream4_IRQHandler
                0x08001b74                USART1_IRQHandler
                0x08001b74                OTG_FS_IRQHandler
                0x08001b74                SPI3_IRQHandler
                0x08001b74                DMA1_Stream4_IRQHandler
                0x08001b74                I2C1_ER_IRQHandler
                0x08001b74                FMC_IRQHandler
                0x08001b74                DMA2_Stream6_IRQHandler
                0x08001b74                SAI1_IRQHandler
                0x08001b74                DMA1_Stream3_IRQHandler
 *fill*         0x08001b76        0x2 
 .text.HAL_Init
                0x08001b78       0x44 ./Drivers/STM32F4xx_HAL_Driver/Src/stm32f4xx_hal.o
                0x08001b78                HAL_Init
 .text.HAL_IncTick
                0x08001bbc       0x28 ./Drivers/STM32F4xx_HAL_Driver/Src/stm32f4xx_hal.o
                0x08001bbc                HAL_IncTick
 .text.HAL_GetTick
                0x08001be4       0x18 ./Drivers/STM32F4xx_HAL_Driver/Src/stm32f4xx_hal.o
                0x08001be4                HAL_GetTick
 .text.__NVIC_SetPriorityGrouping
                0x08001bfc       0x48 ./Drivers/STM32F4xx_HAL_Driver/Src/stm32f4xx_hal_cortex.o
 .text.__NVIC_GetPriorityGrouping
                0x08001c44       0x1c ./Drivers/STM32F4xx_HAL_Driver/Src/stm32f4xx_hal_cortex.o
 .text.__NVIC_EnableIRQ
                0x08001c60       0x3c ./Drivers/STM32F4xx_HAL_Driver/Src/stm32f4xx_hal_cortex.o
 .text.__NVIC_SetPriority
                0x08001c9c       0x54 ./Drivers/STM32F4xx_HAL_Driver/Src/stm32f4xx_hal_cortex.o
 .text.NVIC_EncodePriority
                0x08001cf0       0x66 ./Drivers/STM32F4xx_HAL_Driver/Src/stm32f4xx_hal_cortex.o
 .text.HAL_NVIC_SetPriorityGrouping
                0x08001d56       0x16 ./Drivers/STM32F4xx_HAL_Driver/Src/stm32f4xx_hal_cortex.o
                0x08001d56                HAL_NVIC_SetPriorityGrouping
 .text.HAL_NVIC_SetPriority
                0x08001d6c       0x38 ./Drivers/STM32F4xx_HAL_Driver/Src/stm32f4xx_hal_cortex.o
                0x08001d6c                HAL_NVIC_SetPriority
 .text.HAL_NVIC_EnableIRQ
                0x08001da4       0x1c ./Drivers/STM32F4xx_HAL_Driver/Src/stm32f4xx_hal_cortex.o
                0x08001da4                HAL_NVIC_EnableIRQ
 .text.HAL_DMA_Abort
                0x08001dc0       0xe0 ./Drivers/STM32F4xx_HAL_Driver/Src/stm32f4xx_hal_dma.o
                0x08001dc0                HAL_DMA_Abort
 .text.HAL_DMA_Abort_IT
                0x08001ea0       0x44 ./Drivers/STM32F4xx_HAL_Driver/Src/stm32f4xx_hal_dma.o
                0x08001ea0                HAL_DMA_Abort_IT
 .text.HAL_GPIO_Init
                0x08001ee4      0x328 ./Drivers/STM32F4xx_HAL_Driver/Src/stm32f4xx_hal_gpio.o
                0x08001ee4                HAL_GPIO_Init
 .text.HAL_GPIO_WritePin
                0x0800220c       0x32 ./Drivers/STM32F4xx_HAL_Driver/Src/stm32f4xx_hal_gpio.o
                0x0800220c                HAL_GPIO_WritePin
 .text.HAL_GPIO_TogglePin
                0x0800223e       0x34 ./Drivers/STM32F4xx_HAL_Driver/Src/stm32f4xx_hal_gpio.o
                0x0800223e                HAL_GPIO_TogglePin
 *fill*         0x08002272        0x2 
 .text.HAL_RCC_ClockConfig
                0x08002274      0x1cc ./Drivers/STM32F4xx_HAL_Driver/Src/stm32f4xx_hal_rcc.o
                0x08002274                HAL_RCC_ClockConfig
 .text.HAL_RCC_GetHCLKFreq
                0x08002440       0x18 ./Drivers/STM32F4xx_HAL_Driver/Src/stm32f4xx_hal_rcc.o
                0x08002440                HAL_RCC_GetHCLKFreq
 .text.HAL_RCC_GetPCLK1Freq
                0x08002458       0x28 ./Drivers/STM32F4xx_HAL_Driver/Src/stm32f4xx_hal_rcc.o
                0x08002458                HAL_RCC_GetPCLK1Freq
 .text.HAL_RCC_GetPCLK2Freq
                0x08002480       0x28 ./Drivers/STM32F4xx_HAL_Driver/Src/stm32f4xx_hal_rcc.o
                0x08002480                HAL_RCC_GetPCLK2Freq
 .text.HAL_RCC_GetClockConfig
                0x080024a8       0x64 ./Drivers/STM32F4xx_HAL_Driver/Src/stm32f4xx_hal_rcc.o
                0x080024a8                HAL_RCC_GetClockConfig
 .text.HAL_RCCEx_PeriphCLKConfig
                0x0800250c      0x654 ./Drivers/STM32F4xx_HAL_Driver/Src/stm32f4xx_hal_rcc_ex.o
                0x0800250c                HAL_RCCEx_PeriphCLKConfig
 .text.HAL_RCC_GetSysClockFreq
                0x08002b60      0x460 ./Drivers/STM32F4xx_HAL_Driver/Src/stm32f4xx_hal_rcc_ex.o
                0x08002b60                HAL_RCC_GetSysClockFreq
 .text.HAL_RCC_OscConfig
                0x08002fc0      0x53c ./Drivers/STM32F4xx_HAL_Driver/Src/stm32f4xx_hal_rcc_ex.o
                0x08002fc0                HAL_RCC_OscConfig
 .text.HAL_RTC_Init
                0x080034fc      0x106 ./Drivers/STM32F4xx_HAL_Driver/Src/stm32f4xx_hal_rtc.o
                0x080034fc                HAL_RTC_Init
 .text.HAL_RTC_SetTime
                0x08003602      0x134 ./Drivers/STM32F4xx_HAL_Driver/Src/stm32f4xx_hal_rtc.o
                0x08003602                HAL_RTC_SetTime
 .text.HAL_RTC_SetDate
                0x08003736      0x108 ./Drivers/STM32F4xx_HAL_Driver/Src/stm32f4xx_hal_rtc.o
                0x08003736                HAL_RTC_SetDate
 *fill*         0x0800383e        0x2 
 .text.HAL_RTC_WaitForSynchro
                0x08003840       0x4c ./Drivers/STM32F4xx_HAL_Driver/Src/stm32f4xx_hal_rtc.o
                0x08003840                HAL_RTC_WaitForSynchro
 .text.RTC_EnterInitMode
                0x0800388c       0x6e ./Drivers/STM32F4xx_HAL_Driver/Src/stm32f4xx_hal_rtc.o
                0x0800388c                RTC_EnterInitMode
 .text.RTC_ExitInitMode
                0x080038fa       0x4a ./Drivers/STM32F4xx_HAL_Driver/Src/stm32f4xx_hal_rtc.o
                0x080038fa                RTC_ExitInitMode
 .text.RTC_ByteToBcd2
                0x08003944       0x3c ./Drivers/STM32F4xx_HAL_Driver/Src/stm32f4xx_hal_rtc.o
                0x08003944                RTC_ByteToBcd2
 .text.HAL_TIM_Base_Init
                0x08003980       0x9e ./Drivers/STM32F4xx_HAL_Driver/Src/stm32f4xx_hal_tim.o
                0x08003980                HAL_TIM_Base_Init
 .text.HAL_TIM_Base_MspInit
                0x08003a1e       0x14 ./Drivers/STM32F4xx_HAL_Driver/Src/stm32f4xx_hal_tim.o
                0x08003a1e                HAL_TIM_Base_MspInit
 *fill*         0x08003a32        0x2 
 .text.HAL_TIM_Base_Start_IT
                0x08003a34       0xe0 ./Drivers/STM32F4xx_HAL_Driver/Src/stm32f4xx_hal_tim.o
                0x08003a34                HAL_TIM_Base_Start_IT
 .text.HAL_TIM_IRQHandler
                0x08003b14      0x1e0 ./Drivers/STM32F4xx_HAL_Driver/Src/stm32f4xx_hal_tim.o
                0x08003b14                HAL_TIM_IRQHandler
 .text.HAL_TIM_OC_DelayElapsedCallback
                0x08003cf4       0x14 ./Drivers/STM32F4xx_HAL_Driver/Src/stm32f4xx_hal_tim.o
                0x08003cf4                HAL_TIM_OC_DelayElapsedCallback
 .text.HAL_TIM_IC_CaptureCallback
                0x08003d08       0x14 ./Drivers/STM32F4xx_HAL_Driver/Src/stm32f4xx_hal_tim.o
                0x08003d08                HAL_TIM_IC_CaptureCallback
 .text.HAL_TIM_PWM_PulseFinishedCallback
                0x08003d1c       0x14 ./Drivers/STM32F4xx_HAL_Driver/Src/stm32f4xx_hal_tim.o
                0x08003d1c                HAL_TIM_PWM_PulseFinishedCallback
 .text.HAL_TIM_TriggerCallback
                0x08003d30       0x14 ./Drivers/STM32F4xx_HAL_Driver/Src/stm32f4xx_hal_tim.o
                0x08003d30                HAL_TIM_TriggerCallback
 .text.TIM_Base_SetConfig
                0x08003d44      0x158 ./Drivers/STM32F4xx_HAL_Driver/Src/stm32f4xx_hal_tim.o
                0x08003d44                TIM_Base_SetConfig
 .text.HAL_TIMEx_CommutCallback
                0x08003e9c       0x14 ./Drivers/STM32F4xx_HAL_Driver/Src/stm32f4xx_hal_tim_ex.o
                0x08003e9c                HAL_TIMEx_CommutCallback
 .text.HAL_TIMEx_BreakCallback
                0x08003eb0       0x14 ./Drivers/STM32F4xx_HAL_Driver/Src/stm32f4xx_hal_tim_ex.o
                0x08003eb0                HAL_TIMEx_BreakCallback
 .text.HAL_UART_Init
                0x08003ec4       0xa0 ./Drivers/STM32F4xx_HAL_Driver/Src/stm32f4xx_hal_uart.o
                0x08003ec4                HAL_UART_Init
 .text.HAL_UART_Transmit
                0x08003f64      0x116 ./Drivers/STM32F4xx_HAL_Driver/Src/stm32f4xx_hal_uart.o
                0x08003f64                HAL_UART_Transmit
 .text.HAL_UART_Receive_IT
                0x0800407a       0x4a ./Drivers/STM32F4xx_HAL_Driver/Src/stm32f4xx_hal_uart.o
                0x0800407a                HAL_UART_Receive_IT
 .text.HAL_UART_IRQHandler
                0x080040c4      0x524 ./Drivers/STM32F4xx_HAL_Driver/Src/stm32f4xx_hal_uart.o
                0x080040c4                HAL_UART_IRQHandler
 .text.HAL_UART_TxCpltCallback
                0x080045e8       0x14 ./Drivers/STM32F4xx_HAL_Driver/Src/stm32f4xx_hal_uart.o
                0x080045e8                HAL_UART_TxCpltCallback
 .text.HAL_UART_ErrorCallback
                0x080045fc       0x14 ./Drivers/STM32F4xx_HAL_Driver/Src/stm32f4xx_hal_uart.o
                0x080045fc                HAL_UART_ErrorCallback
 .text.HAL_UARTEx_RxEventCallback
                0x08004610       0x18 ./Drivers/STM32F4xx_HAL_Driver/Src/stm32f4xx_hal_uart.o
                0x08004610                HAL_UARTEx_RxEventCallback
 .text.UART_WaitOnFlagUntilTimeout
                0x08004628       0xb2 ./Drivers/STM32F4xx_HAL_Driver/Src/stm32f4xx_hal_uart.o
 .text.UART_Start_Receive_IT
                0x080046da       0x74 ./Drivers/STM32F4xx_HAL_Driver/Src/stm32f4xx_hal_uart.o
                0x080046da                UART_Start_Receive_IT
 .text.UART_EndRxTransfer
                0x0800474e       0xc6 ./Drivers/STM32F4xx_HAL_Driver/Src/stm32f4xx_hal_uart.o
 .text.UART_DMAAbortOnError
                0x08004814       0x28 ./Drivers/STM32F4xx_HAL_Driver/Src/stm32f4xx_hal_uart.o
 .text.UART_Transmit_IT
                0x0800483c       0xa0 ./Drivers/STM32F4xx_HAL_Driver/Src/stm32f4xx_hal_uart.o
 .text.UART_EndTransmit_IT
                0x080048dc       0x30 ./Drivers/STM32F4xx_HAL_Driver/Src/stm32f4xx_hal_uart.o
 .text.UART_Receive_IT
                0x0800490c      0x17c ./Drivers/STM32F4xx_HAL_Driver/Src/stm32f4xx_hal_uart.o
 .text.UART_SetConfig
                0x08004a88      0x4e8 ./Drivers/STM32F4xx_HAL_Driver/Src/stm32f4xx_hal_uart.o
 .text.vListInitialise
                0x08004f70       0x40 ./FreeRTOS/source/list.o
                0x08004f70                vListInitialise
 .text.vListInitialiseItem
                0x08004fb0       0x1a ./FreeRTOS/source/list.o
                0x08004fb0                vListInitialiseItem
 .text.vListInsert
                0x08004fca       0x72 ./FreeRTOS/source/list.o
                0x08004fca                vListInsert
 .text.uxListRemove
                0x0800503c       0x54 ./FreeRTOS/source/list.o
                0x0800503c                uxListRemove
 .text.xQueueGenericReset
                0x08005090      0x124 ./FreeRTOS/source/queue.o
                0x08005090                xQueueGenericReset
 .text.xQueueGenericCreate
                0x080051b4       0x9e ./FreeRTOS/source/queue.o
                0x080051b4                xQueueGenericCreate
 .text.prvInitialiseNewQueue
                0x08005252       0x46 ./FreeRTOS/source/queue.o
 .text.xQueueGenericSend
                0x08005298      0x204 ./FreeRTOS/source/queue.o
                0x08005298                xQueueGenericSend
 .text.xQueueGenericSendFromISR
                0x0800549c      0x16c ./FreeRTOS/source/queue.o
                0x0800549c                xQueueGenericSendFromISR
 .text.xQueueReceive
                0x08005608      0x1c4 ./FreeRTOS/source/queue.o
                0x08005608                xQueueReceive
 .text.uxQueueMessagesWaiting
                0x080057cc       0x3e ./FreeRTOS/source/queue.o
                0x080057cc                uxQueueMessagesWaiting
 .text.prvCopyDataToQueue
                0x0800580a       0xd4 ./FreeRTOS/source/queue.o
 .text.prvCopyDataFromQueue
                0x080058de       0x4c ./FreeRTOS/source/queue.o
 .text.prvUnlockQueue
                0x0800592a       0xa4 ./FreeRTOS/source/queue.o
 .text.prvIsQueueEmpty
                0x080059ce       0x2c ./FreeRTOS/source/queue.o
 .text.prvIsQueueFull
                0x080059fa       0x30 ./FreeRTOS/source/queue.o
 .text.xQueueIsQueueFullFromISR
                0x08005a2a       0x4e ./FreeRTOS/source/queue.o
                0x08005a2a                xQueueIsQueueFullFromISR
 .text.vQueueAddToRegistry
                0x08005a78       0xa0 ./FreeRTOS/source/queue.o
                0x08005a78                vQueueAddToRegistry
 .text.vQueueWaitForMessageRestricted
                0x08005b18       0x68 ./FreeRTOS/source/queue.o
                0x08005b18                vQueueWaitForMessageRestricted
 .text.xTaskCreate
                0x08005b80       0x8c ./FreeRTOS/source/tasks.o
                0x08005b80                xTaskCreate
 .text.prvInitialiseNewTask
                0x08005c0c      0x120 ./FreeRTOS/source/tasks.o
 .text.prvAddNewTaskToReadyList
                0x08005d2c      0x12c ./FreeRTOS/source/tasks.o
 .text.vTaskStartScheduler
                0x08005e58       0xa4 ./FreeRTOS/source/tasks.o
                0x08005e58                vTaskStartScheduler
 .text.vTaskSuspendAll
                0x08005efc       0x1c ./FreeRTOS/source/tasks.o
                0x08005efc                vTaskSuspendAll
 .text.xTaskResumeAll
                0x08005f18      0x1f8 ./FreeRTOS/source/tasks.o
                0x08005f18                xTaskResumeAll
 .text.xTaskGetTickCount
                0x08006110       0x20 ./FreeRTOS/source/tasks.o
                0x08006110                xTaskGetTickCount
 .text.uxTaskGetNumberOfTasks
                0x08006130       0x18 ./FreeRTOS/source/tasks.o
                0x08006130                uxTaskGetNumberOfTasks
 .text.xTaskIncrementTick
                0x08006148      0x230 ./FreeRTOS/source/tasks.o
                0x08006148                xTaskIncrementTick
 .text.vTaskSwitchContext
                0x08006378       0xb8 ./FreeRTOS/source/tasks.o
                0x08006378                vTaskSwitchContext
 .text.vTaskPlaceOnEventList
                0x08006430       0x4c ./FreeRTOS/source/tasks.o
                0x08006430                vTaskPlaceOnEventList
 .text.vTaskPlaceOnEventListRestricted
                0x0800647c       0x8c ./FreeRTOS/source/tasks.o
                0x0800647c                vTaskPlaceOnEventListRestricted
 .text.xTaskRemoveFromEventList
                0x08006508      0x1b0 ./FreeRTOS/source/tasks.o
                0x08006508                xTaskRemoveFromEventList
 .text.vTaskInternalSetTimeOutState
                0x080066b8       0x2c ./FreeRTOS/source/tasks.o
                0x080066b8                vTaskInternalSetTimeOutState
 .text.xTaskCheckForTimeOut
                0x080066e4       0xd0 ./FreeRTOS/source/tasks.o
                0x080066e4                xTaskCheckForTimeOut
 .text.vTaskMissedYield
                0x080067b4       0x18 ./FreeRTOS/source/tasks.o
                0x080067b4                vTaskMissedYield
 .text.prvIdleTask
                0x080067cc       0x30 ./FreeRTOS/source/tasks.o
 .text.prvInitialiseTaskLists
                0x080067fc       0x80 ./FreeRTOS/source/tasks.o
 .text.prvCheckTasksWaitingTermination
                0x0800687c       0x5c ./FreeRTOS/source/tasks.o
 .text.prvDeleteTCB
                0x080068d8       0x20 ./FreeRTOS/source/tasks.o
 .text.prvResetNextTaskUnblockTime
                0x080068f8       0x38 ./FreeRTOS/source/tasks.o
 .text.xTaskGetSchedulerState
                0x08006930       0x3c ./FreeRTOS/source/tasks.o
                0x08006930                xTaskGetSchedulerState
 .text.xTaskPriorityDisinherit
                0x0800696c      0x14c ./FreeRTOS/source/tasks.o
                0x0800696c                xTaskPriorityDisinherit
 .text.xTaskGenericNotifyWait
                0x08006ab8      0x100 ./FreeRTOS/source/tasks.o
                0x08006ab8                xTaskGenericNotifyWait
 .text.xTaskGenericNotify
                0x08006bb8      0x24c ./FreeRTOS/source/tasks.o
                0x08006bb8                xTaskGenericNotify
 .text.xTaskGenericNotifyFromISR
                0x08006e04      0x2c0 ./FreeRTOS/source/tasks.o
                0x08006e04                xTaskGenericNotifyFromISR
 .text.prvAddCurrentTaskToDelayedList
                0x080070c4      0x100 ./FreeRTOS/source/tasks.o
 .text.xTimerCreateTimerTask
                0x080071c4       0x68 ./FreeRTOS/source/timers.o
                0x080071c4                xTimerCreateTimerTask
 .text.xTimerCreate
                0x0800722c       0x42 ./FreeRTOS/source/timers.o
                0x0800722c                xTimerCreate
 .text.prvInitialiseNewTimer
                0x0800726e       0x72 ./FreeRTOS/source/timers.o
 .text.xTimerGenericCommand
                0x080072e0       0x9c ./FreeRTOS/source/timers.o
                0x080072e0                xTimerGenericCommand
 .text.prvReloadTimer
                0x0800737c       0x42 ./FreeRTOS/source/timers.o
 *fill*         0x080073be        0x2 
 .text.prvProcessExpiredTimer
                0x080073c0       0x60 ./FreeRTOS/source/timers.o
 .text.prvTimerTask
                0x08007420       0x26 ./FreeRTOS/source/timers.o
 *fill*         0x08007446        0x2 
 .text.prvProcessTimerOrBlockTask
                0x08007448       0x9c ./FreeRTOS/source/timers.o
 .text.prvGetNextExpireTime
                0x080074e4       0x48 ./FreeRTOS/source/timers.o
 .text.prvSampleTimeNow
                0x0800752c       0x40 ./FreeRTOS/source/timers.o
 .text.prvInsertTimerInActiveList
                0x0800756c       0x84 ./FreeRTOS/source/timers.o
 .text.prvProcessReceivedCommands
                0x080075f0      0x184 ./FreeRTOS/source/timers.o
 .text.prvSwitchTimerLists
                0x08007774       0x4c ./FreeRTOS/source/timers.o
 .text.prvCheckForValidListAndQueue
                0x080077c0       0x6c ./FreeRTOS/source/timers.o
 .text.pvTimerGetTimerID
                0x0800782c       0x42 ./FreeRTOS/source/timers.o
                0x0800782c                pvTimerGetTimerID
 *fill*         0x0800786e        0x2 
 .text.pxPortInitialiseStack
                0x08007870       0x68 ./FreeRTOS/source/portable/GCC/ARM_CM4F/port.o
                0x08007870                pxPortInitialiseStack
 .text.prvTaskExitError
                0x080078d8       0x5c ./FreeRTOS/source/portable/GCC/ARM_CM4F/port.o
 *fill*         0x08007934        0xc 
 .text.SVC_Handler
                0x08007940       0x28 ./FreeRTOS/source/portable/GCC/ARM_CM4F/port.o
                0x08007940                SVC_Handler
 .text.prvPortStartFirstTask
                0x08007968       0x2c ./FreeRTOS/source/portable/GCC/ARM_CM4F/port.o
 .text.xPortStartScheduler
                0x08007994      0x148 ./FreeRTOS/source/portable/GCC/ARM_CM4F/port.o
                0x08007994                xPortStartScheduler
 .text.vPortEnterCritical
                0x08007adc       0x64 ./FreeRTOS/source/portable/GCC/ARM_CM4F/port.o
                0x08007adc                vPortEnterCritical
 .text.vPortExitCritical
                0x08007b40       0x54 ./FreeRTOS/source/portable/GCC/ARM_CM4F/port.o
                0x08007b40                vPortExitCritical
 *fill*         0x08007b94        0xc 
 .text.PendSV_Handler
                0x08007ba0       0x68 ./FreeRTOS/source/portable/GCC/ARM_CM4F/port.o
                0x08007ba0                PendSV_Handler
 .text.SysTick_Handler
                0x08007c08       0x44 ./FreeRTOS/source/portable/GCC/ARM_CM4F/port.o
                0x08007c08                SysTick_Handler
 .text.vPortSetupTimerInterrupt
                0x08007c4c       0x48 ./FreeRTOS/source/portable/GCC/ARM_CM4F/port.o
                0x08007c4c                vPortSetupTimerInterrupt
 .text.vPortEnableVFP
                0x08007c94       0x18 ./FreeRTOS/source/portable/GCC/ARM_CM4F/port.o
 .text.vPortValidateInterruptPriority
                0x08007cac       0x84 ./FreeRTOS/source/portable/GCC/ARM_CM4F/port.o
                0x08007cac                vPortValidateInterruptPriority
 .text.pvPortMalloc
                0x08007d30      0x178 ./FreeRTOS/source/portable/MemMang/heap_4.o
                0x08007d30                pvPortMalloc
 .text.vPortFree
                0x08007ea8       0xb4 ./FreeRTOS/source/portable/MemMang/heap_4.o
                0x08007ea8                vPortFree
 .text.prvHeapInit
                0x08007f5c       0xb8 ./FreeRTOS/source/portable/MemMang/heap_4.o
 .text.prvInsertBlockIntoFreeList
                0x08008014       0xb4 ./FreeRTOS/source/portable/MemMang/heap_4.o
 .text.snprintf
                0x080080c8       0x6c /opt/st/stm32cubeide_1.18.0/plugins/com.st.stm32cube.ide.mcu.externaltools.gnu-tools-for-stm32.13.3.rel1.linux64_1.0.0.202410170706/tools/bin/../lib/gcc/arm-none-eabi/13.3.1/../../../../arm-none-eabi/lib/thumb/v7e-m+fp/hard/libc_nano.a(libc_a-snprintf.o)
                0x080080c8                snprintf
                0x080080c8                sniprintf
 .text.memset   0x08008134       0x10 /opt/st/stm32cubeide_1.18.0/plugins/com.st.stm32cube.ide.mcu.externaltools.gnu-tools-for-stm32.13.3.rel1.linux64_1.0.0.202410170706/tools/bin/../lib/gcc/arm-none-eabi/13.3.1/../../../../arm-none-eabi/lib/thumb/v7e-m+fp/hard/libc_nano.a(libc_a-memset.o)
                0x08008134                memset
 .text.__errno  0x08008144        0xc /opt/st/stm32cubeide_1.18.0/plugins/com.st.stm32cube.ide.mcu.externaltools.gnu-tools-for-stm32.13.3.rel1.linux64_1.0.0.202410170706/tools/bin/../lib/gcc/arm-none-eabi/13.3.1/../../../../arm-none-eabi/lib/thumb/v7e-m+fp/hard/libc_nano.a(libc_a-errno.o)
                0x08008144                __errno
 .text.__libc_init_array
                0x08008150       0x48 /opt/st/stm32cubeide_1.18.0/plugins/com.st.stm32cube.ide.mcu.externaltools.gnu-tools-for-stm32.13.3.rel1.linux64_1.0.0.202410170706/tools/bin/../lib/gcc/arm-none-eabi/13.3.1/../../../../arm-none-eabi/lib/thumb/v7e-m+fp/hard/libc_nano.a(libc_a-init.o)
                0x08008150                __libc_init_array
 .text.__retarget_lock_acquire_recursive
                0x08008198        0x2 /opt/st/stm32cubeide_1.18.0/plugins/com.st.stm32cube.ide.mcu.externaltools.gnu-tools-for-stm32.13.3.rel1.linux64_1.0.0.202410170706/tools/bin/../lib/gcc/arm-none-eabi/13.3.1/../../../../arm-none-eabi/lib/thumb/v7e-m+fp/hard/libc_nano.a(libc_a-lock.o)
                0x08008198                __retarget_lock_acquire_recursive
 .text.__retarget_lock_release_recursive
                0x0800819a        0x2 /opt/st/stm32cubeide_1.18.0/plugins/com.st.stm32cube.ide.mcu.externaltools.gnu-tools-for-stm32.13.3.rel1.linux64_1.0.0.202410170706/tools/bin/../lib/gcc/arm-none-eabi/13.3.1/../../../../arm-none-eabi/lib/thumb/v7e-m+fp/hard/libc_nano.a(libc_a-lock.o)
                0x0800819a                __retarget_lock_release_recursive
 .text.memcpy   0x0800819c       0x1c /opt/st/stm32cubeide_1.18.0/plugins/com.st.stm32cube.ide.mcu.externaltools.gnu-tools-for-stm32.13.3.rel1.linux64_1.0.0.202410170706/tools/bin/../lib/gcc/arm-none-eabi/13.3.1/../../../../arm-none-eabi/lib/thumb/v7e-m+fp/hard/libc_nano.a(libc_a-memcpy-stub.o)
                0x0800819c                memcpy
 .text._free_r  0x080081b8       0x94 /opt/st/stm32cubeide_1.18.0/plugins/com.st.stm32cube.ide.mcu.externaltools.gnu-tools-for-stm32.13.3.rel1.linux64_1.0.0.202410170706/tools/bin/../lib/gcc/arm-none-eabi/13.3.1/../../../../arm-none-eabi/lib/thumb/v7e-m+fp/hard/libc_nano.a(libc_a-freer.o)
                0x080081b8                _free_r
 .text.sbrk_aligned
                0x0800824c       0x44 /opt/st/stm32cubeide_1.18.0/plugins/com.st.stm32cube.ide.mcu.externaltools.gnu-tools-for-stm32.13.3.rel1.linux64_1.0.0.202410170706/tools/bin/../lib/gcc/arm-none-eabi/13.3.1/../../../../arm-none-eabi/lib/thumb/v7e-m+fp/hard/libc_nano.a(libc_a-mallocr.o)
 .text._malloc_r
                0x08008290      0x100 /opt/st/stm32cubeide_1.18.0/plugins/com.st.stm32cube.ide.mcu.externaltools.gnu-tools-for-stm32.13.3.rel1.linux64_1.0.0.202410170706/tools/bin/../lib/gcc/arm-none-eabi/13.3.1/../../../../arm-none-eabi/lib/thumb/v7e-m+fp/hard/libc_nano.a(libc_a-mallocr.o)
                0x08008290                _malloc_r
 .text.__malloc_lock
                0x08008390        0xc /opt/st/stm32cubeide_1.18.0/plugins/com.st.stm32cube.ide.mcu.externaltools.gnu-tools-for-stm32.13.3.rel1.linux64_1.0.0.202410170706/tools/bin/../lib/gcc/arm-none-eabi/13.3.1/../../../../arm-none-eabi/lib/thumb/v7e-m+fp/hard/libc_nano.a(libc_a-mlock.o)
                0x08008390                __malloc_lock
 .text.__malloc_unlock
                0x0800839c        0xc /opt/st/stm32cubeide_1.18.0/plugins/com.st.stm32cube.ide.mcu.externaltools.gnu-tools-for-stm32.13.3.rel1.linux64_1.0.0.202410170706/tools/bin/../lib/gcc/arm-none-eabi/13.3.1/../../../../arm-none-eabi/lib/thumb/v7e-m+fp/hard/libc_nano.a(libc_a-mlock.o)
                0x0800839c                __malloc_unlock
 .text.__ssputs_r
                0x080083a8       0xb6 /opt/st/stm32cubeide_1.18.0/plugins/com.st.stm32cube.ide.mcu.externaltools.gnu-tools-for-stm32.13.3.rel1.linux64_1.0.0.202410170706/tools/bin/../lib/gcc/arm-none-eabi/13.3.1/../../../../arm-none-eabi/lib/thumb/v7e-m+fp/hard/libc_nano.a(libc_a-nano-svfprintf.o)
                0x080083a8                __ssputs_r
 *fill*         0x0800845e        0x2 
 .text._svfprintf_r
                0x08008460      0x1f8 /opt/st/stm32cubeide_1.18.0/plugins/com.st.stm32cube.ide.mcu.externaltools.gnu-tools-for-stm32.13.3.rel1.linux64_1.0.0.202410170706/tools/bin/../lib/gcc/arm-none-eabi/13.3.1/../../../../arm-none-eabi/lib/thumb/v7e-m+fp/hard/libc_nano.a(libc_a-nano-svfprintf.o)
                0x08008460                _svfprintf_r
                0x08008460                _svfiprintf_r
 .text._printf_common
                0x08008658       0xda /opt/st/stm32cubeide_1.18.0/plugins/com.st.stm32cube.ide.mcu.externaltools.gnu-tools-for-stm32.13.3.rel1.linux64_1.0.0.202410170706/tools/bin/../lib/gcc/arm-none-eabi/13.3.1/../../../../arm-none-eabi/lib/thumb/v7e-m+fp/hard/libc_nano.a(libc_a-nano-vfprintf_i.o)
                0x08008658                _printf_common
 *fill*         0x08008732        0x2 
 .text._printf_i
                0x08008734      0x23c /opt/st/stm32cubeide_1.18.0/plugins/com.st.stm32cube.ide.mcu.externaltools.gnu-tools-for-stm32.13.3.rel1.linux64_1.0.0.202410170706/tools/bin/../lib/gcc/arm-none-eabi/13.3.1/../../../../arm-none-eabi/lib/thumb/v7e-m+fp/hard/libc_nano.a(libc_a-nano-vfprintf_i.o)
                0x08008734                _printf_i
 .text.memmove  0x08008970       0x34 /opt/st/stm32cubeide_1.18.0/plugins/com.st.stm32cube.ide.mcu.externaltools.gnu-tools-for-stm32.13.3.rel1.linux64_1.0.0.202410170706/tools/bin/../lib/gcc/arm-none-eabi/13.3.1/../../../../arm-none-eabi/lib/thumb/v7e-m+fp/hard/libc_nano.a(libc_a-memmove.o)
                0x08008970                memmove
 .text._sbrk_r  0x080089a4       0x20 /opt/st/stm32cubeide_1.18.0/plugins/com.st.stm32cube.ide.mcu.externaltools.gnu-tools-for-stm32.13.3.rel1.linux64_1.0.0.202410170706/tools/bin/../lib/gcc/arm-none-eabi/13.3.1/../../../../arm-none-eabi/lib/thumb/v7e-m+fp/hard/libc_nano.a(libc_a-sbrkr.o)
                0x080089a4                _sbrk_r
 .text._realloc_r
                0x080089c4       0x5c /opt/st/stm32cubeide_1.18.0/plugins/com.st.stm32cube.ide.mcu.externaltools.gnu-tools-for-stm32.13.3.rel1.linux64_1.0.0.202410170706/tools/bin/../lib/gcc/arm-none-eabi/13.3.1/../../../../arm-none-eabi/lib/thumb/v7e-m+fp/hard/libc_nano.a(libc_a-reallocr.o)
                0x080089c4                _realloc_r
 .text._malloc_usable_size_r
                0x08008a20       0x10 /opt/st/stm32cubeide_1.18.0/plugins/com.st.stm32cube.ide.mcu.externaltools.gnu-tools-for-stm32.13.3.rel1.linux64_1.0.0.202410170706/tools/bin/../lib/gcc/arm-none-eabi/13.3.1/../../../../arm-none-eabi/lib/thumb/v7e-m+fp/hard/libc_nano.a(libc_a-msizer.o)
                0x08008a20                _malloc_usable_size_r
 *(.glue_7)
 .glue_7        0x08008a30        0x0 linker stubs
 *(.glue_7t)
 .glue_7t       0x08008a30        0x0 linker stubs
 *(.eh_frame)
 .eh_frame      0x08008a30        0x0 /opt/st/stm32cubeide_1.18.0/plugins/com.st.stm32cube.ide.mcu.externaltools.gnu-tools-for-stm32.13.3.rel1.linux64_1.0.0.202410170706/tools/bin/../lib/gcc/arm-none-eabi/13.3.1/thumb/v7e-m+fp/hard/crtbegin.o
 *(.init)
 .init          0x08008a30        0x4 /opt/st/stm32cubeide_1.18.0/plugins/com.st.stm32cube.ide.mcu.externaltools.gnu-tools-for-stm32.13.3.rel1.linux64_1.0.0.202410170706/tools/bin/../lib/gcc/arm-none-eabi/13.3.1/thumb/v7e-m+fp/hard/crti.o
                0x08008a30                _init
 .init          0x08008a34        0x8 /opt/st/stm32cubeide_1.18.0/plugins/com.st.stm32cube.ide.mcu.externaltools.gnu-tools-for-stm32.13.3.rel1.linux64_1.0.0.202410170706/tools/bin/../lib/gcc/arm-none-eabi/13.3.1/thumb/v7e-m+fp/hard/crtn.o
 *(.fini)
 .fini          0x08008a3c        0x4 /opt/st/stm32cubeide_1.18.0/plugins/com.st.stm32cube.ide.mcu.externaltools.gnu-tools-for-stm32.13.3.rel1.linux64_1.0.0.202410170706/tools/bin/../lib/gcc/arm-none-eabi/13.3.1/thumb/v7e-m+fp/hard/crti.o
                0x08008a3c                _fini
 .fini          0x08008a40        0x8 /opt/st/stm32cubeide_1.18.0/plugins/com.st.stm32cube.ide.mcu.externaltools.gnu-tools-for-stm32.13.3.rel1.linux64_1.0.0.202410170706/tools/bin/../lib/gcc/arm-none-eabi/13.3.1/thumb/v7e-m+fp/hard/crtn.o
                0x08008a48                        . = ALIGN (0x4)
                0x08008a48                        _etext = .

.vfp11_veneer   0x08008a48        0x0
 .vfp11_veneer  0x08008a48        0x0 linker stubs

.v4_bx          0x08008a48        0x0
 .v4_bx         0x08008a48        0x0 linker stubs

.iplt           0x08008a48        0x0
 .iplt          0x08008a48        0x0 /opt/st/stm32cubeide_1.18.0/plugins/com.st.stm32cube.ide.mcu.externaltools.gnu-tools-for-stm32.13.3.rel1.linux64_1.0.0.202410170706/tools/bin/../lib/gcc/arm-none-eabi/13.3.1/thumb/v7e-m+fp/hard/crtbegin.o

.rodata         0x08008a48      0x770
                0x08008a48                        . = ALIGN (0x4)
 *(.rodata)
 .rodata        0x08008a48       0x8e ./Core/Src/TaskHandler.o
 *fill*         0x08008ad6        0x2 
 .rodata        0x08008ad8      0x630 ./Core/Src/shared_resource.o
 .rodata        0x08009108        0x5 ./FreeRTOS/source/tasks.o
 *fill*         0x0800910d        0x3 
 .rodata        0x08009110        0xd ./FreeRTOS/source/timers.o
 *(.rodata*)
 *fill*         0x0800911d        0x3 
 .rodata._ZTV7RTCTask
                0x08009120        0xc ./Core/Src/TaskHandler.o
                0x08009120                vtable for RTCTask
 .rodata._ZTV7LedTask
                0x0800912c        0xc ./Core/Src/TaskHandler.o
                0x0800912c                vtable for LedTask
 .rodata._ZTV13CmdHandleTask
                0x08009138        0xc ./Core/Src/TaskHandler.o
                0x08009138                vtable for CmdHandleTask
 .rodata._ZTV9PrintTask
                0x08009144        0xc ./Core/Src/TaskHandler.o
                0x08009144                vtable for PrintTask
 .rodata._ZTV8MenuTask
                0x08009150        0xc ./Core/Src/TaskHandler.o
                0x08009150                vtable for MenuTask
 .rodata._ZTV8BaseTask
                0x0800915c        0xc ./Core/Src/TaskHandler.o
                0x0800915c                vtable for BaseTask
 .rodata.AHBPrescTable
                0x08009168       0x10 ./Core/Src/system_stm32f4xx.o
                0x08009168                AHBPrescTable
 .rodata.APBPrescTable
                0x08009178        0x8 ./Core/Src/system_stm32f4xx.o
                0x08009178                APBPrescTable
 .rodata.uxTopUsedPriority
                0x08009180        0x4 ./FreeRTOS/source/tasks.o
                0x08009180                uxTopUsedPriority
 .rodata._svfprintf_r.str1.1
                0x08009184       0x33 /opt/st/stm32cubeide_1.18.0/plugins/com.st.stm32cube.ide.mcu.externaltools.gnu-tools-for-stm32.13.3.rel1.linux64_1.0.0.202410170706/tools/bin/../lib/gcc/arm-none-eabi/13.3.1/../../../../arm-none-eabi/lib/thumb/v7e-m+fp/hard/libc_nano.a(libc_a-nano-svfprintf.o)
                                 0x11 (size before relaxing)
 .rodata._printf_i.str1.1
                0x080091b7       0x22 /opt/st/stm32cubeide_1.18.0/plugins/com.st.stm32cube.ide.mcu.externaltools.gnu-tools-for-stm32.13.3.rel1.linux64_1.0.0.202410170706/tools/bin/../lib/gcc/arm-none-eabi/13.3.1/../../../../arm-none-eabi/lib/thumb/v7e-m+fp/hard/libc_nano.a(libc_a-nano-vfprintf_i.o)
                0x080091dc                        . = ALIGN (0x4)
 *fill*         0x080091b7        0x1 

.ARM.extab      0x080091b8        0x0
                0x080091b8                        . = ALIGN (0x4)
 *(.ARM.extab* .gnu.linkonce.armextab.*)
                0x080091b8                        . = ALIGN (0x4)

.ARM            0x080091b8        0x8
                0x080091b8                        . = ALIGN (0x4)
                0x080091b8                        __exidx_start = .
 *(.ARM.exidx*)
 .ARM.exidx     0x080091b8        0x8 /opt/st/stm32cubeide_1.18.0/plugins/com.st.stm32cube.ide.mcu.externaltools.gnu-tools-for-stm32.13.3.rel1.linux64_1.0.0.202410170706/tools/bin/../lib/gcc/arm-none-eabi/13.3.1/../../../../arm-none-eabi/lib/thumb/v7e-m+fp/hard/libc_nano.a(libc_a-strcmp.o)
 .ARM.exidx     0x080091c0        0x0 /opt/st/stm32cubeide_1.18.0/plugins/com.st.stm32cube.ide.mcu.externaltools.gnu-tools-for-stm32.13.3.rel1.linux64_1.0.0.202410170706/tools/bin/../lib/gcc/arm-none-eabi/13.3.1/../../../../arm-none-eabi/lib/thumb/v7e-m+fp/hard/libc_nano.a(libc_a-strlen.o)
                                  0x8 (size before relaxing)
 .ARM.exidx     0x080091c0        0x0 /opt/st/stm32cubeide_1.18.0/plugins/com.st.stm32cube.ide.mcu.externaltools.gnu-tools-for-stm32.13.3.rel1.linux64_1.0.0.202410170706/tools/bin/../lib/gcc/arm-none-eabi/13.3.1/../../../../arm-none-eabi/lib/thumb/v7e-m+fp/hard/libc_nano.a(libc_a-memchr.o)
                                  0x8 (size before relaxing)
 .ARM.exidx     0x080091c0        0x0 /opt/st/stm32cubeide_1.18.0/plugins/com.st.stm32cube.ide.mcu.externaltools.gnu-tools-for-stm32.13.3.rel1.linux64_1.0.0.202410170706/tools/bin/../lib/gcc/arm-none-eabi/13.3.1/thumb/v7e-m+fp/hard/libgcc.a(_udivmoddi4.o)
                                  0x8 (size before relaxing)
                0x080091c0                        __exidx_end = .
                0x080091c0                        . = ALIGN (0x4)

.preinit_array  0x080091c0        0x0
                0x080091c0                        . = ALIGN (0x4)
                0x080091c0                        PROVIDE (__preinit_array_start = .)
 *(.preinit_array*)
                0x080091c0                        PROVIDE (__preinit_array_end = .)
                0x080091c0                        . = ALIGN (0x4)

.init_array     0x080091c0        0xc
                0x080091c0                        . = ALIGN (0x4)
                0x080091c0                        PROVIDE (__init_array_start = .)
 *(SORT_BY_NAME(.init_array.*))
 *(.init_array*)
 .init_array    0x080091c0        0x4 /opt/st/stm32cubeide_1.18.0/plugins/com.st.stm32cube.ide.mcu.externaltools.gnu-tools-for-stm32.13.3.rel1.linux64_1.0.0.202410170706/tools/bin/../lib/gcc/arm-none-eabi/13.3.1/thumb/v7e-m+fp/hard/crtbegin.o
 .init_array    0x080091c4        0x4 ./Core/Src/TaskHandler.o
 .init_array    0x080091c8        0x4 ./Core/Src/shared_resource.o
                0x080091cc                        PROVIDE (__init_array_end = .)
                0x080091cc                        . = ALIGN (0x4)

.fini_array     0x080091cc        0x4
                0x080091cc                        . = ALIGN (0x4)
                [!provide]                        PROVIDE (__fini_array_start = .)
 *(SORT_BY_NAME(.fini_array.*))
 *(.fini_array*)
 .fini_array    0x080091cc        0x4 /opt/st/stm32cubeide_1.18.0/plugins/com.st.stm32cube.ide.mcu.externaltools.gnu-tools-for-stm32.13.3.rel1.linux64_1.0.0.202410170706/tools/bin/../lib/gcc/arm-none-eabi/13.3.1/thumb/v7e-m+fp/hard/crtbegin.o
                [!provide]                        PROVIDE (__fini_array_end = .)
                0x080091d0                        . = ALIGN (0x4)
                0x080091d0                        _sidata = LOADADDR (.data)

.rel.dyn        0x080091d0        0x0
 .rel.iplt      0x080091d0        0x0 /opt/st/stm32cubeide_1.18.0/plugins/com.st.stm32cube.ide.mcu.externaltools.gnu-tools-for-stm32.13.3.rel1.linux64_1.0.0.202410170706/tools/bin/../lib/gcc/arm-none-eabi/13.3.1/thumb/v7e-m+fp/hard/crtbegin.o

.data           0x20000000       0x94 load address 0x080091d0
                0x20000000                        . = ALIGN (0x4)
                0x20000000                        _sdata = .
 *(.data)
 *(.data*)
 .data._ZN8Messages12menu_messageE
                0x20000000        0x4 ./Core/Src/shared_resource.o
                0x20000000                Messages::menu_message
 .data._ZN8Messages17ledEffect_messageE
                0x20000004        0x4 ./Core/Src/shared_resource.o
                0x20000004                Messages::ledEffect_message
 .data._ZN8Messages15rtcMenu_messageE
                0x20000008        0x4 ./Core/Src/shared_resource.o
                0x20000008                Messages::rtcMenu_message
 .data._ZN8Messages20rtcEnterHour_messageE
                0x2000000c        0x4 ./Core/Src/shared_resource.o
                0x2000000c                Messages::rtcEnterHour_message
 .data._ZN8Messages22rtcEnterMinute_messageE
                0x20000010        0x4 ./Core/Src/shared_resource.o
                0x20000010                Messages::rtcEnterMinute_message
 .data._ZN8Messages22rtcEnterSecond_messageE
                0x20000014        0x4 ./Core/Src/shared_resource.o
                0x20000014                Messages::rtcEnterSecond_message
 .data._ZN8Messages19rtcEnterDay_messageE
                0x20000018        0x4 ./Core/Src/shared_resource.o
                0x20000018                Messages::rtcEnterDay_message
 .data._ZN8Messages21rtcEnterMonth_messageE
                0x2000001c        0x4 ./Core/Src/shared_resource.o
                0x2000001c                Messages::rtcEnterMonth_message
 .data._ZN8Messages20rtcEnterYear_messageE
                0x20000020        0x4 ./Core/Src/shared_resource.o
                0x20000020                Messages::rtcEnterYear_message
 .data._ZN8Messages15invalid_messageE
                0x20000024        0x4 ./Core/Src/shared_resource.o
                0x20000024                Messages::invalid_message
 .data._ZN8Messages17ledEffect_successE
                0x20000028        0x4 ./Core/Src/shared_resource.o
                0x20000028                Messages::ledEffect_success
 .data._ZN8Messages19time_config_successE
                0x2000002c        0x4 ./Core/Src/shared_resource.o
                0x2000002c                Messages::time_config_success
 .data._ZN8Messages19date_config_successE
                0x20000030        0x4 ./Core/Src/shared_resource.o
                0x20000030                Messages::date_config_success
 .data.SystemCoreClock
                0x20000034        0x4 ./Core/Src/system_stm32f4xx.o
                0x20000034                SystemCoreClock
 .data.uwTickPrio
                0x20000038        0x4 ./Drivers/STM32F4xx_HAL_Driver/Src/stm32f4xx_hal.o
                0x20000038                uwTickPrio
 .data.uwTickFreq
                0x2000003c        0x1 ./Drivers/STM32F4xx_HAL_Driver/Src/stm32f4xx_hal.o
                0x2000003c                uwTickFreq
 *fill*         0x2000003d        0x3 
 .data.uxCriticalNesting
                0x20000040        0x4 ./FreeRTOS/source/portable/GCC/ARM_CM4F/port.o
 .data._impure_ptr
                0x20000044        0x4 /opt/st/stm32cubeide_1.18.0/plugins/com.st.stm32cube.ide.mcu.externaltools.gnu-tools-for-stm32.13.3.rel1.linux64_1.0.0.202410170706/tools/bin/../lib/gcc/arm-none-eabi/13.3.1/../../../../arm-none-eabi/lib/thumb/v7e-m+fp/hard/libc_nano.a(libc_a-impure.o)
                0x20000044                _impure_ptr
 .data._impure_data
                0x20000048       0x4c /opt/st/stm32cubeide_1.18.0/plugins/com.st.stm32cube.ide.mcu.externaltools.gnu-tools-for-stm32.13.3.rel1.linux64_1.0.0.202410170706/tools/bin/../lib/gcc/arm-none-eabi/13.3.1/../../../../arm-none-eabi/lib/thumb/v7e-m+fp/hard/libc_nano.a(libc_a-impure.o)
                0x20000048                _impure_data
 *(.RamFunc)
 *(.RamFunc*)
                0x20000094                        . = ALIGN (0x4)
                0x20000094                        _edata = .

.igot.plt       0x20000094        0x0 load address 0x08009264
 .igot.plt      0x20000094        0x0 /opt/st/stm32cubeide_1.18.0/plugins/com.st.stm32cube.ide.mcu.externaltools.gnu-tools-for-stm32.13.3.rel1.linux64_1.0.0.202410170706/tools/bin/../lib/gcc/arm-none-eabi/13.3.1/thumb/v7e-m+fp/hard/crtbegin.o
                0x20000094                        . = ALIGN (0x4)

.bss            0x20000094    0x13090 load address 0x08009264
                0x20000094                        _sbss = .
                0x20000094                        __bss_start__ = _sbss
 *(.bss)
 .bss           0x20000094       0x1c /opt/st/stm32cubeide_1.18.0/plugins/com.st.stm32cube.ide.mcu.externaltools.gnu-tools-for-stm32.13.3.rel1.linux64_1.0.0.202410170706/tools/bin/../lib/gcc/arm-none-eabi/13.3.1/thumb/v7e-m+fp/hard/crtbegin.o
 *(.bss*)
 .bss.timer     0x200000b0       0x10 ./Core/Src/TaskHandler.o
                0x200000b0                timer
 .bss.notify_value
                0x200000c0        0x4 ./Core/Src/TaskHandler.o
                0x200000c0                notify_value
 .bss._ZZN7RTCTask13printDateTimeEvE6buffer
                0x200000c4       0x32 ./Core/Src/TaskHandler.o
 *fill*         0x200000f6        0x2 
 .bss.hrtc      0x200000f8       0x20 ./Core/Src/main.o
                0x200000f8                hrtc
 .bss.huart2    0x20000118       0x48 ./Core/Src/main.o
                0x20000118                huart2
 .bss.user_data
                0x20000160        0x1 ./Core/Src/main.o
                0x20000160                user_data
 .bss._ZN6Shared13current_stateE
                0x20000161        0x1 ./Core/Src/shared_resource.o
                0x20000161                Shared::current_state
 *fill*         0x20000162        0x2 
 .bss.Q_print   0x20000164        0x4 ./Core/Src/shared_resource.o
                0x20000164                Q_print
 .bss.Q_data    0x20000168        0x4 ./Core/Src/shared_resource.o
                0x20000168                Q_data
 .bss.menu_task
                0x2000016c       0x14 ./Core/Src/shared_resource.o
                0x2000016c                menu_task
 .bss.print_task
                0x20000180       0x14 ./Core/Src/shared_resource.o
                0x20000180                print_task
 .bss.cmd_handle_task
                0x20000194       0x14 ./Core/Src/shared_resource.o
                0x20000194                cmd_handle_task
 .bss.led_task  0x200001a8       0x14 ./Core/Src/shared_resource.o
                0x200001a8                led_task
 .bss.rtc_task  0x200001bc       0x2c ./Core/Src/shared_resource.o
                0x200001bc                rtc_task
 .bss.htim6     0x200001e8       0x48 ./Core/Src/stm32f4xx_hal_timebase_tim.o
                0x200001e8                htim6
 .bss.__sbrk_heap_end
                0x20000230        0x4 ./Core/Src/sysmem.o
 .bss.uwTick    0x20000234        0x4 ./Drivers/STM32F4xx_HAL_Driver/Src/stm32f4xx_hal.o
                0x20000234                uwTick
 .bss.xQueueRegistry
                0x20000238       0x40 ./FreeRTOS/source/queue.o
                0x20000238                xQueueRegistry
 .bss.pxCurrentTCB
                0x20000278        0x4 ./FreeRTOS/source/tasks.o
                0x20000278                pxCurrentTCB
 .bss.pxReadyTasksLists
                0x2000027c       0x64 ./FreeRTOS/source/tasks.o
 .bss.xDelayedTaskList1
                0x200002e0       0x14 ./FreeRTOS/source/tasks.o
 .bss.xDelayedTaskList2
                0x200002f4       0x14 ./FreeRTOS/source/tasks.o
 .bss.pxDelayedTaskList
                0x20000308        0x4 ./FreeRTOS/source/tasks.o
 .bss.pxOverflowDelayedTaskList
                0x2000030c        0x4 ./FreeRTOS/source/tasks.o
 .bss.xPendingReadyList
                0x20000310       0x14 ./FreeRTOS/source/tasks.o
 .bss.xTasksWaitingTermination
                0x20000324       0x14 ./FreeRTOS/source/tasks.o
 .bss.uxDeletedTasksWaitingCleanUp
                0x20000338        0x4 ./FreeRTOS/source/tasks.o
 .bss.xSuspendedTaskList
                0x2000033c       0x14 ./FreeRTOS/source/tasks.o
 .bss.uxCurrentNumberOfTasks
                0x20000350        0x4 ./FreeRTOS/source/tasks.o
 .bss.xTickCount
                0x20000354        0x4 ./FreeRTOS/source/tasks.o
 .bss.uxTopReadyPriority
                0x20000358        0x4 ./FreeRTOS/source/tasks.o
 .bss.xSchedulerRunning
                0x2000035c        0x4 ./FreeRTOS/source/tasks.o
 .bss.xPendedTicks
                0x20000360        0x4 ./FreeRTOS/source/tasks.o
 .bss.xYieldPending
                0x20000364        0x4 ./FreeRTOS/source/tasks.o
 .bss.xNumOfOverflows
                0x20000368        0x4 ./FreeRTOS/source/tasks.o
 .bss.uxTaskNumber
                0x2000036c        0x4 ./FreeRTOS/source/tasks.o
 .bss.xNextTaskUnblockTime
                0x20000370        0x4 ./FreeRTOS/source/tasks.o
 .bss.xIdleTaskHandle
                0x20000374        0x4 ./FreeRTOS/source/tasks.o
 .bss.uxSchedulerSuspended
                0x20000378        0x4 ./FreeRTOS/source/tasks.o
 .bss.xActiveTimerList1
                0x2000037c       0x14 ./FreeRTOS/source/timers.o
 .bss.xActiveTimerList2
                0x20000390       0x14 ./FreeRTOS/source/timers.o
 .bss.pxCurrentTimerList
                0x200003a4        0x4 ./FreeRTOS/source/timers.o
 .bss.pxOverflowTimerList
                0x200003a8        0x4 ./FreeRTOS/source/timers.o
 .bss.xTimerQueue
                0x200003ac        0x4 ./FreeRTOS/source/timers.o
 .bss.xTimerTaskHandle
                0x200003b0        0x4 ./FreeRTOS/source/timers.o
 .bss.xLastTime.0
                0x200003b4        0x4 ./FreeRTOS/source/timers.o
 .bss.ucMaxSysCallPriority
                0x200003b8        0x1 ./FreeRTOS/source/portable/GCC/ARM_CM4F/port.o
 *fill*         0x200003b9        0x3 
 .bss.ulMaxPRIGROUPValue
                0x200003bc        0x4 ./FreeRTOS/source/portable/GCC/ARM_CM4F/port.o
 .bss.ucHeap    0x200003c0    0x12c00 ./FreeRTOS/source/portable/MemMang/heap_4.o
 .bss.xStart    0x20012fc0        0x8 ./FreeRTOS/source/portable/MemMang/heap_4.o
 .bss.pxEnd     0x20012fc8        0x4 ./FreeRTOS/source/portable/MemMang/heap_4.o
 .bss.xFreeBytesRemaining
                0x20012fcc        0x4 ./FreeRTOS/source/portable/MemMang/heap_4.o
 .bss.xMinimumEverFreeBytesRemaining
                0x20012fd0        0x4 ./FreeRTOS/source/portable/MemMang/heap_4.o
 .bss.xNumberOfSuccessfulAllocations
                0x20012fd4        0x4 ./FreeRTOS/source/portable/MemMang/heap_4.o
 .bss.xNumberOfSuccessfulFrees
                0x20012fd8        0x4 ./FreeRTOS/source/portable/MemMang/heap_4.o
 .bss.__sf      0x20012fdc      0x138 /opt/st/stm32cubeide_1.18.0/plugins/com.st.stm32cube.ide.mcu.externaltools.gnu-tools-for-stm32.13.3.rel1.linux64_1.0.0.202410170706/tools/bin/../lib/gcc/arm-none-eabi/13.3.1/../../../../arm-none-eabi/lib/thumb/v7e-m+fp/hard/libc_nano.a(libc_a-findfp.o)
                0x20012fdc                __sf
 .bss.errno     0x20013114        0x4 /opt/st/stm32cubeide_1.18.0/plugins/com.st.stm32cube.ide.mcu.externaltools.gnu-tools-for-stm32.13.3.rel1.linux64_1.0.0.202410170706/tools/bin/../lib/gcc/arm-none-eabi/13.3.1/../../../../arm-none-eabi/lib/thumb/v7e-m+fp/hard/libc_nano.a(libc_a-reent.o)
                0x20013114                errno
 .bss.__lock___malloc_recursive_mutex
                0x20013118        0x1 /opt/st/stm32cubeide_1.18.0/plugins/com.st.stm32cube.ide.mcu.externaltools.gnu-tools-for-stm32.13.3.rel1.linux64_1.0.0.202410170706/tools/bin/../lib/gcc/arm-none-eabi/13.3.1/../../../../arm-none-eabi/lib/thumb/v7e-m+fp/hard/libc_nano.a(libc_a-lock.o)
                0x20013118                __lock___malloc_recursive_mutex
 *fill*         0x20013119        0x3 
 .bss.__malloc_sbrk_start
                0x2001311c        0x4 /opt/st/stm32cubeide_1.18.0/plugins/com.st.stm32cube.ide.mcu.externaltools.gnu-tools-for-stm32.13.3.rel1.linux64_1.0.0.202410170706/tools/bin/../lib/gcc/arm-none-eabi/13.3.1/../../../../arm-none-eabi/lib/thumb/v7e-m+fp/hard/libc_nano.a(libc_a-mallocr.o)
                0x2001311c                __malloc_sbrk_start
 .bss.__malloc_free_list
                0x20013120        0x4 /opt/st/stm32cubeide_1.18.0/plugins/com.st.stm32cube.ide.mcu.externaltools.gnu-tools-for-stm32.13.3.rel1.linux64_1.0.0.202410170706/tools/bin/../lib/gcc/arm-none-eabi/13.3.1/../../../../arm-none-eabi/lib/thumb/v7e-m+fp/hard/libc_nano.a(libc_a-mallocr.o)
                0x20013120                __malloc_free_list
 *(COMMON)
                0x20013124                        . = ALIGN (0x4)
                0x20013124                        _ebss = .
                0x20013124                        __bss_end__ = _ebss

._user_heap_stack
                0x20013124      0x604 load address 0x08009264
                0x20013128                        . = ALIGN (0x8)
 *fill*         0x20013124        0x4 
                [!provide]                        PROVIDE (end = .)
                0x20013128                        PROVIDE (_end = .)
                0x20013328                        . = (. + _Min_Heap_Size)
 *fill*         0x20013128      0x200 
                0x20013728                        . = (. + _Min_Stack_Size)
 *fill*         0x20013328      0x400 
                0x20013728                        . = ALIGN (0x8)

/DISCARD/
 libc.a(*)
 libm.a(*)
 libgcc.a(*)

.ARM.attributes
                0x00000000       0x30
 *(.ARM.attributes)
 .ARM.attributes
                0x00000000       0x22 /opt/st/stm32cubeide_1.18.0/plugins/com.st.stm32cube.ide.mcu.externaltools.gnu-tools-for-stm32.13.3.rel1.linux64_1.0.0.202410170706/tools/bin/../lib/gcc/arm-none-eabi/13.3.1/thumb/v7e-m+fp/hard/crti.o
 .ARM.attributes
                0x00000022       0x34 /opt/st/stm32cubeide_1.18.0/plugins/com.st.stm32cube.ide.mcu.externaltools.gnu-tools-for-stm32.13.3.rel1.linux64_1.0.0.202410170706/tools/bin/../lib/gcc/arm-none-eabi/13.3.1/thumb/v7e-m+fp/hard/crtbegin.o
 .ARM.attributes
                0x00000056       0x34 ./Core/Src/FreeRTOS_Timer.o
 .ARM.attributes
                0x0000008a       0x34 ./Core/Src/TaskHandler.o
 .ARM.attributes
                0x000000be       0x34 ./Core/Src/main.o
 .ARM.attributes
                0x000000f2       0x34 ./Core/Src/shared_resource.o
 .ARM.attributes
                0x00000126       0x34 ./Core/Src/stm32f4xx_hal_msp.o
 .ARM.attributes
                0x0000015a       0x34 ./Core/Src/stm32f4xx_hal_timebase_tim.o
 .ARM.attributes
                0x0000018e       0x34 ./Core/Src/stm32f4xx_it.o
 .ARM.attributes
                0x000001c2       0x34 ./Core/Src/sysmem.o
 .ARM.attributes
                0x000001f6       0x34 ./Core/Src/system_stm32f4xx.o
 .ARM.attributes
                0x0000022a       0x21 ./Core/Startup/startup_stm32f446retx.o
 .ARM.attributes
                0x0000024b       0x34 ./Drivers/STM32F4xx_HAL_Driver/Src/stm32f4xx_hal.o
 .ARM.attributes
                0x0000027f       0x34 ./Drivers/STM32F4xx_HAL_Driver/Src/stm32f4xx_hal_cortex.o
 .ARM.attributes
                0x000002b3       0x34 ./Drivers/STM32F4xx_HAL_Driver/Src/stm32f4xx_hal_dma.o
 .ARM.attributes
                0x000002e7       0x34 ./Drivers/STM32F4xx_HAL_Driver/Src/stm32f4xx_hal_gpio.o
 .ARM.attributes
                0x0000031b       0x34 ./Drivers/STM32F4xx_HAL_Driver/Src/stm32f4xx_hal_rcc.o
 .ARM.attributes
                0x0000034f       0x34 ./Drivers/STM32F4xx_HAL_Driver/Src/stm32f4xx_hal_rcc_ex.o
 .ARM.attributes
                0x00000383       0x34 ./Drivers/STM32F4xx_HAL_Driver/Src/stm32f4xx_hal_rtc.o
 .ARM.attributes
                0x000003b7       0x34 ./Drivers/STM32F4xx_HAL_Driver/Src/stm32f4xx_hal_tim.o
 .ARM.attributes
                0x000003eb       0x34 ./Drivers/STM32F4xx_HAL_Driver/Src/stm32f4xx_hal_tim_ex.o
 .ARM.attributes
                0x0000041f       0x34 ./Drivers/STM32F4xx_HAL_Driver/Src/stm32f4xx_hal_uart.o
 .ARM.attributes
                0x00000453       0x34 ./FreeRTOS/source/list.o
 .ARM.attributes
                0x00000487       0x34 ./FreeRTOS/source/queue.o
 .ARM.attributes
                0x000004bb       0x34 ./FreeRTOS/source/tasks.o
 .ARM.attributes
                0x000004ef       0x34 ./FreeRTOS/source/timers.o
 .ARM.attributes
                0x00000523       0x34 ./FreeRTOS/source/portable/GCC/ARM_CM4F/port.o
 .ARM.attributes
                0x00000557       0x34 ./FreeRTOS/source/portable/MemMang/heap_4.o
 .ARM.attributes
                0x0000058b       0x34 /opt/st/stm32cubeide_1.18.0/plugins/com.st.stm32cube.ide.mcu.externaltools.gnu-tools-for-stm32.13.3.rel1.linux64_1.0.0.202410170706/tools/bin/../lib/gcc/arm-none-eabi/13.3.1/../../../../arm-none-eabi/lib/thumb/v7e-m+fp/hard/libc_nano.a(libc_a-findfp.o)
 .ARM.attributes
                0x000005bf       0x34 /opt/st/stm32cubeide_1.18.0/plugins/com.st.stm32cube.ide.mcu.externaltools.gnu-tools-for-stm32.13.3.rel1.linux64_1.0.0.202410170706/tools/bin/../lib/gcc/arm-none-eabi/13.3.1/../../../../arm-none-eabi/lib/thumb/v7e-m+fp/hard/libc_nano.a(libc_a-snprintf.o)
 .ARM.attributes
                0x000005f3       0x34 /opt/st/stm32cubeide_1.18.0/plugins/com.st.stm32cube.ide.mcu.externaltools.gnu-tools-for-stm32.13.3.rel1.linux64_1.0.0.202410170706/tools/bin/../lib/gcc/arm-none-eabi/13.3.1/../../../../arm-none-eabi/lib/thumb/v7e-m+fp/hard/libc_nano.a(libc_a-memset.o)
 .ARM.attributes
                0x00000627       0x34 /opt/st/stm32cubeide_1.18.0/plugins/com.st.stm32cube.ide.mcu.externaltools.gnu-tools-for-stm32.13.3.rel1.linux64_1.0.0.202410170706/tools/bin/../lib/gcc/arm-none-eabi/13.3.1/../../../../arm-none-eabi/lib/thumb/v7e-m+fp/hard/libc_nano.a(libc_a-reent.o)
 .ARM.attributes
                0x0000065b       0x34 /opt/st/stm32cubeide_1.18.0/plugins/com.st.stm32cube.ide.mcu.externaltools.gnu-tools-for-stm32.13.3.rel1.linux64_1.0.0.202410170706/tools/bin/../lib/gcc/arm-none-eabi/13.3.1/../../../../arm-none-eabi/lib/thumb/v7e-m+fp/hard/libc_nano.a(libc_a-impure.o)
 .ARM.attributes
                0x0000068f       0x34 /opt/st/stm32cubeide_1.18.0/plugins/com.st.stm32cube.ide.mcu.externaltools.gnu-tools-for-stm32.13.3.rel1.linux64_1.0.0.202410170706/tools/bin/../lib/gcc/arm-none-eabi/13.3.1/../../../../arm-none-eabi/lib/thumb/v7e-m+fp/hard/libc_nano.a(libc_a-errno.o)
 .ARM.attributes
                0x000006c3       0x34 /opt/st/stm32cubeide_1.18.0/plugins/com.st.stm32cube.ide.mcu.externaltools.gnu-tools-for-stm32.13.3.rel1.linux64_1.0.0.202410170706/tools/bin/../lib/gcc/arm-none-eabi/13.3.1/../../../../arm-none-eabi/lib/thumb/v7e-m+fp/hard/libc_nano.a(libc_a-init.o)
 .ARM.attributes
                0x000006f7       0x34 /opt/st/stm32cubeide_1.18.0/plugins/com.st.stm32cube.ide.mcu.externaltools.gnu-tools-for-stm32.13.3.rel1.linux64_1.0.0.202410170706/tools/bin/../lib/gcc/arm-none-eabi/13.3.1/../../../../arm-none-eabi/lib/thumb/v7e-m+fp/hard/libc_nano.a(libc_a-lock.o)
 .ARM.attributes
                0x0000072b       0x20 /opt/st/stm32cubeide_1.18.0/plugins/com.st.stm32cube.ide.mcu.externaltools.gnu-tools-for-stm32.13.3.rel1.linux64_1.0.0.202410170706/tools/bin/../lib/gcc/arm-none-eabi/13.3.1/../../../../arm-none-eabi/lib/thumb/v7e-m+fp/hard/libc_nano.a(libc_a-strcmp.o)
 .ARM.attributes
                0x0000074b       0x34 /opt/st/stm32cubeide_1.18.0/plugins/com.st.stm32cube.ide.mcu.externaltools.gnu-tools-for-stm32.13.3.rel1.linux64_1.0.0.202410170706/tools/bin/../lib/gcc/arm-none-eabi/13.3.1/../../../../arm-none-eabi/lib/thumb/v7e-m+fp/hard/libc_nano.a(libc_a-memcpy-stub.o)
 .ARM.attributes
                0x0000077f       0x17 /opt/st/stm32cubeide_1.18.0/plugins/com.st.stm32cube.ide.mcu.externaltools.gnu-tools-for-stm32.13.3.rel1.linux64_1.0.0.202410170706/tools/bin/../lib/gcc/arm-none-eabi/13.3.1/../../../../arm-none-eabi/lib/thumb/v7e-m+fp/hard/libc_nano.a(libc_a-strlen.o)
 .ARM.attributes
                0x00000796       0x34 /opt/st/stm32cubeide_1.18.0/plugins/com.st.stm32cube.ide.mcu.externaltools.gnu-tools-for-stm32.13.3.rel1.linux64_1.0.0.202410170706/tools/bin/../lib/gcc/arm-none-eabi/13.3.1/../../../../arm-none-eabi/lib/thumb/v7e-m+fp/hard/libc_nano.a(libc_a-freer.o)
 .ARM.attributes
                0x000007ca       0x34 /opt/st/stm32cubeide_1.18.0/plugins/com.st.stm32cube.ide.mcu.externaltools.gnu-tools-for-stm32.13.3.rel1.linux64_1.0.0.202410170706/tools/bin/../lib/gcc/arm-none-eabi/13.3.1/../../../../arm-none-eabi/lib/thumb/v7e-m+fp/hard/libc_nano.a(libc_a-mallocr.o)
 .ARM.attributes
                0x000007fe       0x34 /opt/st/stm32cubeide_1.18.0/plugins/com.st.stm32cube.ide.mcu.externaltools.gnu-tools-for-stm32.13.3.rel1.linux64_1.0.0.202410170706/tools/bin/../lib/gcc/arm-none-eabi/13.3.1/../../../../arm-none-eabi/lib/thumb/v7e-m+fp/hard/libc_nano.a(libc_a-mlock.o)
 .ARM.attributes
                0x00000832       0x34 /opt/st/stm32cubeide_1.18.0/plugins/com.st.stm32cube.ide.mcu.externaltools.gnu-tools-for-stm32.13.3.rel1.linux64_1.0.0.202410170706/tools/bin/../lib/gcc/arm-none-eabi/13.3.1/../../../../arm-none-eabi/lib/thumb/v7e-m+fp/hard/libc_nano.a(libc_a-nano-svfprintf.o)
 .ARM.attributes
                0x00000866       0x34 /opt/st/stm32cubeide_1.18.0/plugins/com.st.stm32cube.ide.mcu.externaltools.gnu-tools-for-stm32.13.3.rel1.linux64_1.0.0.202410170706/tools/bin/../lib/gcc/arm-none-eabi/13.3.1/../../../../arm-none-eabi/lib/thumb/v7e-m+fp/hard/libc_nano.a(libc_a-nano-vfprintf_i.o)
 .ARM.attributes
                0x0000089a       0x34 /opt/st/stm32cubeide_1.18.0/plugins/com.st.stm32cube.ide.mcu.externaltools.gnu-tools-for-stm32.13.3.rel1.linux64_1.0.0.202410170706/tools/bin/../lib/gcc/arm-none-eabi/13.3.1/../../../../arm-none-eabi/lib/thumb/v7e-m+fp/hard/libc_nano.a(libc_a-memmove.o)
 .ARM.attributes
                0x000008ce       0x34 /opt/st/stm32cubeide_1.18.0/plugins/com.st.stm32cube.ide.mcu.externaltools.gnu-tools-for-stm32.13.3.rel1.linux64_1.0.0.202410170706/tools/bin/../lib/gcc/arm-none-eabi/13.3.1/../../../../arm-none-eabi/lib/thumb/v7e-m+fp/hard/libc_nano.a(libc_a-sbrkr.o)
 .ARM.attributes
                0x00000902       0x1c /opt/st/stm32cubeide_1.18.0/plugins/com.st.stm32cube.ide.mcu.externaltools.gnu-tools-for-stm32.13.3.rel1.linux64_1.0.0.202410170706/tools/bin/../lib/gcc/arm-none-eabi/13.3.1/../../../../arm-none-eabi/lib/thumb/v7e-m+fp/hard/libc_nano.a(libc_a-memchr.o)
 .ARM.attributes
                0x0000091e       0x34 /opt/st/stm32cubeide_1.18.0/plugins/com.st.stm32cube.ide.mcu.externaltools.gnu-tools-for-stm32.13.3.rel1.linux64_1.0.0.202410170706/tools/bin/../lib/gcc/arm-none-eabi/13.3.1/../../../../arm-none-eabi/lib/thumb/v7e-m+fp/hard/libc_nano.a(libc_a-reallocr.o)
 .ARM.attributes
                0x00000952       0x34 /opt/st/stm32cubeide_1.18.0/plugins/com.st.stm32cube.ide.mcu.externaltools.gnu-tools-for-stm32.13.3.rel1.linux64_1.0.0.202410170706/tools/bin/../lib/gcc/arm-none-eabi/13.3.1/../../../../arm-none-eabi/lib/thumb/v7e-m+fp/hard/libc_nano.a(libc_a-msizer.o)
 .ARM.attributes
                0x00000986       0x22 /opt/st/stm32cubeide_1.18.0/plugins/com.st.stm32cube.ide.mcu.externaltools.gnu-tools-for-stm32.13.3.rel1.linux64_1.0.0.202410170706/tools/bin/../lib/gcc/arm-none-eabi/13.3.1/thumb/v7e-m+fp/hard/libgcc.a(_aeabi_uldivmod.o)
 .ARM.attributes
                0x000009a8       0x34 /opt/st/stm32cubeide_1.18.0/plugins/com.st.stm32cube.ide.mcu.externaltools.gnu-tools-for-stm32.13.3.rel1.linux64_1.0.0.202410170706/tools/bin/../lib/gcc/arm-none-eabi/13.3.1/thumb/v7e-m+fp/hard/libgcc.a(_udivmoddi4.o)
 .ARM.attributes
                0x000009dc       0x22 /opt/st/stm32cubeide_1.18.0/plugins/com.st.stm32cube.ide.mcu.externaltools.gnu-tools-for-stm32.13.3.rel1.linux64_1.0.0.202410170706/tools/bin/../lib/gcc/arm-none-eabi/13.3.1/thumb/v7e-m+fp/hard/libgcc.a(_dvmd_tls.o)
 .ARM.attributes
                0x000009fe       0x22 /opt/st/stm32cubeide_1.18.0/plugins/com.st.stm32cube.ide.mcu.externaltools.gnu-tools-for-stm32.13.3.rel1.linux64_1.0.0.202410170706/tools/bin/../lib/gcc/arm-none-eabi/13.3.1/thumb/v7e-m+fp/hard/crtn.o
OUTPUT(FreeRTOS_plus2.elf elf32-littlearm)
LOAD linker stubs
LOAD /opt/st/stm32cubeide_1.18.0/plugins/com.st.stm32cube.ide.mcu.externaltools.gnu-tools-for-stm32.13.3.rel1.linux64_1.0.0.202410170706/tools/bin/../lib/gcc/arm-none-eabi/13.3.1/../../../../arm-none-eabi/lib/thumb/v7e-m+fp/hard/libc.a
LOAD /opt/st/stm32cubeide_1.18.0/plugins/com.st.stm32cube.ide.mcu.externaltools.gnu-tools-for-stm32.13.3.rel1.linux64_1.0.0.202410170706/tools/bin/../lib/gcc/arm-none-eabi/13.3.1/../../../../arm-none-eabi/lib/thumb/v7e-m+fp/hard/libm.a
LOAD /opt/st/stm32cubeide_1.18.0/plugins/com.st.stm32cube.ide.mcu.externaltools.gnu-tools-for-stm32.13.3.rel1.linux64_1.0.0.202410170706/tools/bin/../lib/gcc/arm-none-eabi/13.3.1/thumb/v7e-m+fp/hard/libgcc.a

.debug_info     0x00000000    0x187ad
 .debug_info    0x00000000      0x376 ./Core/Src/FreeRTOS_Timer.o
 .debug_info    0x00000376     0x2509 ./Core/Src/TaskHandler.o
 .debug_info    0x0000287f     0x1a8f ./Core/Src/main.o
 .debug_info    0x0000430e      0xc79 ./Core/Src/shared_resource.o
 .debug_info    0x00004f87     0x1125 ./Core/Src/stm32f4xx_hal_msp.o
 .debug_info    0x000060ac      0xc44 ./Core/Src/stm32f4xx_hal_timebase_tim.o
 .debug_info    0x00006cf0      0x95a ./Core/Src/stm32f4xx_it.o
 .debug_info    0x0000764a      0x168 ./Core/Src/sysmem.o
 .debug_info    0x000077b2      0x54a ./Core/Src/system_stm32f4xx.o
 .debug_info    0x00007cfc       0x30 ./Core/Startup/startup_stm32f446retx.o
 .debug_info    0x00007d2c      0x99a ./Drivers/STM32F4xx_HAL_Driver/Src/stm32f4xx_hal.o
 .debug_info    0x000086c6      0xdaa ./Drivers/STM32F4xx_HAL_Driver/Src/stm32f4xx_hal_cortex.o
 .debug_info    0x00009470      0x8e7 ./Drivers/STM32F4xx_HAL_Driver/Src/stm32f4xx_hal_dma.o
 .debug_info    0x00009d57      0x70b ./Drivers/STM32F4xx_HAL_Driver/Src/stm32f4xx_hal_gpio.o
 .debug_info    0x0000a462      0x8eb ./Drivers/STM32F4xx_HAL_Driver/Src/stm32f4xx_hal_rcc.o
 .debug_info    0x0000ad4d      0x956 ./Drivers/STM32F4xx_HAL_Driver/Src/stm32f4xx_hal_rcc_ex.o
 .debug_info    0x0000b6a3      0xc20 ./Drivers/STM32F4xx_HAL_Driver/Src/stm32f4xx_hal_rtc.o
 .debug_info    0x0000c2c3     0x299d ./Drivers/STM32F4xx_HAL_Driver/Src/stm32f4xx_hal_tim.o
 .debug_info    0x0000ec60     0x14db ./Drivers/STM32F4xx_HAL_Driver/Src/stm32f4xx_hal_tim_ex.o
 .debug_info    0x0001013b     0x2f4f ./Drivers/STM32F4xx_HAL_Driver/Src/stm32f4xx_hal_uart.o
 .debug_info    0x0001308a      0x2af ./FreeRTOS/source/list.o
 .debug_info    0x00013339     0x184f ./FreeRTOS/source/queue.o
 .debug_info    0x00014b88     0x2401 ./FreeRTOS/source/tasks.o
 .debug_info    0x00016f89      0xe20 ./FreeRTOS/source/timers.o
 .debug_info    0x00017da9      0x4e1 ./FreeRTOS/source/portable/GCC/ARM_CM4F/port.o
 .debug_info    0x0001828a      0x523 ./FreeRTOS/source/portable/MemMang/heap_4.o

.debug_abbrev   0x00000000     0x3ca2
 .debug_abbrev  0x00000000      0x18d ./Core/Src/FreeRTOS_Timer.o
 .debug_abbrev  0x0000018d      0x564 ./Core/Src/TaskHandler.o
 .debug_abbrev  0x000006f1      0x430 ./Core/Src/main.o
 .debug_abbrev  0x00000b21      0x2c8 ./Core/Src/shared_resource.o
 .debug_abbrev  0x00000de9      0x210 ./Core/Src/stm32f4xx_hal_msp.o
 .debug_abbrev  0x00000ff9      0x1f4 ./Core/Src/stm32f4xx_hal_timebase_tim.o
 .debug_abbrev  0x000011ed      0x189 ./Core/Src/stm32f4xx_it.o
 .debug_abbrev  0x00001376       0xbc ./Core/Src/sysmem.o
 .debug_abbrev  0x00001432      0x11a ./Core/Src/system_stm32f4xx.o
 .debug_abbrev  0x0000154c       0x24 ./Core/Startup/startup_stm32f446retx.o
 .debug_abbrev  0x00001570      0x214 ./Drivers/STM32F4xx_HAL_Driver/Src/stm32f4xx_hal.o
 .debug_abbrev  0x00001784      0x31d ./Drivers/STM32F4xx_HAL_Driver/Src/stm32f4xx_hal_cortex.o
 .debug_abbrev  0x00001aa1      0x264 ./Drivers/STM32F4xx_HAL_Driver/Src/stm32f4xx_hal_dma.o
 .debug_abbrev  0x00001d05      0x1d4 ./Drivers/STM32F4xx_HAL_Driver/Src/stm32f4xx_hal_gpio.o
 .debug_abbrev  0x00001ed9      0x2b7 ./Drivers/STM32F4xx_HAL_Driver/Src/stm32f4xx_hal_rcc.o
 .debug_abbrev  0x00002190      0x20a ./Drivers/STM32F4xx_HAL_Driver/Src/stm32f4xx_hal_rcc_ex.o
 .debug_abbrev  0x0000239a      0x1ee ./Drivers/STM32F4xx_HAL_Driver/Src/stm32f4xx_hal_rtc.o
 .debug_abbrev  0x00002588      0x278 ./Drivers/STM32F4xx_HAL_Driver/Src/stm32f4xx_hal_tim.o
 .debug_abbrev  0x00002800      0x283 ./Drivers/STM32F4xx_HAL_Driver/Src/stm32f4xx_hal_tim_ex.o
 .debug_abbrev  0x00002a83      0x30e ./Drivers/STM32F4xx_HAL_Driver/Src/stm32f4xx_hal_uart.o
 .debug_abbrev  0x00002d91       0xf5 ./FreeRTOS/source/list.o
 .debug_abbrev  0x00002e86      0x323 ./FreeRTOS/source/queue.o
 .debug_abbrev  0x000031a9      0x37e ./FreeRTOS/source/tasks.o
 .debug_abbrev  0x00003527      0x2cb ./FreeRTOS/source/timers.o
 .debug_abbrev  0x000037f2      0x25a ./FreeRTOS/source/portable/GCC/ARM_CM4F/port.o
 .debug_abbrev  0x00003a4c      0x256 ./FreeRTOS/source/portable/MemMang/heap_4.o

.debug_aranges  0x00000000     0x14d0
 .debug_aranges
                0x00000000       0x38 ./Core/Src/FreeRTOS_Timer.o
 .debug_aranges
                0x00000038      0x140 ./Core/Src/TaskHandler.o
 .debug_aranges
                0x00000178       0x88 ./Core/Src/main.o
 .debug_aranges
                0x00000200       0x38 ./Core/Src/shared_resource.o
 .debug_aranges
                0x00000238       0x40 ./Core/Src/stm32f4xx_hal_msp.o
 .debug_aranges
                0x00000278       0x30 ./Core/Src/stm32f4xx_hal_timebase_tim.o
 .debug_aranges
                0x000002a8       0x58 ./Core/Src/stm32f4xx_it.o
 .debug_aranges
                0x00000300       0x20 ./Core/Src/sysmem.o
 .debug_aranges
                0x00000320       0x28 ./Core/Src/system_stm32f4xx.o
 .debug_aranges
                0x00000348       0x28 ./Core/Startup/startup_stm32f446retx.o
 .debug_aranges
                0x00000370       0xf0 ./Drivers/STM32F4xx_HAL_Driver/Src/stm32f4xx_hal.o
 .debug_aranges
                0x00000460      0x130 ./Drivers/STM32F4xx_HAL_Driver/Src/stm32f4xx_hal_cortex.o
 .debug_aranges
                0x00000590       0x90 ./Drivers/STM32F4xx_HAL_Driver/Src/stm32f4xx_hal_dma.o
 .debug_aranges
                0x00000620       0x58 ./Drivers/STM32F4xx_HAL_Driver/Src/stm32f4xx_hal_gpio.o
 .debug_aranges
                0x00000678       0x88 ./Drivers/STM32F4xx_HAL_Driver/Src/stm32f4xx_hal_rcc.o
 .debug_aranges
                0x00000700       0x78 ./Drivers/STM32F4xx_HAL_Driver/Src/stm32f4xx_hal_rcc_ex.o
 .debug_aranges
                0x00000778       0xe8 ./Drivers/STM32F4xx_HAL_Driver/Src/stm32f4xx_hal_rtc.o
 .debug_aranges
                0x00000860      0x3d0 ./Drivers/STM32F4xx_HAL_Driver/Src/stm32f4xx_hal_tim.o
 .debug_aranges
                0x00000c30      0x168 ./Drivers/STM32F4xx_HAL_Driver/Src/stm32f4xx_hal_tim_ex.o
 .debug_aranges
                0x00000d98      0x208 ./Drivers/STM32F4xx_HAL_Driver/Src/stm32f4xx_hal_uart.o
 .debug_aranges
                0x00000fa0       0x40 ./FreeRTOS/source/list.o
 .debug_aranges
                0x00000fe0      0x130 ./FreeRTOS/source/queue.o
 .debug_aranges
                0x00001110      0x1f8 ./FreeRTOS/source/tasks.o
 .debug_aranges
                0x00001308       0xe8 ./FreeRTOS/source/timers.o
 .debug_aranges
                0x000013f0       0x80 ./FreeRTOS/source/portable/GCC/ARM_CM4F/port.o
 .debug_aranges
                0x00001470       0x60 ./FreeRTOS/source/portable/MemMang/heap_4.o

.debug_rnglists
                0x00000000     0x101e
 .debug_rnglists
                0x00000000       0x25 ./Core/Src/FreeRTOS_Timer.o
 .debug_rnglists