../Core/Src/main.c:95:5:main	56	static,ignoring_inline_asm
../Core/Src/main.c:186:6:SystemClock_Config	88	static
../Core/Src/main.c:236:13:MX_RTC_Init	8	static
../Core/Src/main.c:271:13:MX_USART2_UART_Init	8	static
../Core/Src/main.c:304:13:MX_GPIO_Init	48	static
../Core/Src/main.c:350:6:LedEffectCallBackFunc	24	static
../Core/Src/main.c:364:6:HAL_UART_RxCpltCallback	24	static
../Core/Src/main.c:406:6:HAL_TIM_PeriodElapsedCallback	16	static
../Core/Src/main.c:424:6:Error_Handler	4	static,ignoring_inline_asm
